Evaluation results in seq [95m00[0m
| Methods   |   # static |   # dynamics |   SA [%] ↑ |   DA [%] ↑ |   AA [%] ↑ |   HA [%] ↑ |
|-----------+------------+--------------+------------+------------+------------+------------|
| dufomap   |   16915846 |       446384 |    97.9635 |    98.7196 |    98.3408 |    98.3401 |
| beautymap |   16741730 |       620500 |    96.9529 |    98.3382 |    97.6431 |    97.6407 |
Evaluation results in seq [95m05[0m
| Methods   |   # static |   # dynamics |   SA [%] ↑ |   DA [%] ↑ |   AA [%] ↑ |   HA [%] ↑ |
|-----------+------------+--------------+------------+------------+------------+------------|
| dufomap   |   38228116 |      1721201 |    97.3035 |    96.7986 |    97.0507 |    97.0504 |
| beautymap |   38018036 |      1931281 |    96.7933 |    98.2248 |    97.5065 |    97.5038 |
Evaluation results in seq [95mav2[0m
| Methods   |   # static |   # dynamics |   SA [%] ↑ |   DA [%] ↑ |   AA [%] ↑ |   HA [%] ↑ |
|-----------+------------+--------------+------------+------------+------------+------------|
| dufomap   |   54268625 |      2252240 |    96.6651 |    88.8985 |    92.7005 |    92.6193 |
| beautymap |   51893055 |      4627810 |    92.4013 |    85.1671 |    88.7105 |    88.6369 |
Evaluation results in seq [95msemindoor[0m
| Methods   |   # static |   # dynamics |   SA [%] ↑ |   DA [%] ↑ |   AA [%] ↑ |   HA [%] ↑ |
|-----------+------------+--------------+------------+------------+------------+------------|
| dufomap   |   25948301 |       566021 |    99.6373 |    83.0049 |    90.9417 |    90.5638 |
| beautymap |   24645581 |      1868741 |    94.7785 |    90.4048 |    92.5659 |    92.54   |
Time cost: 20.39s
