semantic_segmentation is powered by Hydra.

== Configuration groups ==
Compose your configuration from those groups (group=option)



== Config ==
Override anything in the config (foo.bar=value)

main:
  device: cuda
  dataset: replica
  scene_id: office0
  dataset_path: /data/SOME_USERNAME/hm3dsem_walks/val/00824-Dd4bFSTQ8gi
  save_path: /data/SOME_USERNAME/hovsg/
models:
  clip:
    type: ViT-H-14
    checkpoint: checkpoints/laion2b_s32b_b79k.bin
  sam:
    checkpoint: checkpoints/sam_vit_h_4b8939.pth
    type: vit_h
    points_per_side: 12
    pred_iou_thresh: 0.88
    points_per_batch: 144
    crop_n_layers: 0
    stability_score_thresh: 0.95
    min_mask_region_area: 100
pipeline:
  voxel_size: 0.02
  skip_frames: 10
  init_overlap_thresh: 0.75
  overlap_thresh_factor: 0.025
  iou_thresh: 0.05
  clip_masked_weight: 0.4418
  clip_bbox_margin: 50
  feature_dbscan_eps: 0.01
  max_mask_distance: 10000
  min_pcd_points: 100
  depth_weighting: false
  grid_resolution: 0.05
  merge_type: hierarchical
  save_intermediate_results: false
  obj_labels: HM3DSEM_LABELS
  merge_objects_graph: false


Powered by Hydra (https://hydra.cc)
Use --hydra-help to view Hydra specific help


