cfslam_pipeline_batch is powered by Hydra.

== Configuration groups ==
Compose your configuration from those groups (group=option)



== Config ==
Override anything in the config (foo.bar=value)

dataset_root: /home/kuwajerw/NAS3/MyStuff/Projects/gradslam-vlm/data/ai2thor/
dataset_config: /home/kuwajerw/repos/CFSLAM/cfslam/dataset/dataconfigs/ai2thor/ai2thor.yaml
scene_id: train_3_interact
start: 0
end: -1
stride: 1
image_height: null
image_width: null
gsa_variant: ram
detection_folder_name: gsa_detections_${gsa_variant}
det_vis_folder_name: gsa_vis_${gsa_variant}
color_file_name: gsa_classes_${gsa_variant}
device: cuda
use_iou: true
spatial_sim_type: iou
phys_bias: 0.0
match_method: sep_thresh
semantic_threshold: 0.5
physical_threshold: 0.5
sim_threshold: 0
use_contain_number: false
contain_area_thresh: 0.95
contain_mismatch_penalty: 0.5
mask_area_threshold: 25
mask_conf_threshold: 0.2
max_bbox_area_ratio: 1.0
skip_bg: true
min_points_threshold: 16
downsample_voxel_size: 0.025
dbscan_remove_noise: true
dbscan_eps: 0.05
dbscan_min_points: 10
obj_min_points: 0
obj_min_detections: 3
merge_overlap_thresh: 0.7
merge_visual_sim_thresh: 0.7
merge_text_sim_thresh: 0.7
denoise_interval: 20
filter_interval: -1
merge_interval: -1
save_pcd: true
save_suffix: exp
vis_render: false
debug_render: false
class_agnostic: false
save_objects_all_frames: false
render_camera_path: replica_room0.json


Powered by Hydra (https://hydra.cc)
Use --hydra-help to view Hydra specific help


