Running scope as unit: slam-author-cg-office1-allocator-smoke-01.scope
final text_encoder_type: bert-base-uncased
Done! Execution time of get_dataset function: 0.07 seconds
/encoder/layer/0/crossattention/self/query is tied
/encoder/layer/0/crossattention/self/key is tied
/encoder/layer/0/crossattention/self/value is tied
/encoder/layer/0/crossattention/output/dense is tied
/encoder/layer/0/crossattention/output/LayerNorm is tied
/encoder/layer/0/intermediate/dense is tied
/encoder/layer/0/output/dense is tied
/encoder/layer/0/output/LayerNorm is tied
/encoder/layer/1/crossattention/self/query is tied
/encoder/layer/1/crossattention/self/key is tied
/encoder/layer/1/crossattention/self/value is tied
/encoder/layer/1/crossattention/output/dense is tied
/encoder/layer/1/crossattention/output/LayerNorm is tied
/encoder/layer/1/intermediate/dense is tied
/encoder/layer/1/output/dense is tied
/encoder/layer/1/output/LayerNorm is tied
--------------
/home/qzl/projects/SLAM_Author_Originals/dependencies/Grounded-Segment-Anything/./ram_swin_large_14m.pth
--------------
load checkpoint from /home/qzl/projects/SLAM_Author_Originals/dependencies/Grounded-Segment-Anything/./ram_swin_large_14m.pth
vit: swin_l
ram will be used to detect classes. 
  0%|          | 0/1 [00:00<?, ?it/s]