Oct 08 23:56:01 DESKTOP-GI2390C kernel: python invoked oom-killer: gfp_mask=0xcc0(GFP_KERNEL), order=0, oom_score_adj=0
Oct 08 23:56:01 DESKTOP-GI2390C kernel: CPU: 5 UID: 1000 PID: 16260 Comm: python Not tainted 6.18.40.1-microsoft-standard-WSL2 #1 PREEMPT(none) 
Oct 08 23:56:01 DESKTOP-GI2390C kernel: Call Trace:
Oct 08 23:56:01 DESKTOP-GI2390C kernel:  <TASK>
Oct 08 23:56:01 DESKTOP-GI2390C kernel:  dump_stack_lvl+0x5f/0x80
Oct 08 23:56:01 DESKTOP-GI2390C kernel:  dump_stack+0x14/0x20
Oct 08 23:56:01 DESKTOP-GI2390C kernel:  dump_header+0x48/0x170
Oct 08 23:56:01 DESKTOP-GI2390C kernel:  oom_kill_process+0x106/0x230
Oct 08 23:56:01 DESKTOP-GI2390C kernel:  out_of_memory+0x255/0x570
Oct 08 23:56:01 DESKTOP-GI2390C kernel:  mem_cgroup_out_of_memory+0xc1/0x100
Oct 08 23:56:01 DESKTOP-GI2390C kernel:  try_charge_memcg+0x42a/0x690
Oct 08 23:56:01 DESKTOP-GI2390C kernel:  charge_memcg+0x34/0x80
Oct 08 23:56:01 DESKTOP-GI2390C kernel:  __mem_cgroup_charge+0x31/0x90
Oct 08 23:56:01 DESKTOP-GI2390C kernel:  do_anonymous_page+0x3e1/0xa70
Oct 08 23:56:01 DESKTOP-GI2390C kernel:  ? ___pte_offset_map+0x20/0x120
Oct 08 23:56:01 DESKTOP-GI2390C kernel:  __handle_mm_fault+0x82b/0x880
Oct 08 23:56:01 DESKTOP-GI2390C kernel:  handle_mm_fault+0x175/0x340
Oct 08 23:56:01 DESKTOP-GI2390C kernel:  do_user_addr_fault+0x174/0x710
Oct 08 23:56:01 DESKTOP-GI2390C kernel:  exc_page_fault+0x6d/0x140
Oct 08 23:56:01 DESKTOP-GI2390C kernel:  asm_exc_page_fault+0x2b/0x30
Oct 08 23:56:01 DESKTOP-GI2390C kernel: RIP: 0033:0x743b6b9a6c15
Oct 08 23:56:01 DESKTOP-GI2390C kernel: Code: f7 05 a3 a9 07 00 01 00 00 00 74 a9 83 f9 c0 0f 87 46 fe ff ff 48 29 fe 48 83 c7 3f 49 8d 0c 10 48 83 e7 c0 48 01 fe 48 29 f9 <f3> a4 62 c1 fe 48 7f 00 c3 66 90 48 3b 15 d1 37 07 00 0f 82 ff fd
Oct 08 23:56:01 DESKTOP-GI2390C kernel: RSP: 002b:00007ffc842bbc18 EFLAGS: 00010202
Oct 08 23:56:01 DESKTOP-GI2390C kernel: RAX: 00005efa1d9a8030 RBX: 00000000000c7380 RCX: 000000000004b3b0
Oct 08 23:56:01 DESKTOP-GI2390C kernel: RDX: 00000000000c7380 RSI: 00005ef79cf4c190 RDI: 00005efa1da24000
Oct 08 23:56:01 DESKTOP-GI2390C kernel: RBP: 00005ef79ced01c0 R08: 00005efa1d9a8030 R09: 00005efa1d9a8010
Oct 08 23:56:01 DESKTOP-GI2390C kernel: R10: 00005efa1d9c9000 R11: 00005ef401f3a3f8 R12: 00005efa1d9a8010
Oct 08 23:56:01 DESKTOP-GI2390C kernel: R13: 00000000000c73a1 R14: 0000743a2c18f830 R15: 0000000000000000
Oct 08 23:56:01 DESKTOP-GI2390C kernel:  </TASK>
Oct 08 23:56:01 DESKTOP-GI2390C kernel: memory: usage 17825792kB, limit 17825792kB, failcnt 97267
Oct 08 23:56:01 DESKTOP-GI2390C kernel: swap: usage 10485760kB, limit 10485760kB, failcnt 1950
Oct 08 23:56:01 DESKTOP-GI2390C kernel: Memory cgroup stats for /wsl-user/distro-628/user.slice/user-1000.slice/user@1000.service/app.slice/slam-author-conceptgraphs-room0-batch16-stages-03-mapping.scope:
Oct 08 23:56:01 DESKTOP-GI2390C kernel: anon 18149113856
Oct 08 23:56:01 DESKTOP-GI2390C kernel: file 77824
Oct 08 23:56:01 DESKTOP-GI2390C kernel: kernel 63262720
Oct 08 23:56:01 DESKTOP-GI2390C kernel: kernel_stack 458752
Oct 08 23:56:01 DESKTOP-GI2390C kernel: pagetables 57073664
Oct 08 23:56:01 DESKTOP-GI2390C kernel: sec_pagetables 0
Oct 08 23:56:01 DESKTOP-GI2390C kernel: percpu 160
Oct 08 23:56:01 DESKTOP-GI2390C kernel: sock 0
Oct 08 23:56:01 DESKTOP-GI2390C kernel: vmalloc 0
Oct 08 23:56:01 DESKTOP-GI2390C kernel: shmem 4096
Oct 08 23:56:01 DESKTOP-GI2390C kernel: file_mapped 4096
Oct 08 23:56:01 DESKTOP-GI2390C kernel: file_dirty 12288
Oct 08 23:56:01 DESKTOP-GI2390C kernel: file_writeback 0
Oct 08 23:56:01 DESKTOP-GI2390C kernel: swapcached 739352576
Oct 08 23:56:01 DESKTOP-GI2390C kernel: anon_thp 5207228416
Oct 08 23:56:01 DESKTOP-GI2390C kernel: file_thp 0
Oct 08 23:56:01 DESKTOP-GI2390C kernel: shmem_thp 0
Oct 08 23:56:01 DESKTOP-GI2390C kernel: inactive_anon 4813025280
Oct 08 23:56:01 DESKTOP-GI2390C kernel: active_anon 13377216512
Oct 08 23:56:01 DESKTOP-GI2390C kernel: inactive_file 65536
Oct 08 23:56:01 DESKTOP-GI2390C kernel: active_file 8192
Oct 08 23:56:01 DESKTOP-GI2390C kernel: unevictable 0
Oct 08 23:56:01 DESKTOP-GI2390C kernel: slab_reclaimable 4924984
Oct 08 23:56:01 DESKTOP-GI2390C kernel: slab_unreclaimable 801840
Oct 08 23:56:01 DESKTOP-GI2390C kernel: slab 5726824
Oct 08 23:56:01 DESKTOP-GI2390C kernel: workingset_refault_anon 1617839
Oct 08 23:56:01 DESKTOP-GI2390C kernel: workingset_refault_file 135466
Oct 08 23:56:01 DESKTOP-GI2390C kernel: workingset_activate_anon 1555753
Oct 08 23:56:01 DESKTOP-GI2390C kernel: workingset_activate_file 15829
Oct 08 23:56:01 DESKTOP-GI2390C kernel: workingset_restore_anon 416
Oct 08 23:56:01 DESKTOP-GI2390C kernel: workingset_restore_file 2331
Oct 08 23:56:01 DESKTOP-GI2390C kernel: workingset_nodereclaim 0
Oct 08 23:56:01 DESKTOP-GI2390C kernel: pgdemote_kswapd 0
Oct 08 23:56:01 DESKTOP-GI2390C kernel: pgdemote_direct 0
Oct 08 23:56:01 DESKTOP-GI2390C kernel: pgdemote_khugepaged 0
Oct 08 23:56:01 DESKTOP-GI2390C kernel: pgdemote_proactive 0
Oct 08 23:56:01 DESKTOP-GI2390C kernel: pgscan 13853312
Oct 08 23:56:01 DESKTOP-GI2390C kernel: pgsteal 4398660
Oct 08 23:56:01 DESKTOP-GI2390C kernel: pswpin 413942
Oct 08 23:56:01 DESKTOP-GI2390C kernel: pswpout 1259688
Oct 08 23:56:01 DESKTOP-GI2390C kernel: pgscan_kswapd 2486652
Oct 08 23:56:01 DESKTOP-GI2390C kernel: pgscan_direct 11360861
Oct 08 23:56:01 DESKTOP-GI2390C kernel: pgscan_khugepaged 5799
Oct 08 23:56:01 DESKTOP-GI2390C kernel: pgscan_proactive 0
Oct 08 23:56:01 DESKTOP-GI2390C kernel: pgsteal_kswapd 314755
Oct 08 23:56:01 DESKTOP-GI2390C kernel: pgsteal_direct 4079150
Oct 08 23:56:01 DESKTOP-GI2390C kernel: pgsteal_khugepaged 4755
Oct 08 23:56:01 DESKTOP-GI2390C kernel: pgsteal_proactive 0
Oct 08 23:56:01 DESKTOP-GI2390C kernel: pgfault 11400398
Oct 08 23:56:01 DESKTOP-GI2390C kernel: pgmajfault 207258
Oct 08 23:56:01 DESKTOP-GI2390C kernel: pgrefill 94239
Oct 08 23:56:01 DESKTOP-GI2390C kernel: pgactivate 1785061
Oct 08 23:56:01 DESKTOP-GI2390C kernel: pgdeactivate 92438
Oct 08 23:56:01 DESKTOP-GI2390C kernel: pglazyfree 0
Oct 08 23:56:01 DESKTOP-GI2390C kernel: pglazyfreed 0
Oct 08 23:56:01 DESKTOP-GI2390C kernel: swpin_zero 1203897
Oct 08 23:56:01 DESKTOP-GI2390C kernel: swpout_zero 2741999
Oct 08 23:56:01 DESKTOP-GI2390C kernel: thp_fault_alloc 3839
Oct 08 23:56:01 DESKTOP-GI2390C kernel: thp_collapse_alloc 65
Oct 08 23:56:01 DESKTOP-GI2390C kernel: thp_swpout 566
Oct 08 23:56:01 DESKTOP-GI2390C kernel: thp_swpout_fallback 0
Oct 08 23:56:01 DESKTOP-GI2390C kernel: Tasks state (memory values in pages):
Oct 08 23:56:01 DESKTOP-GI2390C kernel: [  pid  ]   uid  tgid total_vm      rss rss_anon rss_file rss_shmem pgtables_bytes swapents oom_score_adj name
Oct 08 23:56:01 DESKTOP-GI2390C kernel: [  16260]  1000 16260 18734856  4454525  4430862    23663         0 57069568  2450954             0 python
Oct 08 23:56:01 DESKTOP-GI2390C kernel: oom-kill:constraint=CONSTRAINT_MEMCG,nodemask=(null),cpuset=distro-628,mems_allowed=0,oom_memcg=/wsl-user/distro-628/user.slice/user-1000.slice/user@1000.service/app.slice/slam-author-conceptgraphs-room0-batch16-stages-03-mapping.scope,task_memcg=/wsl-user/distro-628/user.slice/user-1000.slice/user@1000.service/app.slice/slam-author-conceptgraphs-room0-batch16-stages-03-mapping.scope,task=python,pid=16260,uid=1000
Oct 08 23:56:01 DESKTOP-GI2390C kernel: Memory cgroup out of memory: Killed process 16260 (python) total-vm:74939424kB, anon-rss:17723448kB, file-rss:94652kB, shmem-rss:0kB, UID:1000 pgtables:55732kB oom_score_adj:0
Oct 08 23:56:25 DESKTOP-GI2390C kernel: misc dxg: dxgk: dxgkio_is_feature_enabled: Ioctl failed: -22
Oct 08 23:56:25 DESKTOP-GI2390C kernel: misc dxg: dxgk: dxgkio_query_adapter_info: Ioctl failed: -22
