
ORB-SLAM3 Copyright (C) 2017-2020 Carlos Campos, Richard Elvira, Juan J. Gómez, José M.M. Montiel and Juan D. Tardós, University of Zaragoza.
ORB-SLAM2 Copyright (C) 2014-2016 Raúl Mur-Artal, José M.M. Montiel and Juan D. Tardós, University of Zaragoza.
This program comes with ABSOLUTELY NO WARRANTY;
This is free software, and you are welcome to redistribute it
under certain conditions. See LICENSE.txt.

Input sensor was set to: RGB-D
Loading settings from ./Examples/RGB-D/TUM3.yaml
	-Loaded camera 1
	-Loaded image info
	-Loaded RGB-D calibration
	-Loaded ORB settings
	-Loaded viewer settings
	-Loaded Atlas settings
	-Loaded misc parameters
----------------------------------
SLAM settings: 
	-Camera 1 parameters (Pinhole): [ 535.4 539.2 320.1 247.6 ]
	-Camera 1 distortion parameters: [  0 0 0 0 ]
	-Original image size: [ 640 , 480 ]
	-Current image size: [ 640 , 480 ]
	-Sequence FPS: 30
	-RGB-D depth map factor: 5000
	-Features per image: 1000
	-ORB scale factor: 1.2
	-ORB number of scales: 8
	-Initial FAST threshold: 20
	-Min FAST threshold: 7


Loading ORB Vocabulary. This could take a while...
Vocabulary loaded!

Initialization of Atlas from scratch 
Creation of new map with id: 0
Creation of new map with last KF id: 0
Seq. Name: 
There are 1 cameras in the atlas
Camera 0 is pinhole
Net use yolo-fastest

-------
Start processing sequence ...
Images in the sequence: 827

First KF:0; Map init KF:0
New Map created with 517 points
Average processing time of GrabImageRGBD(): 53.7765ms
Frame 0 end
Average processing time of GrabImageRGBD(): 45.4548ms
Frame 1 end
Average processing time of GrabImageRGBD(): 43.0177ms
Frame 2 end
Average processing time of GrabImageRGBD(): 36.5315ms
Frame 3 end
Average processing time of GrabImageRGBD(): 32.8552ms
Frame 4 end
Average processing time of GrabImageRGBD(): 30.4054ms
Frame 5 end
Average processing time of GrabImageRGBD(): 28.7145ms
Frame 6 end
Average processing time of GrabImageRGBD(): 27.1702ms
Frame 7 end
Average processing time of GrabImageRGBD(): 26.2647ms
Frame 8 end
Average processing time of GrabImageRGBD(): 25.4965ms
Frame 9 end
Average processing time of GrabImageRGBD(): 26.4415ms
Frame 10 end
Average processing time of GrabImageRGBD(): 27.4522ms
Frame 11 end
Average processing time of GrabImageRGBD(): 26.8391ms
Frame 12 end
Average processing time of GrabImageRGBD(): 26.1064ms
Frame 13 end
Average processing time of GrabImageRGBD(): 26.788ms
Frame 14 end
Average processing time of GrabImageRGBD(): 26.4516ms
Frame 15 end
Average processing time of GrabImageRGBD(): 26.0526ms
Frame 16 end
Average processing time of GrabImageRGBD(): 25.7928ms
Frame 17 end
Average processing time of GrabImageRGBD(): 25.4922ms
Frame 18 end
Average processing time of GrabImageRGBD(): 25.1215ms
Frame 19 end
Average processing time of GrabImageRGBD(): 25.9473ms
Frame 20 end
Average processing time of GrabImageRGBD(): 25.7116ms
Frame 21 end
Average processing time of GrabImageRGBD(): 25.4545ms
Frame 22 end
Average processing time of GrabImageRGBD(): 25.3325ms
Frame 23 end
Average processing time of GrabImageRGBD(): 25.2248ms
Frame 24 end
Average processing time of GrabImageRGBD(): 25.7207ms
Frame 25 end
Average processing time of GrabImageRGBD(): 25.548ms
Frame 26 end
Average processing time of GrabImageRGBD(): 25.4981ms
Frame 27 end
Average processing time of GrabImageRGBD(): 25.238ms
Frame 28 end
Average processing time of GrabImageRGBD(): 25.0195ms
Frame 29 end
Average processing time of GrabImageRGBD(): 24.8756ms
Frame 30 end
Average processing time of GrabImageRGBD(): 24.7935ms
Frame 31 end
Average processing time of GrabImageRGBD(): 25.3577ms
Frame 32 end
Average processing time of GrabImageRGBD(): 25.1667ms
Frame 33 end
Average processing time of GrabImageRGBD(): 24.9963ms
Frame 34 end
Average processing time of GrabImageRGBD(): 25.4091ms
Frame 35 end
Average processing time of GrabImageRGBD(): 25.2571ms
Frame 36 end
Average processing time of GrabImageRGBD(): 25.7424ms
Frame 37 end
Average processing time of GrabImageRGBD(): 25.6398ms
Frame 38 end
Average processing time of GrabImageRGBD(): 26.1245ms
Frame 39 end
Average processing time of GrabImageRGBD(): 25.9652ms
Frame 40 end
Average processing time of GrabImageRGBD(): 25.8663ms
Frame 41 end
Average processing time of GrabImageRGBD(): 25.6667ms
Frame 42 end
Average processing time of GrabImageRGBD(): 25.5101ms
Frame 43 end
Average processing time of GrabImageRGBD(): 25.7621ms
Frame 44 end
Average processing time of GrabImageRGBD(): 25.6352ms
Frame 45 end
Average processing time of GrabImageRGBD(): 25.4859ms
Frame 46 end
Average processing time of GrabImageRGBD(): 25.2911ms
Frame 47 end
Average processing time of GrabImageRGBD(): 25.2413ms
Frame 48 end
Average processing time of GrabImageRGBD(): 25.084ms
Frame 49 end
Average processing time of GrabImageRGBD(): 25.0306ms
Frame 50 end
Average processing time of GrabImageRGBD(): 25.058ms
Frame 51 end
Average processing time of GrabImageRGBD(): 24.9469ms
Frame 52 end
Average processing time of GrabImageRGBD(): 24.964ms
Frame 53 end
Average processing time of GrabImageRGBD(): 25.2856ms
Frame 54 end
Average processing time of GrabImageRGBD(): 25.1983ms
Frame 55 end
Average processing time of GrabImageRGBD(): 25.0669ms
Frame 56 end
Average processing time of GrabImageRGBD(): 24.9944ms
Frame 57 end
Average processing time of GrabImageRGBD(): 24.873ms
Frame 58 end
Average processing time of GrabImageRGBD(): 24.8523ms
Frame 59 end
Average processing time of GrabImageRGBD(): 24.7999ms
Frame 60 end
Average processing time of GrabImageRGBD(): 25.0671ms
Frame 61 end
Average processing time of GrabImageRGBD(): 25.0057ms
Frame 62 end
Average processing time of GrabImageRGBD(): 25.2164ms
Frame 63 end
Average processing time of GrabImageRGBD(): 25.1411ms
Frame 64 end
Average processing time of GrabImageRGBD(): 25.0944ms
Frame 65 end
Average processing time of GrabImageRGBD(): 25.0048ms
Frame 66 end
Average processing time of GrabImageRGBD(): 24.9031ms
Frame 67 end
Average processing time of GrabImageRGBD(): 24.8178ms
Frame 68 end
Average processing time of GrabImageRGBD(): 24.7114ms
Frame 69 end
Average processing time of GrabImageRGBD(): 24.6158ms
Frame 70 end
Average processing time of GrabImageRGBD(): 24.5171ms
Frame 71 end
Average processing time of GrabImageRGBD(): 24.6505ms
Frame 72 end
Average processing time of GrabImageRGBD(): 24.5365ms
Frame 73 end
Average processing time of GrabImageRGBD(): 24.4566ms
Frame 74 end
Average processing time of GrabImageRGBD(): 24.3541ms
Frame 75 end
Average processing time of GrabImageRGBD(): 24.271ms
Frame 76 end
Average processing time of GrabImageRGBD(): 24.2388ms
Frame 77 end
Average processing time of GrabImageRGBD(): 24.1595ms
Frame 78 end
Average processing time of GrabImageRGBD(): 24.0947ms
Frame 79 end
Average processing time of GrabImageRGBD(): 24.025ms
Frame 80 end
Average processing time of GrabImageRGBD(): 24.1752ms
Frame 81 end
Average processing time of GrabImageRGBD(): 24.1122ms
Frame 82 end
Average processing time of GrabImageRGBD(): 24.0688ms
Frame 83 end
Average processing time of GrabImageRGBD(): 23.997ms
Frame 84 end
Average processing time of GrabImageRGBD(): 23.9493ms
Frame 85 end
Average processing time of GrabImageRGBD(): 23.8881ms
Frame 86 end
Average processing time of GrabImageRGBD(): 23.8058ms
Frame 87 end
Average processing time of GrabImageRGBD(): 23.7324ms
Frame 88 end
Average processing time of GrabImageRGBD(): 23.6705ms
Frame 89 end
Average processing time of GrabImageRGBD(): 23.6084ms
Frame 90 end
Average processing time of GrabImageRGBD(): 23.549ms
Frame 91 end
Average processing time of GrabImageRGBD(): 23.4796ms
Frame 92 end
Average processing time of GrabImageRGBD(): 23.4159ms
Frame 93 end
Average processing time of GrabImageRGBD(): 23.3524ms
Frame 94 end
Average processing time of GrabImageRGBD(): 23.2931ms
Frame 95 end
Average processing time of GrabImageRGBD(): 23.2374ms
Frame 96 end
Average processing time of GrabImageRGBD(): 23.19ms
Frame 97 end
Average processing time of GrabImageRGBD(): 23.1193ms
Frame 98 end
Average processing time of GrabImageRGBD(): 23.0651ms
Frame 99 end
Average processing time of GrabImageRGBD(): 23.0024ms
Frame 100 end
Average processing time of GrabImageRGBD(): 22.998ms
Frame 101 end
Average processing time of GrabImageRGBD(): 23.1318ms
Frame 102 end
Average processing time of GrabImageRGBD(): 23.1295ms
Frame 103 end
Average processing time of GrabImageRGBD(): 23.2792ms
Frame 104 end
Average processing time of GrabImageRGBD(): 23.1965ms
Frame 105 end
Average processing time of GrabImageRGBD(): 23.1699ms
Frame 106 end
Average processing time of GrabImageRGBD(): 23.1043ms
Frame 107 end
Average processing time of GrabImageRGBD(): 23.2545ms
Frame 108 end
Average processing time of GrabImageRGBD(): 23.3327ms
Frame 109 end
Average processing time of GrabImageRGBD(): 23.295ms
Frame 110 end
Average processing time of GrabImageRGBD(): 23.2503ms
Frame 111 end
Average processing time of GrabImageRGBD(): 23.1887ms
Frame 112 end
Average processing time of GrabImageRGBD(): 23.1658ms
Frame 113 end
Average processing time of GrabImageRGBD(): 23.1169ms
Frame 114 end
Average processing time of GrabImageRGBD(): 23.2393ms
Frame 115 end
Average processing time of GrabImageRGBD(): 23.4134ms
Frame 116 end
Average processing time of GrabImageRGBD(): 23.3689ms
Frame 117 end
Average processing time of GrabImageRGBD(): 23.3394ms
Frame 118 end
Average processing time of GrabImageRGBD(): 23.2703ms
Frame 119 end
Average processing time of GrabImageRGBD(): 23.4027ms
Frame 120 end
Average processing time of GrabImageRGBD(): 23.3521ms
Frame 121 end
Average processing time of GrabImageRGBD(): 23.2951ms
Frame 122 end
Average processing time of GrabImageRGBD(): 23.2305ms
Frame 123 end
Average processing time of GrabImageRGBD(): 23.1484ms
Frame 124 end
Average processing time of GrabImageRGBD(): 23.139ms
Frame 125 end
Average processing time of GrabImageRGBD(): 23.0811ms
Frame 126 end
Average processing time of GrabImageRGBD(): 23.2406ms
Frame 127 end
Average processing time of GrabImageRGBD(): 23.2023ms
Frame 128 end
Average processing time of GrabImageRGBD(): 23.14ms
Frame 129 end
Average processing time of GrabImageRGBD(): 23.0726ms
Frame 130 end
Average processing time of GrabImageRGBD(): 23.0061ms
Frame 131 end
Average processing time of GrabImageRGBD(): 22.9465ms
Frame 132 end
Average processing time of GrabImageRGBD(): 22.9144ms
Frame 133 end
Average processing time of GrabImageRGBD(): 23.1416ms
Frame 134 end
Average processing time of GrabImageRGBD(): 23.0986ms
Frame 135 end
Average processing time of GrabImageRGBD(): 23.048ms
Frame 136 end
Average processing time of GrabImageRGBD(): 23.1585ms
Frame 137 end
Average processing time of GrabImageRGBD(): 23.0892ms
Frame 138 end
Average processing time of GrabImageRGBD(): 23.0294ms
Frame 139 end
Average processing time of GrabImageRGBD(): 23.1452ms
Frame 140 end
Average processing time of GrabImageRGBD(): 23.0881ms
Frame 141 end
Average processing time of GrabImageRGBD(): 23.0448ms
Frame 142 end
Average processing time of GrabImageRGBD(): 23.2366ms
Frame 143 end
Average processing time of GrabImageRGBD(): 23.1858ms
Frame 144 end
Average processing time of GrabImageRGBD(): 23.1461ms
Frame 145 end
Average processing time of GrabImageRGBD(): 23.0834ms
Frame 146 end
Average processing time of GrabImageRGBD(): 23.0606ms
Frame 147 end
Average processing time of GrabImageRGBD(): 23.166ms
Frame 148 end
Average processing time of GrabImageRGBD(): 23.1243ms
Frame 149 end
Average processing time of GrabImageRGBD(): 23.1404ms
Frame 150 end
Average processing time of GrabImageRGBD(): 23.068ms
Frame 151 end
Average processing time of GrabImageRGBD(): 23.2359ms
Frame 152 end
Average processing time of GrabImageRGBD(): 23.1882ms
Frame 153 end
Average processing time of GrabImageRGBD(): 23.1462ms
Frame 154 end
Average processing time of GrabImageRGBD(): 23.0933ms
Frame 155 end
Average processing time of GrabImageRGBD(): 23.2178ms
Frame 156 end
Average processing time of GrabImageRGBD(): 23.1987ms
Frame 157 end
Average processing time of GrabImageRGBD(): 23.1633ms
Frame 158 end
Average processing time of GrabImageRGBD(): 23.1445ms
Frame 159 end
Average processing time of GrabImageRGBD(): 23.3055ms
Frame 160 end
Average processing time of GrabImageRGBD(): 23.2711ms
Frame 161 end
Average processing time of GrabImageRGBD(): 23.2376ms
Frame 162 end
Average processing time of GrabImageRGBD(): 23.2001ms
Frame 163 end
Average processing time of GrabImageRGBD(): 23.2647ms
Frame 164 end
Average processing time of GrabImageRGBD(): 23.233ms
Frame 165 end
Average processing time of GrabImageRGBD(): 23.2343ms
Frame 166 end
Average processing time of GrabImageRGBD(): 23.2249ms
Frame 167 end
Average processing time of GrabImageRGBD(): 23.3057ms
Frame 168 end
Average processing time of GrabImageRGBD(): 23.2832ms
Frame 169 end
Average processing time of GrabImageRGBD(): 23.2635ms
Frame 170 end
Average processing time of GrabImageRGBD(): 23.35ms
Frame 171 end
Average processing time of GrabImageRGBD(): 23.3058ms
Frame 172 end
Average processing time of GrabImageRGBD(): 23.2598ms
Frame 173 end
Average processing time of GrabImageRGBD(): 23.1637ms
Frame 174 end
Average processing time of GrabImageRGBD(): 23.1697ms
Frame 175 end
Average processing time of GrabImageRGBD(): 23.0663ms
Frame 176 end
Average processing time of GrabImageRGBD(): 22.96ms
Frame 177 end
Average processing time of GrabImageRGBD(): 22.8893ms
Frame 178 end
Average processing time of GrabImageRGBD(): 22.9461ms
Frame 179 end
Average processing time of GrabImageRGBD(): 22.8466ms
Frame 180 end
Average processing time of GrabImageRGBD(): 22.7485ms
Frame 181 end
Average processing time of GrabImageRGBD(): 22.6837ms
Frame 182 end
Average processing time of GrabImageRGBD(): 22.7154ms
Frame 183 end
Average processing time of GrabImageRGBD(): 22.6237ms
Frame 184 end
Average processing time of GrabImageRGBD(): 22.5239ms
Frame 185 end
Average processing time of GrabImageRGBD(): 22.4626ms
Frame 186 end
Average processing time of GrabImageRGBD(): 22.3972ms
Frame 187 end
Average processing time of GrabImageRGBD(): 22.4322ms
Frame 188 end
Average processing time of GrabImageRGBD(): 22.3767ms
Frame 189 end
Average processing time of GrabImageRGBD(): 22.2793ms
Frame 190 end
Average processing time of GrabImageRGBD(): 22.22ms
Frame 191 end
Average processing time of GrabImageRGBD(): 22.1616ms
Frame 192 end
Average processing time of GrabImageRGBD(): 22.1155ms
Frame 193 end
Average processing time of GrabImageRGBD(): 22.0385ms
Frame 194 end
Average processing time of GrabImageRGBD(): 21.9677ms
Frame 195 end
Average processing time of GrabImageRGBD(): 22.0345ms
Frame 196 end
Average processing time of GrabImageRGBD(): 21.9907ms
Frame 197 end
Average processing time of GrabImageRGBD(): 21.9608ms
Frame 198 end
Average processing time of GrabImageRGBD(): 21.9006ms
Frame 199 end
Average processing time of GrabImageRGBD(): 21.8321ms
Frame 200 end
Average processing time of GrabImageRGBD(): 21.9592ms
Frame 201 end
Average processing time of GrabImageRGBD(): 21.9189ms
Frame 202 end
Average processing time of GrabImageRGBD(): 21.8787ms
Frame 203 end
Average processing time of GrabImageRGBD(): 21.8479ms
Frame 204 end
Average processing time of GrabImageRGBD(): 21.8071ms
Frame 205 end
Average processing time of GrabImageRGBD(): 21.8623ms
Frame 206 end
Average processing time of GrabImageRGBD(): 21.8307ms
Frame 207 end
Average processing time of GrabImageRGBD(): 21.804ms
Frame 208 end
Average processing time of GrabImageRGBD(): 21.7174ms
Frame 209 end
Average processing time of GrabImageRGBD(): 21.6637ms
Frame 210 end
Average processing time of GrabImageRGBD(): 21.7487ms
Frame 211 end
Average processing time of GrabImageRGBD(): 21.7688ms
Frame 212 end
Average processing time of GrabImageRGBD(): 21.769ms
Frame 213 end
Average processing time of GrabImageRGBD(): 21.7376ms
Frame 214 end
Average processing time of GrabImageRGBD(): 21.7073ms
Frame 215 end
Average processing time of GrabImageRGBD(): 21.669ms
Frame 216 end
Average processing time of GrabImageRGBD(): 21.7357ms
Frame 217 end
Average processing time of GrabImageRGBD(): 21.7086ms
Frame 218 end
Average processing time of GrabImageRGBD(): 21.6753ms
Frame 219 end
Average processing time of GrabImageRGBD(): 21.6351ms
Frame 220 end
Average processing time of GrabImageRGBD(): 21.5726ms
Frame 221 end
Average processing time of GrabImageRGBD(): 21.6447ms
Frame 222 end
Average processing time of GrabImageRGBD(): 21.6118ms
Frame 223 end
Average processing time of GrabImageRGBD(): 21.5762ms
Frame 224 end
Average processing time of GrabImageRGBD(): 21.55ms
Frame 225 end
Average processing time of GrabImageRGBD(): 21.5214ms
Frame 226 end
Average processing time of GrabImageRGBD(): 21.4756ms
Frame 227 end
Average processing time of GrabImageRGBD(): 21.4482ms
Frame 228 end
Average processing time of GrabImageRGBD(): 21.5155ms
Frame 229 end
Average processing time of GrabImageRGBD(): 21.4855ms
Frame 230 end
Average processing time of GrabImageRGBD(): 21.4599ms
Frame 231 end
Average processing time of GrabImageRGBD(): 21.4449ms
Frame 232 end
Average processing time of GrabImageRGBD(): 21.4189ms
Frame 233 end
Average processing time of GrabImageRGBD(): 21.3875ms
Frame 234 end
Average processing time of GrabImageRGBD(): 21.4691ms
Frame 235 end
Average processing time of GrabImageRGBD(): 21.4507ms
Frame 236 end
Average processing time of GrabImageRGBD(): 21.4232ms
Frame 237 end
Average processing time of GrabImageRGBD(): 21.3717ms
Frame 238 end
Average processing time of GrabImageRGBD(): 21.3122ms
Frame 239 end
Average processing time of GrabImageRGBD(): 21.2478ms
Frame 240 end
Average processing time of GrabImageRGBD(): 21.2124ms
Frame 241 end
Average processing time of GrabImageRGBD(): 21.1431ms
Frame 242 end
Average processing time of GrabImageRGBD(): 21.0755ms
Frame 243 end
Average processing time of GrabImageRGBD(): 21.021ms
Frame 244 end
Average processing time of GrabImageRGBD(): 20.9783ms
Frame 245 end
Average processing time of GrabImageRGBD(): 21.0117ms
Frame 246 end
Average processing time of GrabImageRGBD(): 20.9672ms
Frame 247 end
Average processing time of GrabImageRGBD(): 20.9035ms
Frame 248 end
Average processing time of GrabImageRGBD(): 20.8439ms
Frame 249 end
Average processing time of GrabImageRGBD(): 20.7781ms
Frame 250 end
Average processing time of GrabImageRGBD(): 20.7262ms
Frame 251 end
Average processing time of GrabImageRGBD(): 20.791ms
Frame 252 end
Average processing time of GrabImageRGBD(): 20.7515ms
Frame 253 end
Average processing time of GrabImageRGBD(): 20.6866ms
Frame 254 end
Average processing time of GrabImageRGBD(): 20.6455ms
Frame 255 end
Average processing time of GrabImageRGBD(): 20.581ms
Frame 256 end
Average processing time of GrabImageRGBD(): 20.5162ms
Frame 257 end
Average processing time of GrabImageRGBD(): 20.5558ms
Frame 258 end
Average processing time of GrabImageRGBD(): 20.5155ms
Frame 259 end
Average processing time of GrabImageRGBD(): 20.4516ms
Frame 260 end
Average processing time of GrabImageRGBD(): 20.412ms
Frame 261 end
Average processing time of GrabImageRGBD(): 20.3757ms
Frame 262 end
Average processing time of GrabImageRGBD(): 20.314ms
Frame 263 end
Average processing time of GrabImageRGBD(): 20.3416ms
Frame 264 end
Average processing time of GrabImageRGBD(): 20.3102ms
Frame 265 end
Average processing time of GrabImageRGBD(): 20.2494ms
Frame 266 end
Average processing time of GrabImageRGBD(): 20.2146ms
Frame 267 end
Average processing time of GrabImageRGBD(): 20.1558ms
Frame 268 end
Average processing time of GrabImageRGBD(): 20.0948ms
Frame 269 end
Average processing time of GrabImageRGBD(): 20.1376ms
Frame 270 end
Average processing time of GrabImageRGBD(): 20.0919ms
Frame 271 end
Average processing time of GrabImageRGBD(): 20.034ms
Frame 272 end
Average processing time of GrabImageRGBD(): 19.9943ms
Frame 273 end
Average processing time of GrabImageRGBD(): 19.9534ms
Frame 274 end
Average processing time of GrabImageRGBD(): 19.9132ms
Frame 275 end
Average processing time of GrabImageRGBD(): 19.9458ms
Frame 276 end
Average processing time of GrabImageRGBD(): 19.9142ms
Frame 277 end
Average processing time of GrabImageRGBD(): 19.857ms
Frame 278 end
Average processing time of GrabImageRGBD(): 19.823ms
Frame 279 end
Average processing time of GrabImageRGBD(): 19.7663ms
Frame 280 end
Average processing time of GrabImageRGBD(): 19.7297ms
Frame 281 end
Average processing time of GrabImageRGBD(): 19.6872ms
Frame 282 end
Average processing time of GrabImageRGBD(): 19.6502ms
Frame 283 end
Average processing time of GrabImageRGBD(): 19.6944ms
Frame 284 end
Average processing time of GrabImageRGBD(): 19.6644ms
Frame 285 end
Average processing time of GrabImageRGBD(): 19.6112ms
Frame 286 end
Average processing time of GrabImageRGBD(): 19.5788ms
Frame 287 end
Average processing time of GrabImageRGBD(): 19.5274ms
Frame 288 end
Average processing time of GrabImageRGBD(): 19.4746ms
Frame 289 end
Average processing time of GrabImageRGBD(): 19.4413ms
Frame 290 end
Average processing time of GrabImageRGBD(): 19.4766ms
Frame 291 end
Average processing time of GrabImageRGBD(): 19.4283ms
Frame 292 end
Average processing time of GrabImageRGBD(): 19.3755ms
Frame 293 end
Average processing time of GrabImageRGBD(): 19.3397ms
Frame 294 end
Average processing time of GrabImageRGBD(): 19.3042ms
Frame 295 end
Average processing time of GrabImageRGBD(): 19.2748ms
Frame 296 end
Average processing time of GrabImageRGBD(): 19.2234ms
Frame 297 end
Average processing time of GrabImageRGBD(): 19.2506ms
Frame 298 end
Average processing time of GrabImageRGBD(): 19.2033ms
Frame 299 end
Average processing time of GrabImageRGBD(): 19.1516ms
Frame 300 end
Average processing time of GrabImageRGBD(): 19.1005ms
Frame 301 end
Average processing time of GrabImageRGBD(): 19.0679ms
Frame 302 end
Average processing time of GrabImageRGBD(): 19.0202ms
Frame 303 end
Average processing time of GrabImageRGBD(): 18.971ms
Frame 304 end
Average processing time of GrabImageRGBD(): 19.0011ms
Frame 305 end
Average processing time of GrabImageRGBD(): 18.9542ms
Frame 306 end
Average processing time of GrabImageRGBD(): 18.9061ms
Frame 307 end
Average processing time of GrabImageRGBD(): 18.8802ms
Frame 308 end
Average processing time of GrabImageRGBD(): 18.8337ms
Frame 309 end
Average processing time of GrabImageRGBD(): 18.8061ms
Frame 310 end
Average processing time of GrabImageRGBD(): 18.7811ms
Frame 311 end
Average processing time of GrabImageRGBD(): 18.7567ms
Frame 312 end
Average processing time of GrabImageRGBD(): 18.709ms
Frame 313 end
Average processing time of GrabImageRGBD(): 18.6618ms
Frame 314 end
Average processing time of GrabImageRGBD(): 18.6293ms
Frame 315 end
Average processing time of GrabImageRGBD(): 18.6009ms
Frame 316 end
Average processing time of GrabImageRGBD(): 18.5678ms
Frame 317 end
Average processing time of GrabImageRGBD(): 18.5405ms
Frame 318 end
Average processing time of GrabImageRGBD(): 18.5108ms
Frame 319 end
Average processing time of GrabImageRGBD(): 18.4833ms
Frame 320 end
Average processing time of GrabImageRGBD(): 18.5065ms
Frame 321 end
Average processing time of GrabImageRGBD(): 18.4846ms
Frame 322 end
Average processing time of GrabImageRGBD(): 18.4405ms
Frame 323 end
Average processing time of GrabImageRGBD(): 18.4157ms
Frame 324 end
Average processing time of GrabImageRGBD(): 18.383ms
Frame 325 end
Average processing time of GrabImageRGBD(): 18.358ms
Frame 326 end
Average processing time of GrabImageRGBD(): 18.3309ms
Frame 327 end
Average processing time of GrabImageRGBD(): 18.3707ms
Frame 328 end
Average processing time of GrabImageRGBD(): 18.3333ms
Frame 329 end
Average processing time of GrabImageRGBD(): 18.2902ms
Frame 330 end
Average processing time of GrabImageRGBD(): 18.2714ms
Frame 331 end
Average processing time of GrabImageRGBD(): 18.2525ms
Frame 332 end
Average processing time of GrabImageRGBD(): 18.2305ms
Frame 333 end
Average processing time of GrabImageRGBD(): 18.1884ms
Frame 334 end
Average processing time of GrabImageRGBD(): 18.1657ms
Frame 335 end
Average processing time of GrabImageRGBD(): 18.2044ms
Frame 336 end
Average processing time of GrabImageRGBD(): 18.1804ms
Frame 337 end
Average processing time of GrabImageRGBD(): 18.1389ms
Frame 338 end
Average processing time of GrabImageRGBD(): 18.1007ms
Frame 339 end
Average processing time of GrabImageRGBD(): 18.08ms
Frame 340 end
Average processing time of GrabImageRGBD(): 18.0396ms
Frame 341 end
Average processing time of GrabImageRGBD(): 17.9992ms
Frame 342 end
Average processing time of GrabImageRGBD(): 17.9773ms
Frame 343 end
Average processing time of GrabImageRGBD(): 18.0107ms
Frame 344 end
Average processing time of GrabImageRGBD(): 18.0008ms
Frame 345 end
Average processing time of GrabImageRGBD(): 17.9623ms
Frame 346 end
Average processing time of GrabImageRGBD(): 17.9262ms
Frame 347 end
Average processing time of GrabImageRGBD(): 17.9115ms
Frame 348 end
Average processing time of GrabImageRGBD(): 17.8738ms
Frame 349 end
Average processing time of GrabImageRGBD(): 17.8358ms
Frame 350 end
Average processing time of GrabImageRGBD(): 17.8919ms
Frame 351 end
Average processing time of GrabImageRGBD(): 17.8719ms
Frame 352 end
Average processing time of GrabImageRGBD(): 17.835ms
Frame 353 end
Average processing time of GrabImageRGBD(): 17.8182ms
Frame 354 end
Average processing time of GrabImageRGBD(): 17.7806ms
Frame 355 end
Average processing time of GrabImageRGBD(): 17.746ms
Frame 356 end
Average processing time of GrabImageRGBD(): 17.7095ms
Frame 357 end
Average processing time of GrabImageRGBD(): 17.6789ms
Frame 358 end
Average processing time of GrabImageRGBD(): 17.6613ms
Frame 359 end
Average processing time of GrabImageRGBD(): 17.6222ms
Frame 360 end
Average processing time of GrabImageRGBD(): 17.5912ms
Frame 361 end
Average processing time of GrabImageRGBD(): 17.5547ms
Frame 362 end
Average processing time of GrabImageRGBD(): 17.6028ms
Frame 363 end
Average processing time of GrabImageRGBD(): 17.5882ms
Frame 364 end
Average processing time of GrabImageRGBD(): 17.5542ms
Frame 365 end
Average processing time of GrabImageRGBD(): 17.5182ms
Frame 366 end
Average processing time of GrabImageRGBD(): 17.4815ms
Frame 367 end
Average processing time of GrabImageRGBD(): 17.4452ms
Frame 368 end
Average processing time of GrabImageRGBD(): 17.4256ms
Frame 369 end
Average processing time of GrabImageRGBD(): 17.4576ms
Frame 370 end
Average processing time of GrabImageRGBD(): 17.4395ms
Frame 371 end
Average processing time of GrabImageRGBD(): 17.4072ms
Frame 372 end
Average processing time of GrabImageRGBD(): 17.3743ms
Frame 373 end
Average processing time of GrabImageRGBD(): 17.3539ms
Frame 374 end
Average processing time of GrabImageRGBD(): 17.3291ms
Frame 375 end
Average processing time of GrabImageRGBD(): 17.3025ms
Frame 376 end
Average processing time of GrabImageRGBD(): 17.2756ms
Frame 377 end
Average processing time of GrabImageRGBD(): 17.3098ms
Frame 378 end
Average processing time of GrabImageRGBD(): 17.2825ms
Frame 379 end
Average processing time of GrabImageRGBD(): 17.2727ms
Frame 380 end
Average processing time of GrabImageRGBD(): 17.2521ms
Frame 381 end
Average processing time of GrabImageRGBD(): 17.2323ms
Frame 382 end
Average processing time of GrabImageRGBD(): 17.2142ms
Frame 383 end
Average processing time of GrabImageRGBD(): 17.2113ms
Frame 384 end
Average processing time of GrabImageRGBD(): 17.2094ms
Frame 385 end
Average processing time of GrabImageRGBD(): 17.2688ms
Frame 386 end
Average processing time of GrabImageRGBD(): 17.271ms
Frame 387 end
Average processing time of GrabImageRGBD(): 17.2678ms
Frame 388 end
Average processing time of GrabImageRGBD(): 17.2665ms
Frame 389 end
Average processing time of GrabImageRGBD(): 17.2527ms
Frame 390 end
Average processing time of GrabImageRGBD(): 17.2437ms
Frame 391 end
Average processing time of GrabImageRGBD(): 17.2417ms
Frame 392 end
Average processing time of GrabImageRGBD(): 17.309ms
Frame 393 end
Average processing time of GrabImageRGBD(): 17.3193ms
Frame 394 end
Average processing time of GrabImageRGBD(): 17.3151ms
Frame 395 end
Average processing time of GrabImageRGBD(): 17.3821ms
Frame 396 end
Average processing time of GrabImageRGBD(): 17.3866ms
Frame 397 end
Average processing time of GrabImageRGBD(): 17.3817ms
Frame 398 end
Average processing time of GrabImageRGBD(): 17.379ms
Frame 399 end
Average processing time of GrabImageRGBD(): 17.4246ms
Frame 400 end
Average processing time of GrabImageRGBD(): 17.4166ms
Frame 401 end
Average processing time of GrabImageRGBD(): 17.4077ms
Frame 402 end
Average processing time of GrabImageRGBD(): 17.4025ms
Frame 403 end
Average processing time of GrabImageRGBD(): 17.4586ms
Frame 404 end
Average processing time of GrabImageRGBD(): 17.4612ms
Frame 405 end
Average processing time of GrabImageRGBD(): 17.4618ms
Frame 406 end
Average processing time of GrabImageRGBD(): 17.5238ms
Frame 407 end
Average processing time of GrabImageRGBD(): 17.515ms
Frame 408 end
Average processing time of GrabImageRGBD(): 17.5137ms
Frame 409 end
Average processing time of GrabImageRGBD(): 17.5089ms
Frame 410 end
Average processing time of GrabImageRGBD(): 17.5111ms
Frame 411 end
Average processing time of GrabImageRGBD(): 17.5003ms
Frame 412 end
Average processing time of GrabImageRGBD(): 17.4979ms
Frame 413 end
Average processing time of GrabImageRGBD(): 17.5504ms
Frame 414 end
Average processing time of GrabImageRGBD(): 17.5441ms
Frame 415 end
Average processing time of GrabImageRGBD(): 17.5409ms
Frame 416 end
Average processing time of GrabImageRGBD(): 17.5362ms
Frame 417 end
Average processing time of GrabImageRGBD(): 17.528ms
Frame 418 end
Average processing time of GrabImageRGBD(): 17.5833ms
Frame 419 end
Average processing time of GrabImageRGBD(): 17.5846ms
Frame 420 end
Average processing time of GrabImageRGBD(): 17.5875ms
Frame 421 end
Average processing time of GrabImageRGBD(): 17.5888ms
Frame 422 end
Average processing time of GrabImageRGBD(): 17.5931ms
Frame 423 end
Average processing time of GrabImageRGBD(): 17.6662ms
Frame 424 end
Average processing time of GrabImageRGBD(): 17.6642ms
Frame 425 end
Average processing time of GrabImageRGBD(): 17.6552ms
Frame 426 end
Average processing time of GrabImageRGBD(): 17.714ms
Frame 427 end
Average processing time of GrabImageRGBD(): 17.7115ms
Frame 428 end
Average processing time of GrabImageRGBD(): 17.7104ms
Frame 429 end
Average processing time of GrabImageRGBD(): 17.7044ms
Frame 430 end
Average processing time of GrabImageRGBD(): 17.7558ms
Frame 431 end
Average processing time of GrabImageRGBD(): 17.7276ms
Frame 432 end
Average processing time of GrabImageRGBD(): 17.7282ms
Frame 433 end
Average processing time of GrabImageRGBD(): 17.7268ms
Frame 434 end
Average processing time of GrabImageRGBD(): 17.7194ms
Frame 435 end
Average processing time of GrabImageRGBD(): 17.7612ms
Frame 436 end
Average processing time of GrabImageRGBD(): 17.7671ms
Frame 437 end
Average processing time of GrabImageRGBD(): 17.7611ms
Frame 438 end
Average processing time of GrabImageRGBD(): 17.7356ms
Frame 439 end
Average processing time of GrabImageRGBD(): 17.7251ms
Frame 440 end
Average processing time of GrabImageRGBD(): 17.7134ms
Frame 441 end
Average processing time of GrabImageRGBD(): 17.7ms
Frame 442 end
Average processing time of GrabImageRGBD(): 17.6877ms
Frame 443 end
Average processing time of GrabImageRGBD(): 17.6724ms
Frame 444 end
Average processing time of GrabImageRGBD(): 17.6579ms
Frame 445 end
Average processing time of GrabImageRGBD(): 17.7094ms
Frame 446 end
Average processing time of GrabImageRGBD(): 17.6994ms
Frame 447 end
Average processing time of GrabImageRGBD(): 17.6889ms
Frame 448 end
Average processing time of GrabImageRGBD(): 17.6824ms
Frame 449 end
Average processing time of GrabImageRGBD(): 17.6732ms
Frame 450 end
Average processing time of GrabImageRGBD(): 17.662ms
Frame 451 end
Average processing time of GrabImageRGBD(): 17.638ms
Frame 452 end
Average processing time of GrabImageRGBD(): 17.6276ms
Frame 453 end
Average processing time of GrabImageRGBD(): 17.6169ms
Frame 454 end
Average processing time of GrabImageRGBD(): 17.6113ms
Frame 455 end
Average processing time of GrabImageRGBD(): 17.5931ms
Frame 456 end
Average processing time of GrabImageRGBD(): 17.6485ms
Frame 457 end
Average processing time of GrabImageRGBD(): 17.6362ms
Frame 458 end
Average processing time of GrabImageRGBD(): 17.6238ms
Frame 459 end
Average processing time of GrabImageRGBD(): 17.6157ms
Frame 460 end
Average processing time of GrabImageRGBD(): 17.6035ms
Frame 461 end
Average processing time of GrabImageRGBD(): 17.5977ms
Frame 462 end
Average processing time of GrabImageRGBD(): 17.5883ms
Frame 463 end
Average processing time of GrabImageRGBD(): 17.5716ms
Frame 464 end
Average processing time of GrabImageRGBD(): 17.5598ms
Frame 465 end
Average processing time of GrabImageRGBD(): 17.6021ms
Frame 466 end
Average processing time of GrabImageRGBD(): 17.5988ms
Frame 467 end
Average processing time of GrabImageRGBD(): 17.5913ms
Frame 468 end
Average processing time of GrabImageRGBD(): 17.5888ms
Frame 469 end
Average processing time of GrabImageRGBD(): 17.5824ms
Frame 470 end
Average processing time of GrabImageRGBD(): 17.5785ms
Frame 471 end
Average processing time of GrabImageRGBD(): 17.5513ms
Frame 472 end
Average processing time of GrabImageRGBD(): 17.5322ms
Frame 473 end
Average processing time of GrabImageRGBD(): 17.518ms
Frame 474 end
Average processing time of GrabImageRGBD(): 17.4917ms
Frame 475 end
Average processing time of GrabImageRGBD(): 17.4833ms
Frame 476 end
Average processing time of GrabImageRGBD(): 17.5292ms
Frame 477 end
Average processing time of GrabImageRGBD(): 17.5188ms
Frame 478 end
Average processing time of GrabImageRGBD(): 17.4975ms
Frame 479 end
Average processing time of GrabImageRGBD(): 17.483ms
Frame 480 end
Average processing time of GrabImageRGBD(): 17.4728ms
Frame 481 end
Average processing time of GrabImageRGBD(): 17.4591ms
Frame 482 end
Average processing time of GrabImageRGBD(): 17.4497ms
Frame 483 end
Average processing time of GrabImageRGBD(): 17.4378ms
Frame 484 end
Average processing time of GrabImageRGBD(): 17.4225ms
Frame 485 end
Average processing time of GrabImageRGBD(): 17.4039ms
Frame 486 end
Average processing time of GrabImageRGBD(): 17.4453ms
Frame 487 end
Average processing time of GrabImageRGBD(): 17.4414ms
Frame 488 end
Average processing time of GrabImageRGBD(): 17.4317ms
Frame 489 end
Average processing time of GrabImageRGBD(): 17.4221ms
Frame 490 end
Average processing time of GrabImageRGBD(): 17.4116ms
Frame 491 end
Average processing time of GrabImageRGBD(): 17.4021ms
Frame 492 end
Average processing time of GrabImageRGBD(): 17.3851ms
Frame 493 end
Average processing time of GrabImageRGBD(): 17.3848ms
Frame 494 end
Average processing time of GrabImageRGBD(): 17.3731ms
Frame 495 end
Average processing time of GrabImageRGBD(): 17.3649ms
Frame 496 end
Average processing time of GrabImageRGBD(): 17.4134ms
Frame 497 end
Average processing time of GrabImageRGBD(): 17.4108ms
Frame 498 end
Average processing time of GrabImageRGBD(): 17.4089ms
Frame 499 end
Average processing time of GrabImageRGBD(): 17.4026ms
Frame 500 end
Average processing time of GrabImageRGBD(): 17.4063ms
Frame 501 end
Average processing time of GrabImageRGBD(): 17.4048ms
Frame 502 end
Average processing time of GrabImageRGBD(): 17.4056ms
Frame 503 end
Average processing time of GrabImageRGBD(): 17.4007ms
Frame 504 end
Average processing time of GrabImageRGBD(): 17.4037ms
Frame 505 end
Average processing time of GrabImageRGBD(): 17.4485ms
Frame 506 end
Average processing time of GrabImageRGBD(): 17.4423ms
Frame 507 end
Average processing time of GrabImageRGBD(): 17.4365ms
Frame 508 end
Average processing time of GrabImageRGBD(): 17.4302ms
Frame 509 end
Average processing time of GrabImageRGBD(): 17.4196ms
Frame 510 end
Average processing time of GrabImageRGBD(): 17.4179ms
Frame 511 end
Average processing time of GrabImageRGBD(): 17.4128ms
Frame 512 end
Average processing time of GrabImageRGBD(): 17.401ms
Frame 513 end
Average processing time of GrabImageRGBD(): 17.3925ms
Frame 514 end
Average processing time of GrabImageRGBD(): 17.3859ms
Frame 515 end
Average processing time of GrabImageRGBD(): 17.4317ms
Frame 516 end
Average processing time of GrabImageRGBD(): 17.4286ms
Frame 517 end
Average processing time of GrabImageRGBD(): 17.4243ms
Frame 518 end
Average processing time of GrabImageRGBD(): 17.4233ms
Frame 519 end
Average processing time of GrabImageRGBD(): 17.4268ms
Frame 520 end
Average processing time of GrabImageRGBD(): 17.4212ms
Frame 521 end
Average processing time of GrabImageRGBD(): 17.4173ms
Frame 522 end
Average processing time of GrabImageRGBD(): 17.4129ms
Frame 523 end
Average processing time of GrabImageRGBD(): 17.4079ms
Frame 524 end
Average processing time of GrabImageRGBD(): 17.451ms
Frame 525 end
Average processing time of GrabImageRGBD(): 17.4489ms
Frame 526 end
Average processing time of GrabImageRGBD(): 17.4238ms
Frame 527 end
Average processing time of GrabImageRGBD(): 17.4144ms
Frame 528 end
Average processing time of GrabImageRGBD(): 17.4083ms
Frame 529 end
Average processing time of GrabImageRGBD(): 17.391ms
Frame 530 end
Average processing time of GrabImageRGBD(): 17.3844ms
Frame 531 end
Average processing time of GrabImageRGBD(): 17.3808ms
Frame 532 end
Average processing time of GrabImageRGBD(): 17.3788ms
Frame 533 end
Average processing time of GrabImageRGBD(): 17.4262ms
Frame 534 end
Average processing time of GrabImageRGBD(): 17.4185ms
Frame 535 end
Average processing time of GrabImageRGBD(): 17.4161ms
Frame 536 end
Average processing time of GrabImageRGBD(): 17.4124ms
Frame 537 end
Average processing time of GrabImageRGBD(): 17.4244ms
Frame 538 end
Average processing time of GrabImageRGBD(): 17.4247ms
Frame 539 end
Average processing time of GrabImageRGBD(): 17.4255ms
Frame 540 end
Average processing time of GrabImageRGBD(): 17.4267ms
Frame 541 end
Average processing time of GrabImageRGBD(): 17.423ms
Frame 542 end
Average processing time of GrabImageRGBD(): 17.4701ms
Frame 543 end
Average processing time of GrabImageRGBD(): 17.4774ms
Frame 544 end
Average processing time of GrabImageRGBD(): 17.4746ms
Frame 545 end
Average processing time of GrabImageRGBD(): 17.473ms
Frame 546 end
Average processing time of GrabImageRGBD(): 17.4696ms
Frame 547 end
Average processing time of GrabImageRGBD(): 17.4654ms
Frame 548 end
Average processing time of GrabImageRGBD(): 17.4658ms
Frame 549 end
Average processing time of GrabImageRGBD(): 17.4727ms
Frame 550 end
Average processing time of GrabImageRGBD(): 17.4735ms
Frame 551 end
Average processing time of GrabImageRGBD(): 17.5302ms
Frame 552 end
Average processing time of GrabImageRGBD(): 17.5308ms
Frame 553 end
Average processing time of GrabImageRGBD(): 17.527ms
Frame 554 end
Average processing time of GrabImageRGBD(): 17.5244ms
Frame 555 end
Average processing time of GrabImageRGBD(): 17.523ms
Frame 556 end
Average processing time of GrabImageRGBD(): 17.5198ms
Frame 557 end
Average processing time of GrabImageRGBD(): 17.523ms
Frame 558 end
Average processing time of GrabImageRGBD(): 17.524ms
Frame 559 end
Average processing time of GrabImageRGBD(): 17.53ms
Frame 560 end
Average processing time of GrabImageRGBD(): 17.5689ms
Frame 561 end
Average processing time of GrabImageRGBD(): 17.5689ms
Frame 562 end
Average processing time of GrabImageRGBD(): 17.5696ms
Frame 563 end
Average processing time of GrabImageRGBD(): 17.5702ms
Frame 564 end
Average processing time of GrabImageRGBD(): 17.5708ms
Frame 565 end
Average processing time of GrabImageRGBD(): 17.5656ms
Frame 566 end
Average processing time of GrabImageRGBD(): 17.5697ms
Frame 567 end
Average processing time of GrabImageRGBD(): 17.5758ms
Frame 568 end
Average processing time of GrabImageRGBD(): 17.5826ms
Frame 569 end
Average processing time of GrabImageRGBD(): 17.6299ms
Frame 570 end
Average processing time of GrabImageRGBD(): 17.6291ms
Frame 571 end
Average processing time of GrabImageRGBD(): 17.6373ms
Frame 572 end
Average processing time of GrabImageRGBD(): 17.6359ms
Frame 573 end
Average processing time of GrabImageRGBD(): 17.6326ms
Frame 574 end
Average processing time of GrabImageRGBD(): 17.6342ms
Frame 575 end
Average processing time of GrabImageRGBD(): 17.6363ms
Frame 576 end
Average processing time of GrabImageRGBD(): 17.6329ms
Frame 577 end
Average processing time of GrabImageRGBD(): 17.6355ms
Frame 578 end
Average processing time of GrabImageRGBD(): 17.6791ms
Frame 579 end
Average processing time of GrabImageRGBD(): 17.6828ms
Frame 580 end
Average processing time of GrabImageRGBD(): 17.6827ms
Frame 581 end
Average processing time of GrabImageRGBD(): 17.6851ms
Frame 582 end
Average processing time of GrabImageRGBD(): 17.6872ms
Frame 583 end
Average processing time of GrabImageRGBD(): 17.6867ms
Frame 584 end
Average processing time of GrabImageRGBD(): 17.6905ms
Frame 585 end
Average processing time of GrabImageRGBD(): 17.6885ms
Frame 586 end
Average processing time of GrabImageRGBD(): 17.6923ms
Frame 587 end
Average processing time of GrabImageRGBD(): 17.6973ms
Frame 588 end
Average processing time of GrabImageRGBD(): 17.7442ms
Frame 589 end
Average processing time of GrabImageRGBD(): 17.7464ms
Frame 590 end
Average processing time of GrabImageRGBD(): 17.743ms
Frame 591 end
Average processing time of GrabImageRGBD(): 17.7449ms
Frame 592 end
Average processing time of GrabImageRGBD(): 17.7484ms
Frame 593 end
Average processing time of GrabImageRGBD(): 17.7468ms
Frame 594 end
Average processing time of GrabImageRGBD(): 17.7539ms
Frame 595 end
Average processing time of GrabImageRGBD(): 17.7585ms
Frame 596 end
Average processing time of GrabImageRGBD(): 17.7572ms
Frame 597 end
Average processing time of GrabImageRGBD(): 17.7626ms
Frame 598 end
Average processing time of GrabImageRGBD(): 17.7681ms
Frame 599 end
Average processing time of GrabImageRGBD(): 17.7658ms
Frame 600 end
Average processing time of GrabImageRGBD(): 17.771ms
Frame 601 end
Average processing time of GrabImageRGBD(): 17.817ms
Frame 602 end
Average processing time of GrabImageRGBD(): 17.8227ms
Frame 603 end
Average processing time of GrabImageRGBD(): 17.8204ms
Frame 604 end
Average processing time of GrabImageRGBD(): 17.8195ms
Frame 605 end
Average processing time of GrabImageRGBD(): 17.8242ms
Frame 606 end
Average processing time of GrabImageRGBD(): 17.8233ms
Frame 607 end
Average processing time of GrabImageRGBD(): 17.8205ms
Frame 608 end
Average processing time of GrabImageRGBD(): 17.8172ms
Frame 609 end
Average processing time of GrabImageRGBD(): 17.8204ms
Frame 610 end
Average processing time of GrabImageRGBD(): 17.8164ms
Frame 611 end
Average processing time of GrabImageRGBD(): 17.8161ms
Frame 612 end
Average processing time of GrabImageRGBD(): 17.814ms
Frame 613 end
Average processing time of GrabImageRGBD(): 17.8159ms
Frame 614 end
Average processing time of GrabImageRGBD(): 17.8163ms
Frame 615 end
Average processing time of GrabImageRGBD(): 17.8176ms
Frame 616 end
Average processing time of GrabImageRGBD(): 17.82ms
Frame 617 end
Average processing time of GrabImageRGBD(): 17.8161ms
Frame 618 end
Average processing time of GrabImageRGBD(): 17.8119ms
Frame 619 end
Average processing time of GrabImageRGBD(): 17.8591ms
Frame 620 end
Average processing time of GrabImageRGBD(): 17.8603ms
Frame 621 end
Average processing time of GrabImageRGBD(): 17.8609ms
Frame 622 end
Average processing time of GrabImageRGBD(): 17.857ms
Frame 623 end
Average processing time of GrabImageRGBD(): 17.8575ms
Frame 624 end
Average processing time of GrabImageRGBD(): 17.8522ms
Frame 625 end
Average processing time of GrabImageRGBD(): 17.8541ms
Frame 626 end
Average processing time of GrabImageRGBD(): 17.8562ms
Frame 627 end
Average processing time of GrabImageRGBD(): 17.8577ms
Frame 628 end
Average processing time of GrabImageRGBD(): 17.8971ms
Frame 629 end
Average processing time of GrabImageRGBD(): 17.9005ms
Frame 630 end
Average processing time of GrabImageRGBD(): 17.8982ms
Frame 631 end
Average processing time of GrabImageRGBD(): 17.8935ms
Frame 632 end
Average processing time of GrabImageRGBD(): 17.8915ms
Frame 633 end
Average processing time of GrabImageRGBD(): 17.8899ms
Frame 634 end
Average processing time of GrabImageRGBD(): 17.8834ms
Frame 635 end
Average processing time of GrabImageRGBD(): 17.8797ms
Frame 636 end
Average processing time of GrabImageRGBD(): 17.8746ms
Frame 637 end
Average processing time of GrabImageRGBD(): 17.8724ms
Frame 638 end
Average processing time of GrabImageRGBD(): 17.8673ms
Frame 639 end
Average processing time of GrabImageRGBD(): 17.8657ms
Frame 640 end
Average processing time of GrabImageRGBD(): 17.8614ms
Frame 641 end
Average processing time of GrabImageRGBD(): 17.8565ms
Frame 642 end
Average processing time of GrabImageRGBD(): 17.8501ms
Frame 643 end
Average processing time of GrabImageRGBD(): 17.847ms
Frame 644 end
Average processing time of GrabImageRGBD(): 17.893ms
Frame 645 end
Average processing time of GrabImageRGBD(): 17.9168ms
Frame 646 end
Average processing time of GrabImageRGBD(): 17.9165ms
Frame 647 end
Average processing time of GrabImageRGBD(): 17.9157ms
Frame 648 end
Average processing time of GrabImageRGBD(): 17.9213ms
Frame 649 end
Average processing time of GrabImageRGBD(): 17.919ms
Frame 650 end
Average processing time of GrabImageRGBD(): 17.9127ms
Frame 651 end
Average processing time of GrabImageRGBD(): 17.9065ms
Frame 652 end
Average processing time of GrabImageRGBD(): 17.8988ms
Frame 653 end
Average processing time of GrabImageRGBD(): 17.903ms
Frame 654 end
Average processing time of GrabImageRGBD(): 17.946ms
Frame 655 end
Average processing time of GrabImageRGBD(): 17.9543ms
Frame 656 end
Average processing time of GrabImageRGBD(): 17.9509ms
Frame 657 end
Average processing time of GrabImageRGBD(): 17.9425ms
Frame 658 end
Average processing time of GrabImageRGBD(): 17.9377ms
Frame 659 end
Average processing time of GrabImageRGBD(): 17.9382ms
Frame 660 end
Average processing time of GrabImageRGBD(): 17.9426ms
Frame 661 end
Average processing time of GrabImageRGBD(): 17.9434ms
Frame 662 end
Average processing time of GrabImageRGBD(): 17.9476ms
Frame 663 end
Average processing time of GrabImageRGBD(): 17.9475ms
Frame 664 end
Average processing time of GrabImageRGBD(): 17.988ms
Frame 665 end
Average processing time of GrabImageRGBD(): 17.9945ms
Frame 666 end
Average processing time of GrabImageRGBD(): 17.9989ms
Frame 667 end
Average processing time of GrabImageRGBD(): 18.002ms
Frame 668 end
Average processing time of GrabImageRGBD(): 17.9991ms
Frame 669 end
Average processing time of GrabImageRGBD(): 17.9952ms
Frame 670 end
Average processing time of GrabImageRGBD(): 17.9983ms
Frame 671 end
Average processing time of GrabImageRGBD(): 18.0259ms
Frame 672 end
Average processing time of GrabImageRGBD(): 18.0268ms
Frame 673 end
Average processing time of GrabImageRGBD(): 18.0244ms
Frame 674 end
Average processing time of GrabImageRGBD(): 18.0623ms
Frame 675 end
Average processing time of GrabImageRGBD(): 18.0646ms
Frame 676 end
Average processing time of GrabImageRGBD(): 18.0675ms
Frame 677 end
Average processing time of GrabImageRGBD(): 18.0725ms
Frame 678 end
Average processing time of GrabImageRGBD(): 18.0767ms
Frame 679 end
Average processing time of GrabImageRGBD(): 18.0828ms
Frame 680 end
Average processing time of GrabImageRGBD(): 18.0901ms
Frame 681 end
Average processing time of GrabImageRGBD(): 18.1016ms
Frame 682 end
Average processing time of GrabImageRGBD(): 18.1065ms
Frame 683 end
Average processing time of GrabImageRGBD(): 18.1099ms
Frame 684 end
Average processing time of GrabImageRGBD(): 18.1437ms
Frame 685 end
Average processing time of GrabImageRGBD(): 18.1433ms
Frame 686 end
Average processing time of GrabImageRGBD(): 18.1487ms
Frame 687 end
Average processing time of GrabImageRGBD(): 18.1584ms
Frame 688 end
Average processing time of GrabImageRGBD(): 18.1633ms
Frame 689 end
Average processing time of GrabImageRGBD(): 18.1642ms
Frame 690 end
Average processing time of GrabImageRGBD(): 18.1653ms
Frame 691 end
Average processing time of GrabImageRGBD(): 18.1659ms
Frame 692 end
Average processing time of GrabImageRGBD(): 18.1696ms
Frame 693 end
Average processing time of GrabImageRGBD(): 18.1769ms
Frame 694 end
Average processing time of GrabImageRGBD(): 18.1769ms
Frame 695 end
Average processing time of GrabImageRGBD(): 18.176ms
Frame 696 end
Average processing time of GrabImageRGBD(): 18.1753ms
Frame 697 end
Average processing time of GrabImageRGBD(): 18.1771ms
Frame 698 end
Average processing time of GrabImageRGBD(): 18.2134ms
Frame 699 end
Average processing time of GrabImageRGBD(): 18.2184ms
Frame 700 end
Average processing time of GrabImageRGBD(): 18.2318ms
Frame 701 end
Average processing time of GrabImageRGBD(): 18.2304ms
Frame 702 end
Average processing time of GrabImageRGBD(): 18.2294ms
Frame 703 end
Average processing time of GrabImageRGBD(): 18.232ms
Frame 704 end
Average processing time of GrabImageRGBD(): 18.23ms
Frame 705 end
Average processing time of GrabImageRGBD(): 18.233ms
Frame 706 end
Average processing time of GrabImageRGBD(): 18.2724ms
Frame 707 end
Average processing time of GrabImageRGBD(): 18.2744ms
Frame 708 end
Average processing time of GrabImageRGBD(): 18.2745ms
Frame 709 end
Average processing time of GrabImageRGBD(): 18.2835ms
Frame 710 end
Average processing time of GrabImageRGBD(): 18.2946ms
Frame 711 end
Average processing time of GrabImageRGBD(): 18.3033ms
Frame 712 end
Average processing time of GrabImageRGBD(): 18.3118ms
Frame 713 end
Average processing time of GrabImageRGBD(): 18.3191ms
Frame 714 end
Average processing time of GrabImageRGBD(): 18.326ms
Frame 715 end
Average processing time of GrabImageRGBD(): 18.364ms
Frame 716 end
Average processing time of GrabImageRGBD(): 18.3797ms
Frame 717 end
Average processing time of GrabImageRGBD(): 18.3842ms
Frame 718 end
Average processing time of GrabImageRGBD(): 18.3908ms
Frame 719 end
Average processing time of GrabImageRGBD(): 18.3983ms
Frame 720 end
Average processing time of GrabImageRGBD(): 18.4033ms
Frame 721 end
Average processing time of GrabImageRGBD(): 18.4102ms
Frame 722 end
Average processing time of GrabImageRGBD(): 18.4147ms
Frame 723 end
Average processing time of GrabImageRGBD(): 18.4182ms
Frame 724 end
Average processing time of GrabImageRGBD(): 18.4212ms
Frame 725 end
Average processing time of GrabImageRGBD(): 18.4619ms
Frame 726 end
Average processing time of GrabImageRGBD(): 18.4662ms
Frame 727 end
Average processing time of GrabImageRGBD(): 18.4704ms
Frame 728 end
Average processing time of GrabImageRGBD(): 18.4844ms
Frame 729 end
Average processing time of GrabImageRGBD(): 18.4847ms
Frame 730 end
Average processing time of GrabImageRGBD(): 18.4909ms
Frame 731 end
Average processing time of GrabImageRGBD(): 18.4987ms
Frame 732 end
Average processing time of GrabImageRGBD(): 18.4975ms
Frame 733 end
Average processing time of GrabImageRGBD(): 18.5043ms
Frame 734 end
Average processing time of GrabImageRGBD(): 18.51ms
Frame 735 end
Average processing time of GrabImageRGBD(): 18.5411ms
Frame 736 end
Average processing time of GrabImageRGBD(): 18.5449ms
Frame 737 end
Average processing time of GrabImageRGBD(): 18.5487ms
Frame 738 end
Average processing time of GrabImageRGBD(): 18.5469ms
Frame 739 end
Average processing time of GrabImageRGBD(): 18.5507ms
Frame 740 end
Average processing time of GrabImageRGBD(): 18.5571ms
Frame 741 end
Average processing time of GrabImageRGBD(): 18.5573ms
Frame 742 end
Average processing time of GrabImageRGBD(): 18.556ms
Frame 743 end
Average processing time of GrabImageRGBD(): 18.5912ms
Frame 744 end
Average processing time of GrabImageRGBD(): 18.5922ms
Frame 745 end
Average processing time of GrabImageRGBD(): 18.5904ms
Frame 746 end
Average processing time of GrabImageRGBD(): 18.59ms
Frame 747 end
Average processing time of GrabImageRGBD(): 18.5931ms
Frame 748 end
Average processing time of GrabImageRGBD(): 18.5963ms
Frame 749 end
Average processing time of GrabImageRGBD(): 18.5971ms
Frame 750 end
Average processing time of GrabImageRGBD(): 18.5974ms
Frame 751 end
Average processing time of GrabImageRGBD(): 18.5939ms
Frame 752 end
Average processing time of GrabImageRGBD(): 18.5967ms
Frame 753 end
Average processing time of GrabImageRGBD(): 18.5974ms
Frame 754 end
Average processing time of GrabImageRGBD(): 18.6303ms
Frame 755 end
Average processing time of GrabImageRGBD(): 18.6335ms
Frame 756 end
Average processing time of GrabImageRGBD(): 18.6328ms
Frame 757 end
Average processing time of GrabImageRGBD(): 18.6358ms
Frame 758 end
Average processing time of GrabImageRGBD(): 18.6369ms
Frame 759 end
Average processing time of GrabImageRGBD(): 18.6405ms
Frame 760 end
Average processing time of GrabImageRGBD(): 18.6457ms
Frame 761 end
Average processing time of GrabImageRGBD(): 18.6474ms
Frame 762 end
Average processing time of GrabImageRGBD(): 18.6487ms
Frame 763 end
Average processing time of GrabImageRGBD(): 18.6511ms
Frame 764 end
Average processing time of GrabImageRGBD(): 18.6644ms
Frame 765 end
Average processing time of GrabImageRGBD(): 18.7006ms
Frame 766 end
Average processing time of GrabImageRGBD(): 18.7011ms
Frame 767 end
Average processing time of GrabImageRGBD(): 18.7034ms
Frame 768 end
Average processing time of GrabImageRGBD(): 18.7076ms
Frame 769 end
Average processing time of GrabImageRGBD(): 18.7061ms
Frame 770 end
Average processing time of GrabImageRGBD(): 18.7074ms
Frame 771 end
Average processing time of GrabImageRGBD(): 18.7098ms
Frame 772 end
Average processing time of GrabImageRGBD(): 18.7158ms
Frame 773 end
Average processing time of GrabImageRGBD(): 18.719ms
Frame 774 end
Average processing time of GrabImageRGBD(): 18.7244ms
Frame 775 end
Average processing time of GrabImageRGBD(): 18.7225ms
Frame 776 end
Average processing time of GrabImageRGBD(): 18.7224ms
Frame 777 end
Average processing time of GrabImageRGBD(): 18.7246ms
Frame 778 end
Average processing time of GrabImageRGBD(): 18.7296ms
Frame 779 end
Average processing time of GrabImageRGBD(): 18.7278ms
Frame 780 end
Average processing time of GrabImageRGBD(): 18.76ms
Frame 781 end
Average processing time of GrabImageRGBD(): 18.7589ms
Frame 782 end
Average processing time of GrabImageRGBD(): 18.7603ms
Frame 783 end
Average processing time of GrabImageRGBD(): 18.7634ms
Frame 784 end
Average processing time of GrabImageRGBD(): 18.7692ms
Frame 785 end
Average processing time of GrabImageRGBD(): 18.7684ms
Frame 786 end
Average processing time of GrabImageRGBD(): 18.7681ms
Frame 787 end
Average processing time of GrabImageRGBD(): 18.7721ms
Frame 788 end
Average processing time of GrabImageRGBD(): 18.7766ms
Frame 789 end
Average processing time of GrabImageRGBD(): 18.781ms
Frame 790 end
Average processing time of GrabImageRGBD(): 18.7856ms
Frame 791 end
Average processing time of GrabImageRGBD(): 18.8201ms
Frame 792 end
Average processing time of GrabImageRGBD(): 18.8267ms
Frame 793 end
Average processing time of GrabImageRGBD(): 18.8236ms
Frame 794 end
Average processing time of GrabImageRGBD(): 18.8252ms
Frame 795 end
Average processing time of GrabImageRGBD(): 18.8246ms
Frame 796 end
Average processing time of GrabImageRGBD(): 18.824ms
Frame 797 end
Average processing time of GrabImageRGBD(): 18.8262ms
Frame 798 end
Average processing time of GrabImageRGBD(): 18.8251ms
Frame 799 end
Average processing time of GrabImageRGBD(): 18.8266ms
Frame 800 end
Average processing time of GrabImageRGBD(): 18.8367ms
Frame 801 end
Average processing time of GrabImageRGBD(): 18.8409ms
Frame 802 end
Average processing time of GrabImageRGBD(): 18.8365ms
Frame 803 end
Average processing time of GrabImageRGBD(): 18.8404ms
Frame 804 end
Average processing time of GrabImageRGBD(): 18.8769ms
Frame 805 end
Average processing time of GrabImageRGBD(): 18.8856ms
Frame 806 end
Average processing time of GrabImageRGBD(): 18.892ms
Frame 807 end
Average processing time of GrabImageRGBD(): 18.899ms
Frame 808 end
Average processing time of GrabImageRGBD(): 18.9005ms
Frame 809 end
Average processing time of GrabImageRGBD(): 18.9011ms
Frame 810 end
Average processing time of GrabImageRGBD(): 18.9062ms
Frame 811 end
Average processing time of GrabImageRGBD(): 18.9066ms
Frame 812 end
Average processing time of GrabImageRGBD(): 18.9121ms
Frame 813 end
Average processing time of GrabImageRGBD(): 18.9422ms
Frame 814 end
Average processing time of GrabImageRGBD(): 18.946ms
Frame 815 end
Average processing time of GrabImageRGBD(): 18.9479ms
Frame 816 end
Average processing time of GrabImageRGBD(): 18.9522ms
Frame 817 end
Average processing time of GrabImageRGBD(): 18.9538ms
Frame 818 end
Average processing time of GrabImageRGBD(): 18.9565ms
Frame 819 end
Average processing time of GrabImageRGBD(): 18.9615ms
Frame 820 end
Average processing time of GrabImageRGBD(): 18.957ms
Frame 821 end
Average processing time of GrabImageRGBD(): 18.9533ms
Frame 822 end
Average processing time of GrabImageRGBD(): 18.9569ms
Frame 823 end
Average processing time of GrabImageRGBD(): 18.9587ms
Frame 824 end
Average processing time of GrabImageRGBD(): 18.954ms
Frame 825 end
Average processing time of GrabImageRGBD(): 18.9532ms
Frame 826 end
Shutdown
-------

median tracking time: 0.0190776
mean tracking time: 0.0206813

Saving camera trajectory to CameraTrajectory.txt ...

Saving keyframe trajectory to KeyFrameTrajectory.txt ...
