
ORB-SLAM3 Copyright (C) 2017-2020 Carlos Campos, Richard Elvira, Juan J. Gómez, José M.M. Montiel and Juan D. Tardós, University of Zaragoza.
ORB-SLAM2 Copyright (C) 2014-2016 Raúl Mur-Artal, José M.M. Montiel and Juan D. Tardós, University of Zaragoza.
This program comes with ABSOLUTELY NO WARRANTY;
This is free software, and you are welcome to redistribute it
under certain conditions. See LICENSE.txt.

Input sensor was set to: RGB-D
Loading settings from ./Examples/RGB-D/TUM3.yaml
	-Loaded camera 1
	-Loaded image info
	-Loaded RGB-D calibration
	-Loaded ORB settings
	-Loaded viewer settings
	-Loaded Atlas settings
	-Loaded misc parameters
----------------------------------
SLAM settings: 
	-Camera 1 parameters (Pinhole): [ 535.4 539.2 320.1 247.6 ]
	-Camera 1 distortion parameters: [  0 0 0 0 ]
	-Original image size: [ 640 , 480 ]
	-Current image size: [ 640 , 480 ]
	-Sequence FPS: 30
	-RGB-D depth map factor: 5000
	-Features per image: 1000
	-ORB scale factor: 1.2
	-ORB number of scales: 8
	-Initial FAST threshold: 20
	-Min FAST threshold: 7


Loading ORB Vocabulary. This could take a while...
Vocabulary loaded!

Initialization of Atlas from scratch 
Creation of new map with id: 0
Creation of new map with last KF id: 0
Seq. Name: 
There are 1 cameras in the atlas
Camera 0 is pinhole
Net use yolo-fastest

-------
Start processing sequence ...
Images in the sequence: 827

First KF:0; Map init KF:0
New Map created with 517 points
Average processing time of GrabImageRGBD(): 52.517ms
Frame 0 end
Average processing time of GrabImageRGBD(): 45.8316ms
Frame 1 end
Average processing time of GrabImageRGBD(): 43.8531ms
Frame 2 end
Average processing time of GrabImageRGBD(): 38.0571ms
Frame 3 end
Average processing time of GrabImageRGBD(): 34.1928ms
Frame 4 end
Average processing time of GrabImageRGBD(): 31.6993ms
Frame 5 end
Average processing time of GrabImageRGBD(): 29.5428ms
Frame 6 end
Average processing time of GrabImageRGBD(): 28.0611ms
Frame 7 end
Average processing time of GrabImageRGBD(): 29.3989ms
Frame 8 end
Average processing time of GrabImageRGBD(): 28.7165ms
Frame 9 end
Average processing time of GrabImageRGBD(): 28.0279ms
Frame 10 end
Average processing time of GrabImageRGBD(): 27.5599ms
Frame 11 end
Average processing time of GrabImageRGBD(): 27.0423ms
Frame 12 end
Average processing time of GrabImageRGBD(): 26.4151ms
Frame 13 end
Average processing time of GrabImageRGBD(): 25.942ms
Frame 14 end
Average processing time of GrabImageRGBD(): 25.3075ms
Frame 15 end
Average processing time of GrabImageRGBD(): 24.768ms
Frame 16 end
Average processing time of GrabImageRGBD(): 24.6115ms
Frame 17 end
Average processing time of GrabImageRGBD(): 24.4437ms
Frame 18 end
Average processing time of GrabImageRGBD(): 25.2436ms
Frame 19 end
Average processing time of GrabImageRGBD(): 26.041ms
Frame 20 end
Average processing time of GrabImageRGBD(): 25.8656ms
Frame 21 end
Average processing time of GrabImageRGBD(): 25.5236ms
Frame 22 end
Average processing time of GrabImageRGBD(): 25.4012ms
Frame 23 end
Average processing time of GrabImageRGBD(): 25.2143ms
Frame 24 end
Average processing time of GrabImageRGBD(): 25.9716ms
Frame 25 end
Average processing time of GrabImageRGBD(): 25.907ms
Frame 26 end
Average processing time of GrabImageRGBD(): 25.9465ms
Frame 27 end
Average processing time of GrabImageRGBD(): 25.8141ms
Frame 28 end
Average processing time of GrabImageRGBD(): 25.6366ms
Frame 29 end
Average processing time of GrabImageRGBD(): 25.5477ms
Frame 30 end
Average processing time of GrabImageRGBD(): 25.3901ms
Frame 31 end
Average processing time of GrabImageRGBD(): 25.2027ms
Frame 32 end
Average processing time of GrabImageRGBD(): 24.9715ms
Frame 33 end
Average processing time of GrabImageRGBD(): 25.2726ms
Frame 34 end
Average processing time of GrabImageRGBD(): 25.0781ms
Frame 35 end
Average processing time of GrabImageRGBD(): 25.4397ms
Frame 36 end
Average processing time of GrabImageRGBD(): 25.3608ms
Frame 37 end
Average processing time of GrabImageRGBD(): 25.8537ms
Frame 38 end
Average processing time of GrabImageRGBD(): 25.6922ms
Frame 39 end
Average processing time of GrabImageRGBD(): 25.5882ms
Frame 40 end
Average processing time of GrabImageRGBD(): 25.4581ms
Frame 41 end
Average processing time of GrabImageRGBD(): 25.3035ms
Frame 42 end
Average processing time of GrabImageRGBD(): 25.2706ms
Frame 43 end
Average processing time of GrabImageRGBD(): 25.1025ms
Frame 44 end
Average processing time of GrabImageRGBD(): 25.3792ms
Frame 45 end
Average processing time of GrabImageRGBD(): 25.2628ms
Frame 46 end
Average processing time of GrabImageRGBD(): 25.619ms
Frame 47 end
Average processing time of GrabImageRGBD(): 25.4576ms
Frame 48 end
Average processing time of GrabImageRGBD(): 25.3173ms
Frame 49 end
Average processing time of GrabImageRGBD(): 25.1806ms
Frame 50 end
Average processing time of GrabImageRGBD(): 25.0879ms
Frame 51 end
Average processing time of GrabImageRGBD(): 25.2309ms
Frame 52 end
Average processing time of GrabImageRGBD(): 25.1015ms
Frame 53 end
Average processing time of GrabImageRGBD(): 25.3677ms
Frame 54 end
Average processing time of GrabImageRGBD(): 25.2752ms
Frame 55 end
Average processing time of GrabImageRGBD(): 25.1383ms
Frame 56 end
Average processing time of GrabImageRGBD(): 25.044ms
Frame 57 end
Average processing time of GrabImageRGBD(): 24.9492ms
Frame 58 end
Average processing time of GrabImageRGBD(): 24.8003ms
Frame 59 end
Average processing time of GrabImageRGBD(): 24.7729ms
Frame 60 end
Average processing time of GrabImageRGBD(): 24.7203ms
Frame 61 end
Average processing time of GrabImageRGBD(): 24.6246ms
Frame 62 end
Average processing time of GrabImageRGBD(): 24.5911ms
Frame 63 end
Average processing time of GrabImageRGBD(): 24.536ms
Frame 64 end
Average processing time of GrabImageRGBD(): 24.7835ms
Frame 65 end
Average processing time of GrabImageRGBD(): 24.6709ms
Frame 66 end
Average processing time of GrabImageRGBD(): 24.5784ms
Frame 67 end
Average processing time of GrabImageRGBD(): 24.4701ms
Frame 68 end
Average processing time of GrabImageRGBD(): 24.3577ms
Frame 69 end
Average processing time of GrabImageRGBD(): 24.2939ms
Frame 70 end
Average processing time of GrabImageRGBD(): 24.239ms
Frame 71 end
Average processing time of GrabImageRGBD(): 24.3417ms
Frame 72 end
Average processing time of GrabImageRGBD(): 24.4967ms
Frame 73 end
Average processing time of GrabImageRGBD(): 24.4349ms
Frame 74 end
Average processing time of GrabImageRGBD(): 24.4528ms
Frame 75 end
Average processing time of GrabImageRGBD(): 24.3659ms
Frame 76 end
Average processing time of GrabImageRGBD(): 24.3227ms
Frame 77 end
Average processing time of GrabImageRGBD(): 24.5222ms
Frame 78 end
Average processing time of GrabImageRGBD(): 24.4319ms
Frame 79 end
Average processing time of GrabImageRGBD(): 24.3374ms
Frame 80 end
Average processing time of GrabImageRGBD(): 24.2425ms
Frame 81 end
Average processing time of GrabImageRGBD(): 24.1855ms
Frame 82 end
Average processing time of GrabImageRGBD(): 24.242ms
Frame 83 end
Average processing time of GrabImageRGBD(): 24.1927ms
Frame 84 end
Average processing time of GrabImageRGBD(): 24.1166ms
Frame 85 end
Average processing time of GrabImageRGBD(): 24.034ms
Frame 86 end
Average processing time of GrabImageRGBD(): 23.9945ms
Frame 87 end
Average processing time of GrabImageRGBD(): 23.9419ms
Frame 88 end
Average processing time of GrabImageRGBD(): 23.8797ms
Frame 89 end
Average processing time of GrabImageRGBD(): 23.7812ms
Frame 90 end
Average processing time of GrabImageRGBD(): 23.7652ms
Frame 91 end
Average processing time of GrabImageRGBD(): 23.6993ms
Frame 92 end
Average processing time of GrabImageRGBD(): 23.6434ms
Frame 93 end
Average processing time of GrabImageRGBD(): 23.5782ms
Frame 94 end
Average processing time of GrabImageRGBD(): 23.596ms
Frame 95 end
Average processing time of GrabImageRGBD(): 23.5175ms
Frame 96 end
Average processing time of GrabImageRGBD(): 23.4375ms
Frame 97 end
Average processing time of GrabImageRGBD(): 23.3981ms
Frame 98 end
Average processing time of GrabImageRGBD(): 23.3774ms
Frame 99 end
Average processing time of GrabImageRGBD(): 23.53ms
Frame 100 end
Average processing time of GrabImageRGBD(): 23.4672ms
Frame 101 end
Average processing time of GrabImageRGBD(): 23.3898ms
Frame 102 end
Average processing time of GrabImageRGBD(): 23.3849ms
Frame 103 end
Average processing time of GrabImageRGBD(): 23.3515ms
Frame 104 end
Average processing time of GrabImageRGBD(): 23.2872ms
Frame 105 end
Average processing time of GrabImageRGBD(): 23.2237ms
Frame 106 end
Average processing time of GrabImageRGBD(): 23.2497ms
Frame 107 end
Average processing time of GrabImageRGBD(): 23.4229ms
Frame 108 end
Average processing time of GrabImageRGBD(): 23.3549ms
Frame 109 end
Average processing time of GrabImageRGBD(): 23.2799ms
Frame 110 end
Average processing time of GrabImageRGBD(): 23.1993ms
Frame 111 end
Average processing time of GrabImageRGBD(): 23.1245ms
Frame 112 end
Average processing time of GrabImageRGBD(): 23.1538ms
Frame 113 end
Average processing time of GrabImageRGBD(): 23.2915ms
Frame 114 end
Average processing time of GrabImageRGBD(): 23.2303ms
Frame 115 end
Average processing time of GrabImageRGBD(): 23.3463ms
Frame 116 end
Average processing time of GrabImageRGBD(): 23.3225ms
Frame 117 end
Average processing time of GrabImageRGBD(): 23.2717ms
Frame 118 end
Average processing time of GrabImageRGBD(): 23.2084ms
Frame 119 end
Average processing time of GrabImageRGBD(): 23.1543ms
Frame 120 end
Average processing time of GrabImageRGBD(): 23.2896ms
Frame 121 end
Average processing time of GrabImageRGBD(): 23.2398ms
Frame 122 end
Average processing time of GrabImageRGBD(): 23.1991ms
Frame 123 end
Average processing time of GrabImageRGBD(): 23.1498ms
Frame 124 end
Average processing time of GrabImageRGBD(): 23.0837ms
Frame 125 end
Average processing time of GrabImageRGBD(): 23.0386ms
Frame 126 end
Average processing time of GrabImageRGBD(): 22.9708ms
Frame 127 end
Average processing time of GrabImageRGBD(): 22.9169ms
Frame 128 end
Average processing time of GrabImageRGBD(): 22.8481ms
Frame 129 end
Average processing time of GrabImageRGBD(): 23.0272ms
Frame 130 end
Average processing time of GrabImageRGBD(): 22.9809ms
Frame 131 end
Average processing time of GrabImageRGBD(): 22.9432ms
Frame 132 end
Average processing time of GrabImageRGBD(): 23.0551ms
Frame 133 end
Average processing time of GrabImageRGBD(): 22.999ms
Frame 134 end
Average processing time of GrabImageRGBD(): 22.9482ms
Frame 135 end
Average processing time of GrabImageRGBD(): 23.0374ms
Frame 136 end
Average processing time of GrabImageRGBD(): 22.9409ms
Frame 137 end
Average processing time of GrabImageRGBD(): 22.8938ms
Frame 138 end
Average processing time of GrabImageRGBD(): 22.8369ms
Frame 139 end
Average processing time of GrabImageRGBD(): 22.775ms
Frame 140 end
Average processing time of GrabImageRGBD(): 22.8581ms
Frame 141 end
Average processing time of GrabImageRGBD(): 22.7991ms
Frame 142 end
Average processing time of GrabImageRGBD(): 22.7412ms
Frame 143 end
Average processing time of GrabImageRGBD(): 22.6789ms
Frame 144 end
Average processing time of GrabImageRGBD(): 22.7706ms
Frame 145 end
Average processing time of GrabImageRGBD(): 22.7209ms
Frame 146 end
Average processing time of GrabImageRGBD(): 22.6883ms
Frame 147 end
Average processing time of GrabImageRGBD(): 22.6216ms
Frame 148 end
Average processing time of GrabImageRGBD(): 22.5859ms
Frame 149 end
Average processing time of GrabImageRGBD(): 22.6707ms
Frame 150 end
Average processing time of GrabImageRGBD(): 22.6176ms
Frame 151 end
Average processing time of GrabImageRGBD(): 22.586ms
Frame 152 end
Average processing time of GrabImageRGBD(): 22.6583ms
Frame 153 end
Average processing time of GrabImageRGBD(): 22.6029ms
Frame 154 end
Average processing time of GrabImageRGBD(): 22.568ms
Frame 155 end
Average processing time of GrabImageRGBD(): 22.6296ms
Frame 156 end
Average processing time of GrabImageRGBD(): 22.5763ms
Frame 157 end
Average processing time of GrabImageRGBD(): 22.5416ms
Frame 158 end
Average processing time of GrabImageRGBD(): 22.6309ms
Frame 159 end
Average processing time of GrabImageRGBD(): 22.6127ms
Frame 160 end
Average processing time of GrabImageRGBD(): 22.5648ms
Frame 161 end
Average processing time of GrabImageRGBD(): 22.6776ms
Frame 162 end
Average processing time of GrabImageRGBD(): 22.6887ms
Frame 163 end
Average processing time of GrabImageRGBD(): 22.6519ms
Frame 164 end
Average processing time of GrabImageRGBD(): 22.7191ms
Frame 165 end
Average processing time of GrabImageRGBD(): 22.6989ms
Frame 166 end
Average processing time of GrabImageRGBD(): 22.6701ms
Frame 167 end
Average processing time of GrabImageRGBD(): 22.7463ms
Frame 168 end
Average processing time of GrabImageRGBD(): 22.7196ms
Frame 169 end
Average processing time of GrabImageRGBD(): 22.7006ms
Frame 170 end
Average processing time of GrabImageRGBD(): 22.8482ms
Frame 171 end
Average processing time of GrabImageRGBD(): 22.7856ms
Frame 172 end
Average processing time of GrabImageRGBD(): 22.7476ms
Frame 173 end
Average processing time of GrabImageRGBD(): 22.6827ms
Frame 174 end
Average processing time of GrabImageRGBD(): 22.6918ms
Frame 175 end
Average processing time of GrabImageRGBD(): 22.634ms
Frame 176 end
Average processing time of GrabImageRGBD(): 22.5355ms
Frame 177 end
Average processing time of GrabImageRGBD(): 22.4499ms
Frame 178 end
Average processing time of GrabImageRGBD(): 22.528ms
Frame 179 end
Average processing time of GrabImageRGBD(): 22.4269ms
Frame 180 end
Average processing time of GrabImageRGBD(): 22.346ms
Frame 181 end
Average processing time of GrabImageRGBD(): 22.2518ms
Frame 182 end
Average processing time of GrabImageRGBD(): 22.1523ms
Frame 183 end
Average processing time of GrabImageRGBD(): 22.172ms
Frame 184 end
Average processing time of GrabImageRGBD(): 22.0964ms
Frame 185 end
Average processing time of GrabImageRGBD(): 22.0106ms
Frame 186 end
Average processing time of GrabImageRGBD(): 21.9391ms
Frame 187 end
Average processing time of GrabImageRGBD(): 21.8844ms
Frame 188 end
Average processing time of GrabImageRGBD(): 21.9427ms
Frame 189 end
Average processing time of GrabImageRGBD(): 21.8507ms
Frame 190 end
Average processing time of GrabImageRGBD(): 21.7957ms
Frame 191 end
Average processing time of GrabImageRGBD(): 21.7039ms
Frame 192 end
Average processing time of GrabImageRGBD(): 21.6624ms
Frame 193 end
Average processing time of GrabImageRGBD(): 21.6418ms
Frame 194 end
Average processing time of GrabImageRGBD(): 21.6033ms
Frame 195 end
Average processing time of GrabImageRGBD(): 21.6667ms
Frame 196 end
Average processing time of GrabImageRGBD(): 21.6329ms
Frame 197 end
Average processing time of GrabImageRGBD(): 21.6054ms
Frame 198 end
Average processing time of GrabImageRGBD(): 21.5683ms
Frame 199 end
Average processing time of GrabImageRGBD(): 21.5571ms
Frame 200 end
Average processing time of GrabImageRGBD(): 21.6218ms
Frame 201 end
Average processing time of GrabImageRGBD(): 21.5938ms
Frame 202 end
Average processing time of GrabImageRGBD(): 21.555ms
Frame 203 end
Average processing time of GrabImageRGBD(): 21.5097ms
Frame 204 end
Average processing time of GrabImageRGBD(): 21.4711ms
Frame 205 end
Average processing time of GrabImageRGBD(): 21.5513ms
Frame 206 end
Average processing time of GrabImageRGBD(): 21.5201ms
Frame 207 end
Average processing time of GrabImageRGBD(): 21.5103ms
Frame 208 end
Average processing time of GrabImageRGBD(): 21.4337ms
Frame 209 end
Average processing time of GrabImageRGBD(): 21.4218ms
Frame 210 end
Average processing time of GrabImageRGBD(): 21.4692ms
Frame 211 end
Average processing time of GrabImageRGBD(): 21.447ms
Frame 212 end
Average processing time of GrabImageRGBD(): 21.4131ms
Frame 213 end
Average processing time of GrabImageRGBD(): 21.399ms
Frame 214 end
Average processing time of GrabImageRGBD(): 21.3583ms
Frame 215 end
Average processing time of GrabImageRGBD(): 21.4579ms
Frame 216 end
Average processing time of GrabImageRGBD(): 21.4344ms
Frame 217 end
Average processing time of GrabImageRGBD(): 21.4106ms
Frame 218 end
Average processing time of GrabImageRGBD(): 21.3794ms
Frame 219 end
Average processing time of GrabImageRGBD(): 21.3546ms
Frame 220 end
Average processing time of GrabImageRGBD(): 21.4104ms
Frame 221 end
Average processing time of GrabImageRGBD(): 21.3812ms
Frame 222 end
Average processing time of GrabImageRGBD(): 21.3559ms
Frame 223 end
Average processing time of GrabImageRGBD(): 21.3242ms
Frame 224 end
Average processing time of GrabImageRGBD(): 21.2958ms
Frame 225 end
Average processing time of GrabImageRGBD(): 21.3659ms
Frame 226 end
Average processing time of GrabImageRGBD(): 21.3444ms
Frame 227 end
Average processing time of GrabImageRGBD(): 21.3136ms
Frame 228 end
Average processing time of GrabImageRGBD(): 21.3447ms
Frame 229 end
Average processing time of GrabImageRGBD(): 21.3301ms
Frame 230 end
Average processing time of GrabImageRGBD(): 21.3111ms
Frame 231 end
Average processing time of GrabImageRGBD(): 21.3015ms
Frame 232 end
Average processing time of GrabImageRGBD(): 21.3767ms
Frame 233 end
Average processing time of GrabImageRGBD(): 21.3468ms
Frame 234 end
Average processing time of GrabImageRGBD(): 21.2886ms
Frame 235 end
Average processing time of GrabImageRGBD(): 21.2306ms
Frame 236 end
Average processing time of GrabImageRGBD(): 21.174ms
Frame 237 end
Average processing time of GrabImageRGBD(): 21.1602ms
Frame 238 end
Average processing time of GrabImageRGBD(): 21.317ms
Frame 239 end
Average processing time of GrabImageRGBD(): 21.2553ms
Frame 240 end
Average processing time of GrabImageRGBD(): 21.2016ms
Frame 241 end
Average processing time of GrabImageRGBD(): 21.1476ms
Frame 242 end
Average processing time of GrabImageRGBD(): 21.0787ms
Frame 243 end
Average processing time of GrabImageRGBD(): 21.0416ms
Frame 244 end
Average processing time of GrabImageRGBD(): 20.9761ms
Frame 245 end
Average processing time of GrabImageRGBD(): 20.9064ms
Frame 246 end
Average processing time of GrabImageRGBD(): 20.8614ms
Frame 247 end
Average processing time of GrabImageRGBD(): 20.7949ms
Frame 248 end
Average processing time of GrabImageRGBD(): 20.8559ms
Frame 249 end
Average processing time of GrabImageRGBD(): 20.8172ms
Frame 250 end
Average processing time of GrabImageRGBD(): 20.7539ms
Frame 251 end
Average processing time of GrabImageRGBD(): 20.7171ms
Frame 252 end
Average processing time of GrabImageRGBD(): 20.6554ms
Frame 253 end
Average processing time of GrabImageRGBD(): 20.5892ms
Frame 254 end
Average processing time of GrabImageRGBD(): 20.6187ms
Frame 255 end
Average processing time of GrabImageRGBD(): 20.5788ms
Frame 256 end
Average processing time of GrabImageRGBD(): 20.5168ms
Frame 257 end
Average processing time of GrabImageRGBD(): 20.4672ms
Frame 258 end
Average processing time of GrabImageRGBD(): 20.429ms
Frame 259 end
Average processing time of GrabImageRGBD(): 20.461ms
Frame 260 end
Average processing time of GrabImageRGBD(): 20.4282ms
Frame 261 end
Average processing time of GrabImageRGBD(): 20.3666ms
Frame 262 end
Average processing time of GrabImageRGBD(): 20.3182ms
Frame 263 end
Average processing time of GrabImageRGBD(): 20.2844ms
Frame 264 end
Average processing time of GrabImageRGBD(): 20.2252ms
Frame 265 end
Average processing time of GrabImageRGBD(): 20.2441ms
Frame 266 end
Average processing time of GrabImageRGBD(): 20.1996ms
Frame 267 end
Average processing time of GrabImageRGBD(): 20.1394ms
Frame 268 end
Average processing time of GrabImageRGBD(): 20.1027ms
Frame 269 end
Average processing time of GrabImageRGBD(): 20.0567ms
Frame 270 end
Average processing time of GrabImageRGBD(): 20.1014ms
Frame 271 end
Average processing time of GrabImageRGBD(): 20.0694ms
Frame 272 end
Average processing time of GrabImageRGBD(): 20.0106ms
Frame 273 end
Average processing time of GrabImageRGBD(): 19.9563ms
Frame 274 end
Average processing time of GrabImageRGBD(): 19.8998ms
Frame 275 end
Average processing time of GrabImageRGBD(): 19.8571ms
Frame 276 end
Average processing time of GrabImageRGBD(): 19.8893ms
Frame 277 end
Average processing time of GrabImageRGBD(): 19.8463ms
Frame 278 end
Average processing time of GrabImageRGBD(): 19.8135ms
Frame 279 end
Average processing time of GrabImageRGBD(): 19.7805ms
Frame 280 end
Average processing time of GrabImageRGBD(): 19.7485ms
Frame 281 end
Average processing time of GrabImageRGBD(): 19.711ms
Frame 282 end
Average processing time of GrabImageRGBD(): 19.675ms
Frame 283 end
Average processing time of GrabImageRGBD(): 19.6412ms
Frame 284 end
Average processing time of GrabImageRGBD(): 19.5952ms
Frame 285 end
Average processing time of GrabImageRGBD(): 19.6153ms
Frame 286 end
Average processing time of GrabImageRGBD(): 19.5638ms
Frame 287 end
Average processing time of GrabImageRGBD(): 19.509ms
Frame 288 end
Average processing time of GrabImageRGBD(): 19.4566ms
Frame 289 end
Average processing time of GrabImageRGBD(): 19.4203ms
Frame 290 end
Average processing time of GrabImageRGBD(): 19.3663ms
Frame 291 end
Average processing time of GrabImageRGBD(): 19.4064ms
Frame 292 end
Average processing time of GrabImageRGBD(): 19.3724ms
Frame 293 end
Average processing time of GrabImageRGBD(): 19.3195ms
Frame 294 end
Average processing time of GrabImageRGBD(): 19.2867ms
Frame 295 end
Average processing time of GrabImageRGBD(): 19.2517ms
Frame 296 end
Average processing time of GrabImageRGBD(): 19.2207ms
Frame 297 end
Average processing time of GrabImageRGBD(): 19.2589ms
Frame 298 end
Average processing time of GrabImageRGBD(): 19.2105ms
Frame 299 end
Average processing time of GrabImageRGBD(): 19.1695ms
Frame 300 end
Average processing time of GrabImageRGBD(): 19.1389ms
Frame 301 end
Average processing time of GrabImageRGBD(): 19.1102ms
Frame 302 end
Average processing time of GrabImageRGBD(): 19.0609ms
Frame 303 end
Average processing time of GrabImageRGBD(): 19.0276ms
Frame 304 end
Average processing time of GrabImageRGBD(): 18.994ms
Frame 305 end
Average processing time of GrabImageRGBD(): 18.9587ms
Frame 306 end
Average processing time of GrabImageRGBD(): 18.9137ms
Frame 307 end
Average processing time of GrabImageRGBD(): 18.8728ms
Frame 308 end
Average processing time of GrabImageRGBD(): 18.8359ms
Frame 309 end
Average processing time of GrabImageRGBD(): 18.7991ms
Frame 310 end
Average processing time of GrabImageRGBD(): 18.8284ms
Frame 311 end
Average processing time of GrabImageRGBD(): 18.7867ms
Frame 312 end
Average processing time of GrabImageRGBD(): 18.7423ms
Frame 313 end
Average processing time of GrabImageRGBD(): 18.6934ms
Frame 314 end
Average processing time of GrabImageRGBD(): 18.6484ms
Frame 315 end
Average processing time of GrabImageRGBD(): 18.6211ms
Frame 316 end
Average processing time of GrabImageRGBD(): 18.5916ms
Frame 317 end
Average processing time of GrabImageRGBD(): 18.5445ms
Frame 318 end
Average processing time of GrabImageRGBD(): 18.5173ms
Frame 319 end
Average processing time of GrabImageRGBD(): 18.4912ms
Frame 320 end
Average processing time of GrabImageRGBD(): 18.5161ms
Frame 321 end
Average processing time of GrabImageRGBD(): 18.4721ms
Frame 322 end
Average processing time of GrabImageRGBD(): 18.4468ms
Frame 323 end
Average processing time of GrabImageRGBD(): 18.4226ms
Frame 324 end
Average processing time of GrabImageRGBD(): 18.3944ms
Frame 325 end
Average processing time of GrabImageRGBD(): 18.3607ms
Frame 326 end
Average processing time of GrabImageRGBD(): 18.3288ms
Frame 327 end
Average processing time of GrabImageRGBD(): 18.371ms
Frame 328 end
Average processing time of GrabImageRGBD(): 18.3313ms
Frame 329 end
Average processing time of GrabImageRGBD(): 18.2916ms
Frame 330 end
Average processing time of GrabImageRGBD(): 18.2702ms
Frame 331 end
Average processing time of GrabImageRGBD(): 18.2258ms
Frame 332 end
Average processing time of GrabImageRGBD(): 18.183ms
Frame 333 end
Average processing time of GrabImageRGBD(): 18.1598ms
Frame 334 end
Average processing time of GrabImageRGBD(): 18.2244ms
Frame 335 end
Average processing time of GrabImageRGBD(): 18.1913ms
Frame 336 end
Average processing time of GrabImageRGBD(): 18.1733ms
Frame 337 end
Average processing time of GrabImageRGBD(): 18.1327ms
Frame 338 end
Average processing time of GrabImageRGBD(): 18.0913ms
Frame 339 end
Average processing time of GrabImageRGBD(): 18.0768ms
Frame 340 end
Average processing time of GrabImageRGBD(): 18.0602ms
Frame 341 end
Average processing time of GrabImageRGBD(): 18.0915ms
Frame 342 end
Average processing time of GrabImageRGBD(): 18.0657ms
Frame 343 end
Average processing time of GrabImageRGBD(): 18.0253ms
Frame 344 end
Average processing time of GrabImageRGBD(): 17.9872ms
Frame 345 end
Average processing time of GrabImageRGBD(): 17.9588ms
Frame 346 end
Average processing time of GrabImageRGBD(): 17.9423ms
Frame 347 end
Average processing time of GrabImageRGBD(): 17.9215ms
Frame 348 end
Average processing time of GrabImageRGBD(): 17.8817ms
Frame 349 end
Average processing time of GrabImageRGBD(): 17.8628ms
Frame 350 end
Average processing time of GrabImageRGBD(): 17.8525ms
Frame 351 end
Average processing time of GrabImageRGBD(): 17.8131ms
Frame 352 end
Average processing time of GrabImageRGBD(): 17.7953ms
Frame 353 end
Average processing time of GrabImageRGBD(): 17.7598ms
Frame 354 end
Average processing time of GrabImageRGBD(): 17.7227ms
Frame 355 end
Average processing time of GrabImageRGBD(): 17.7109ms
Frame 356 end
Average processing time of GrabImageRGBD(): 17.699ms
Frame 357 end
Average processing time of GrabImageRGBD(): 17.689ms
Frame 358 end
Average processing time of GrabImageRGBD(): 17.7097ms
Frame 359 end
Average processing time of GrabImageRGBD(): 17.6755ms
Frame 360 end
Average processing time of GrabImageRGBD(): 17.6907ms
Frame 361 end
Average processing time of GrabImageRGBD(): 17.6587ms
Frame 362 end
Average processing time of GrabImageRGBD(): 17.6206ms
Frame 363 end
Average processing time of GrabImageRGBD(): 17.6638ms
Frame 364 end
Average processing time of GrabImageRGBD(): 17.6278ms
Frame 365 end
Average processing time of GrabImageRGBD(): 17.5916ms
Frame 366 end
Average processing time of GrabImageRGBD(): 17.5628ms
Frame 367 end
Average processing time of GrabImageRGBD(): 17.5425ms
Frame 368 end
Average processing time of GrabImageRGBD(): 17.5235ms
Frame 369 end
Average processing time of GrabImageRGBD(): 17.5717ms
Frame 370 end
Average processing time of GrabImageRGBD(): 17.5366ms
Frame 371 end
Average processing time of GrabImageRGBD(): 17.5176ms
Frame 372 end
Average processing time of GrabImageRGBD(): 17.4836ms
Frame 373 end
Average processing time of GrabImageRGBD(): 17.4646ms
Frame 374 end
Average processing time of GrabImageRGBD(): 17.4278ms
Frame 375 end
Average processing time of GrabImageRGBD(): 17.3934ms
Frame 376 end
Average processing time of GrabImageRGBD(): 17.4166ms
Frame 377 end
Average processing time of GrabImageRGBD(): 17.3857ms
Frame 378 end
Average processing time of GrabImageRGBD(): 17.3553ms
Frame 379 end
Average processing time of GrabImageRGBD(): 17.3481ms
Frame 380 end
Average processing time of GrabImageRGBD(): 17.3379ms
Frame 381 end
Average processing time of GrabImageRGBD(): 17.3378ms
Frame 382 end
Average processing time of GrabImageRGBD(): 17.393ms
Frame 383 end
Average processing time of GrabImageRGBD(): 17.387ms
Frame 384 end
Average processing time of GrabImageRGBD(): 17.3804ms
Frame 385 end
Average processing time of GrabImageRGBD(): 17.3779ms
Frame 386 end
Average processing time of GrabImageRGBD(): 17.3745ms
Frame 387 end
Average processing time of GrabImageRGBD(): 17.3693ms
Frame 388 end
Average processing time of GrabImageRGBD(): 17.3662ms
Frame 389 end
Average processing time of GrabImageRGBD(): 17.3581ms
Frame 390 end
Average processing time of GrabImageRGBD(): 17.4066ms
Frame 391 end
Average processing time of GrabImageRGBD(): 17.407ms
Frame 392 end
Average processing time of GrabImageRGBD(): 17.3967ms
Frame 393 end
Average processing time of GrabImageRGBD(): 17.3988ms
Frame 394 end
Average processing time of GrabImageRGBD(): 17.4137ms
Frame 395 end
Average processing time of GrabImageRGBD(): 17.4203ms
Frame 396 end
Average processing time of GrabImageRGBD(): 17.4643ms
Frame 397 end
Average processing time of GrabImageRGBD(): 17.4652ms
Frame 398 end
Average processing time of GrabImageRGBD(): 17.4644ms
Frame 399 end
Average processing time of GrabImageRGBD(): 17.4604ms
Frame 400 end
Average processing time of GrabImageRGBD(): 17.5243ms
Frame 401 end
Average processing time of GrabImageRGBD(): 17.5216ms
Frame 402 end
Average processing time of GrabImageRGBD(): 17.5188ms
Frame 403 end
Average processing time of GrabImageRGBD(): 17.584ms
Frame 404 end
Average processing time of GrabImageRGBD(): 17.5864ms
Frame 405 end
Average processing time of GrabImageRGBD(): 17.6168ms
Frame 406 end
Average processing time of GrabImageRGBD(): 17.6265ms
Frame 407 end
Average processing time of GrabImageRGBD(): 17.6235ms
Frame 408 end
Average processing time of GrabImageRGBD(): 17.6229ms
Frame 409 end
Average processing time of GrabImageRGBD(): 17.6121ms
Frame 410 end
Average processing time of GrabImageRGBD(): 17.6046ms
Frame 411 end
Average processing time of GrabImageRGBD(): 17.6609ms
Frame 412 end
Average processing time of GrabImageRGBD(): 17.6617ms
Frame 413 end
Average processing time of GrabImageRGBD(): 17.6564ms
Frame 414 end
Average processing time of GrabImageRGBD(): 17.6546ms
Frame 415 end
Average processing time of GrabImageRGBD(): 17.6457ms
Frame 416 end
Average processing time of GrabImageRGBD(): 17.6401ms
Frame 417 end
Average processing time of GrabImageRGBD(): 17.6265ms
Frame 418 end
Average processing time of GrabImageRGBD(): 17.6231ms
Frame 419 end
Average processing time of GrabImageRGBD(): 17.6835ms
Frame 420 end
Average processing time of GrabImageRGBD(): 17.6855ms
Frame 421 end
Average processing time of GrabImageRGBD(): 17.6917ms
Frame 422 end
Average processing time of GrabImageRGBD(): 17.6988ms
Frame 423 end
Average processing time of GrabImageRGBD(): 17.701ms
Frame 424 end
Average processing time of GrabImageRGBD(): 17.6986ms
Frame 425 end
Average processing time of GrabImageRGBD(): 17.7538ms
Frame 426 end
Average processing time of GrabImageRGBD(): 17.7549ms
Frame 427 end
Average processing time of GrabImageRGBD(): 17.7541ms
Frame 428 end
Average processing time of GrabImageRGBD(): 17.7489ms
Frame 429 end
Average processing time of GrabImageRGBD(): 17.7481ms
Frame 430 end
Average processing time of GrabImageRGBD(): 17.738ms
Frame 431 end
Average processing time of GrabImageRGBD(): 17.7088ms
Frame 432 end
Average processing time of GrabImageRGBD(): 17.6979ms
Frame 433 end
Average processing time of GrabImageRGBD(): 17.7536ms
Frame 434 end
Average processing time of GrabImageRGBD(): 17.7466ms
Frame 435 end
Average processing time of GrabImageRGBD(): 17.7177ms
Frame 436 end
Average processing time of GrabImageRGBD(): 17.7117ms
Frame 437 end
Average processing time of GrabImageRGBD(): 17.7057ms
Frame 438 end
Average processing time of GrabImageRGBD(): 17.6974ms
Frame 439 end
Average processing time of GrabImageRGBD(): 17.684ms
Frame 440 end
Average processing time of GrabImageRGBD(): 17.6642ms
Frame 441 end
Average processing time of GrabImageRGBD(): 17.6518ms
Frame 442 end
Average processing time of GrabImageRGBD(): 17.7062ms
Frame 443 end
Average processing time of GrabImageRGBD(): 17.6942ms
Frame 444 end
Average processing time of GrabImageRGBD(): 17.6827ms
Frame 445 end
Average processing time of GrabImageRGBD(): 17.6657ms
Frame 446 end
Average processing time of GrabImageRGBD(): 17.6576ms
Frame 447 end
Average processing time of GrabImageRGBD(): 17.6496ms
Frame 448 end
Average processing time of GrabImageRGBD(): 17.639ms
Frame 449 end
Average processing time of GrabImageRGBD(): 17.6304ms
Frame 450 end
Average processing time of GrabImageRGBD(): 17.6069ms
Frame 451 end
Average processing time of GrabImageRGBD(): 17.6494ms
Frame 452 end
Average processing time of GrabImageRGBD(): 17.6406ms
Frame 453 end
Average processing time of GrabImageRGBD(): 17.6275ms
Frame 454 end
Average processing time of GrabImageRGBD(): 17.6216ms
Frame 455 end
Average processing time of GrabImageRGBD(): 17.6123ms
Frame 456 end
Average processing time of GrabImageRGBD(): 17.6068ms
Frame 457 end
Average processing time of GrabImageRGBD(): 17.6021ms
Frame 458 end
Average processing time of GrabImageRGBD(): 17.5908ms
Frame 459 end
Average processing time of GrabImageRGBD(): 17.5831ms
Frame 460 end
Average processing time of GrabImageRGBD(): 17.635ms
Frame 461 end
Average processing time of GrabImageRGBD(): 17.6163ms
Frame 462 end
Average processing time of GrabImageRGBD(): 17.6024ms
Frame 463 end
Average processing time of GrabImageRGBD(): 17.5908ms
Frame 464 end
Average processing time of GrabImageRGBD(): 17.5966ms
Frame 465 end
Average processing time of GrabImageRGBD(): 17.5805ms
Frame 466 end
Average processing time of GrabImageRGBD(): 17.5718ms
Frame 467 end
Average processing time of GrabImageRGBD(): 17.563ms
Frame 468 end
Average processing time of GrabImageRGBD(): 17.5569ms
Frame 469 end
Average processing time of GrabImageRGBD(): 17.5335ms
Frame 470 end
Average processing time of GrabImageRGBD(): 17.5131ms
Frame 471 end
Average processing time of GrabImageRGBD(): 17.5033ms
Frame 472 end
Average processing time of GrabImageRGBD(): 17.4951ms
Frame 473 end
Average processing time of GrabImageRGBD(): 17.5505ms
Frame 474 end
Average processing time of GrabImageRGBD(): 17.5438ms
Frame 475 end
Average processing time of GrabImageRGBD(): 17.5187ms
Frame 476 end
Average processing time of GrabImageRGBD(): 17.4981ms
Frame 477 end
Average processing time of GrabImageRGBD(): 17.4892ms
Frame 478 end
Average processing time of GrabImageRGBD(): 17.4791ms
Frame 479 end
Average processing time of GrabImageRGBD(): 17.4531ms
Frame 480 end
Average processing time of GrabImageRGBD(): 17.4464ms
Frame 481 end
Average processing time of GrabImageRGBD(): 17.4198ms
Frame 482 end
Average processing time of GrabImageRGBD(): 17.4014ms
Frame 483 end
Average processing time of GrabImageRGBD(): 17.3917ms
Frame 484 end
Average processing time of GrabImageRGBD(): 17.431ms
Frame 485 end
Average processing time of GrabImageRGBD(): 17.4064ms
Frame 486 end
Average processing time of GrabImageRGBD(): 17.3968ms
Frame 487 end
Average processing time of GrabImageRGBD(): 17.3876ms
Frame 488 end
Average processing time of GrabImageRGBD(): 17.3618ms
Frame 489 end
Average processing time of GrabImageRGBD(): 17.3526ms
Frame 490 end
Average processing time of GrabImageRGBD(): 17.3261ms
Frame 491 end
Average processing time of GrabImageRGBD(): 17.3144ms
Frame 492 end
Average processing time of GrabImageRGBD(): 17.3095ms
Frame 493 end
Average processing time of GrabImageRGBD(): 17.2999ms
Frame 494 end
Average processing time of GrabImageRGBD(): 17.3563ms
Frame 495 end
Average processing time of GrabImageRGBD(): 17.354ms
Frame 496 end
Average processing time of GrabImageRGBD(): 17.3525ms
Frame 497 end
Average processing time of GrabImageRGBD(): 17.3496ms
Frame 498 end
Average processing time of GrabImageRGBD(): 17.3484ms
Frame 499 end
Average processing time of GrabImageRGBD(): 17.3404ms
Frame 500 end
Average processing time of GrabImageRGBD(): 17.3529ms
Frame 501 end
Average processing time of GrabImageRGBD(): 17.353ms
Frame 502 end
Average processing time of GrabImageRGBD(): 17.3608ms
Frame 503 end
Average processing time of GrabImageRGBD(): 17.3603ms
Frame 504 end
Average processing time of GrabImageRGBD(): 17.365ms
Frame 505 end
Average processing time of GrabImageRGBD(): 17.417ms
Frame 506 end
Average processing time of GrabImageRGBD(): 17.4132ms
Frame 507 end
Average processing time of GrabImageRGBD(): 17.4069ms
Frame 508 end
Average processing time of GrabImageRGBD(): 17.4007ms
Frame 509 end
Average processing time of GrabImageRGBD(): 17.3987ms
Frame 510 end
Average processing time of GrabImageRGBD(): 17.3945ms
Frame 511 end
Average processing time of GrabImageRGBD(): 17.3873ms
Frame 512 end
Average processing time of GrabImageRGBD(): 17.3744ms
Frame 513 end
Average processing time of GrabImageRGBD(): 17.4331ms
Frame 514 end
Average processing time of GrabImageRGBD(): 17.4343ms
Frame 515 end
Average processing time of GrabImageRGBD(): 17.432ms
Frame 516 end
Average processing time of GrabImageRGBD(): 17.426ms
Frame 517 end
Average processing time of GrabImageRGBD(): 17.423ms
Frame 518 end
Average processing time of GrabImageRGBD(): 17.4176ms
Frame 519 end
Average processing time of GrabImageRGBD(): 17.4103ms
Frame 520 end
Average processing time of GrabImageRGBD(): 17.4088ms
Frame 521 end
Average processing time of GrabImageRGBD(): 17.4061ms
Frame 522 end
Average processing time of GrabImageRGBD(): 17.4021ms
Frame 523 end
Average processing time of GrabImageRGBD(): 17.3989ms
Frame 524 end
Average processing time of GrabImageRGBD(): 17.3962ms
Frame 525 end
Average processing time of GrabImageRGBD(): 17.3916ms
Frame 526 end
Average processing time of GrabImageRGBD(): 17.3683ms
Frame 527 end
Average processing time of GrabImageRGBD(): 17.3441ms
Frame 528 end
Average processing time of GrabImageRGBD(): 17.3314ms
Frame 529 end
Average processing time of GrabImageRGBD(): 17.3738ms
Frame 530 end
Average processing time of GrabImageRGBD(): 17.3858ms
Frame 531 end
Average processing time of GrabImageRGBD(): 17.3827ms
Frame 532 end
Average processing time of GrabImageRGBD(): 17.3772ms
Frame 533 end
Average processing time of GrabImageRGBD(): 17.3734ms
Frame 534 end
Average processing time of GrabImageRGBD(): 17.3704ms
Frame 535 end
Average processing time of GrabImageRGBD(): 17.3661ms
Frame 536 end
Average processing time of GrabImageRGBD(): 17.3642ms
Frame 537 end
Average processing time of GrabImageRGBD(): 17.4125ms
Frame 538 end
Average processing time of GrabImageRGBD(): 17.4193ms
Frame 539 end
Average processing time of GrabImageRGBD(): 17.4288ms
Frame 540 end
Average processing time of GrabImageRGBD(): 17.4238ms
Frame 541 end
Average processing time of GrabImageRGBD(): 17.4288ms
Frame 542 end
Average processing time of GrabImageRGBD(): 17.4342ms
Frame 543 end
Average processing time of GrabImageRGBD(): 17.4302ms
Frame 544 end
Average processing time of GrabImageRGBD(): 17.4275ms
Frame 545 end
Average processing time of GrabImageRGBD(): 17.4251ms
Frame 546 end
Average processing time of GrabImageRGBD(): 17.4659ms
Frame 547 end
Average processing time of GrabImageRGBD(): 17.4683ms
Frame 548 end
Average processing time of GrabImageRGBD(): 17.4664ms
Frame 549 end
Average processing time of GrabImageRGBD(): 17.4615ms
Frame 550 end
Average processing time of GrabImageRGBD(): 17.4572ms
Frame 551 end
Average processing time of GrabImageRGBD(): 17.4563ms
Frame 552 end
Average processing time of GrabImageRGBD(): 17.4649ms
Frame 553 end
Average processing time of GrabImageRGBD(): 17.4635ms
Frame 554 end
Average processing time of GrabImageRGBD(): 17.4592ms
Frame 555 end
Average processing time of GrabImageRGBD(): 17.4671ms
Frame 556 end
Average processing time of GrabImageRGBD(): 17.4669ms
Frame 557 end
Average processing time of GrabImageRGBD(): 17.4705ms
Frame 558 end
Average processing time of GrabImageRGBD(): 17.4694ms
Frame 559 end
Average processing time of GrabImageRGBD(): 17.5202ms
Frame 560 end
Average processing time of GrabImageRGBD(): 17.5194ms
Frame 561 end
Average processing time of GrabImageRGBD(): 17.5202ms
Frame 562 end
Average processing time of GrabImageRGBD(): 17.5208ms
Frame 563 end
Average processing time of GrabImageRGBD(): 17.5196ms
Frame 564 end
Average processing time of GrabImageRGBD(): 17.5232ms
Frame 565 end
Average processing time of GrabImageRGBD(): 17.5244ms
Frame 566 end
Average processing time of GrabImageRGBD(): 17.5277ms
Frame 567 end
Average processing time of GrabImageRGBD(): 17.5287ms
Frame 568 end
Average processing time of GrabImageRGBD(): 17.5699ms
Frame 569 end
Average processing time of GrabImageRGBD(): 17.5736ms
Frame 570 end
Average processing time of GrabImageRGBD(): 17.5757ms
Frame 571 end
Average processing time of GrabImageRGBD(): 17.5767ms
Frame 572 end
Average processing time of GrabImageRGBD(): 17.5786ms
Frame 573 end
Average processing time of GrabImageRGBD(): 17.5768ms
Frame 574 end
Average processing time of GrabImageRGBD(): 17.5741ms
Frame 575 end
Average processing time of GrabImageRGBD(): 17.5708ms
Frame 576 end
Average processing time of GrabImageRGBD(): 17.5729ms
Frame 577 end
Average processing time of GrabImageRGBD(): 17.6157ms
Frame 578 end
Average processing time of GrabImageRGBD(): 17.6203ms
Frame 579 end
Average processing time of GrabImageRGBD(): 17.6259ms
Frame 580 end
Average processing time of GrabImageRGBD(): 17.6253ms
Frame 581 end
Average processing time of GrabImageRGBD(): 17.6282ms
Frame 582 end
Average processing time of GrabImageRGBD(): 17.6355ms
Frame 583 end
Average processing time of GrabImageRGBD(): 17.6384ms
Frame 584 end
Average processing time of GrabImageRGBD(): 17.6429ms
Frame 585 end
Average processing time of GrabImageRGBD(): 17.6415ms
Frame 586 end
Average processing time of GrabImageRGBD(): 17.6914ms
Frame 587 end
Average processing time of GrabImageRGBD(): 17.6915ms
Frame 588 end
Average processing time of GrabImageRGBD(): 17.6959ms
Frame 589 end
Average processing time of GrabImageRGBD(): 17.6991ms
Frame 590 end
Average processing time of GrabImageRGBD(): 17.6997ms
Frame 591 end
Average processing time of GrabImageRGBD(): 17.7061ms
Frame 592 end
Average processing time of GrabImageRGBD(): 17.7159ms
Frame 593 end
Average processing time of GrabImageRGBD(): 17.7195ms
Frame 594 end
Average processing time of GrabImageRGBD(): 17.7236ms
Frame 595 end
Average processing time of GrabImageRGBD(): 17.7324ms
Frame 596 end
Average processing time of GrabImageRGBD(): 17.7762ms
Frame 597 end
Average processing time of GrabImageRGBD(): 17.78ms
Frame 598 end
Average processing time of GrabImageRGBD(): 17.7785ms
Frame 599 end
Average processing time of GrabImageRGBD(): 17.7825ms
Frame 600 end
Average processing time of GrabImageRGBD(): 17.7841ms
Frame 601 end
Average processing time of GrabImageRGBD(): 17.7834ms
Frame 602 end
Average processing time of GrabImageRGBD(): 17.7883ms
Frame 603 end
Average processing time of GrabImageRGBD(): 17.8343ms
Frame 604 end
Average processing time of GrabImageRGBD(): 17.8332ms
Frame 605 end
Average processing time of GrabImageRGBD(): 17.8349ms
Frame 606 end
Average processing time of GrabImageRGBD(): 17.8345ms
Frame 607 end
Average processing time of GrabImageRGBD(): 17.8366ms
Frame 608 end
Average processing time of GrabImageRGBD(): 17.839ms
Frame 609 end
Average processing time of GrabImageRGBD(): 17.8387ms
Frame 610 end
Average processing time of GrabImageRGBD(): 17.8447ms
Frame 611 end
Average processing time of GrabImageRGBD(): 17.8448ms
Frame 612 end
Average processing time of GrabImageRGBD(): 17.8489ms
Frame 613 end
Average processing time of GrabImageRGBD(): 17.852ms
Frame 614 end
Average processing time of GrabImageRGBD(): 17.8479ms
Frame 615 end
Average processing time of GrabImageRGBD(): 17.8516ms
Frame 616 end
Average processing time of GrabImageRGBD(): 17.8561ms
Frame 617 end
Average processing time of GrabImageRGBD(): 17.9109ms
Frame 618 end
Average processing time of GrabImageRGBD(): 17.9119ms
Frame 619 end
Average processing time of GrabImageRGBD(): 17.9054ms
Frame 620 end
Average processing time of GrabImageRGBD(): 17.9138ms
Frame 621 end
Average processing time of GrabImageRGBD(): 17.9141ms
Frame 622 end
Average processing time of GrabImageRGBD(): 17.9123ms
Frame 623 end
Average processing time of GrabImageRGBD(): 17.91ms
Frame 624 end
Average processing time of GrabImageRGBD(): 17.908ms
Frame 625 end
Average processing time of GrabImageRGBD(): 17.9089ms
Frame 626 end
Average processing time of GrabImageRGBD(): 17.9581ms
Frame 627 end
Average processing time of GrabImageRGBD(): 17.9569ms
Frame 628 end
Average processing time of GrabImageRGBD(): 17.9557ms
Frame 629 end
Average processing time of GrabImageRGBD(): 17.9535ms
Frame 630 end
Average processing time of GrabImageRGBD(): 17.9525ms
Frame 631 end
Average processing time of GrabImageRGBD(): 17.949ms
Frame 632 end
Average processing time of GrabImageRGBD(): 17.9507ms
Frame 633 end
Average processing time of GrabImageRGBD(): 17.9497ms
Frame 634 end
Average processing time of GrabImageRGBD(): 17.9486ms
Frame 635 end
Average processing time of GrabImageRGBD(): 17.9463ms
Frame 636 end
Average processing time of GrabImageRGBD(): 17.9442ms
Frame 637 end
Average processing time of GrabImageRGBD(): 17.9871ms
Frame 638 end
Average processing time of GrabImageRGBD(): 17.9849ms
Frame 639 end
Average processing time of GrabImageRGBD(): 17.9803ms
Frame 640 end
Average processing time of GrabImageRGBD(): 17.9741ms
Frame 641 end
Average processing time of GrabImageRGBD(): 17.9593ms
Frame 642 end
Average processing time of GrabImageRGBD(): 17.96ms
Frame 643 end
Average processing time of GrabImageRGBD(): 17.9593ms
Frame 644 end
Average processing time of GrabImageRGBD(): 17.9578ms
Frame 645 end
Average processing time of GrabImageRGBD(): 17.96ms
Frame 646 end
Average processing time of GrabImageRGBD(): 18.0153ms
Frame 647 end
Average processing time of GrabImageRGBD(): 18.0148ms
Frame 648 end
Average processing time of GrabImageRGBD(): 18.0166ms
Frame 649 end
Average processing time of GrabImageRGBD(): 18.0204ms
Frame 650 end
Average processing time of GrabImageRGBD(): 18.0227ms
Frame 651 end
Average processing time of GrabImageRGBD(): 18.02ms
Frame 652 end
Average processing time of GrabImageRGBD(): 18.0197ms
Frame 653 end
Average processing time of GrabImageRGBD(): 18.0185ms
Frame 654 end
Average processing time of GrabImageRGBD(): 18.0169ms
Frame 655 end
Average processing time of GrabImageRGBD(): 18.0129ms
Frame 656 end
Average processing time of GrabImageRGBD(): 18.0569ms
Frame 657 end
Average processing time of GrabImageRGBD(): 18.0551ms
Frame 658 end
Average processing time of GrabImageRGBD(): 18.0532ms
Frame 659 end
Average processing time of GrabImageRGBD(): 18.0601ms
Frame 660 end
Average processing time of GrabImageRGBD(): 18.0643ms
Frame 661 end
Average processing time of GrabImageRGBD(): 18.0611ms
Frame 662 end
Average processing time of GrabImageRGBD(): 18.0607ms
Frame 663 end
Average processing time of GrabImageRGBD(): 18.0575ms
Frame 664 end
Average processing time of GrabImageRGBD(): 18.0646ms
Frame 665 end
Average processing time of GrabImageRGBD(): 18.0744ms
Frame 666 end
Average processing time of GrabImageRGBD(): 18.0761ms
Frame 667 end
Average processing time of GrabImageRGBD(): 18.1132ms
Frame 668 end
Average processing time of GrabImageRGBD(): 18.1152ms
Frame 669 end
Average processing time of GrabImageRGBD(): 18.1217ms
Frame 670 end
Average processing time of GrabImageRGBD(): 18.1243ms
Frame 671 end
Average processing time of GrabImageRGBD(): 18.1337ms
Frame 672 end
Average processing time of GrabImageRGBD(): 18.1345ms
Frame 673 end
Average processing time of GrabImageRGBD(): 18.1388ms
Frame 674 end
Average processing time of GrabImageRGBD(): 18.1398ms
Frame 675 end
Average processing time of GrabImageRGBD(): 18.1453ms
Frame 676 end
Average processing time of GrabImageRGBD(): 18.1482ms
Frame 677 end
Average processing time of GrabImageRGBD(): 18.152ms
Frame 678 end
Average processing time of GrabImageRGBD(): 18.1882ms
Frame 679 end
Average processing time of GrabImageRGBD(): 18.1891ms
Frame 680 end
Average processing time of GrabImageRGBD(): 18.1888ms
Frame 681 end
Average processing time of GrabImageRGBD(): 18.1907ms
Frame 682 end
Average processing time of GrabImageRGBD(): 18.1904ms
Frame 683 end
Average processing time of GrabImageRGBD(): 18.1881ms
Frame 684 end
Average processing time of GrabImageRGBD(): 18.1866ms
Frame 685 end
Average processing time of GrabImageRGBD(): 18.1865ms
Frame 686 end
Average processing time of GrabImageRGBD(): 18.1879ms
Frame 687 end
Average processing time of GrabImageRGBD(): 18.1854ms
Frame 688 end
Average processing time of GrabImageRGBD(): 18.2175ms
Frame 689 end
Average processing time of GrabImageRGBD(): 18.2201ms
Frame 690 end
Average processing time of GrabImageRGBD(): 18.2162ms
Frame 691 end
Average processing time of GrabImageRGBD(): 18.2183ms
Frame 692 end
Average processing time of GrabImageRGBD(): 18.2215ms
Frame 693 end
Average processing time of GrabImageRGBD(): 18.2225ms
Frame 694 end
Average processing time of GrabImageRGBD(): 18.2228ms
Frame 695 end
Average processing time of GrabImageRGBD(): 18.2194ms
Frame 696 end
Average processing time of GrabImageRGBD(): 18.2223ms
Frame 697 end
Average processing time of GrabImageRGBD(): 18.2254ms
Frame 698 end
Average processing time of GrabImageRGBD(): 18.2276ms
Frame 699 end
Average processing time of GrabImageRGBD(): 18.2643ms
Frame 700 end
Average processing time of GrabImageRGBD(): 18.2719ms
Frame 701 end
Average processing time of GrabImageRGBD(): 18.2727ms
Frame 702 end
Average processing time of GrabImageRGBD(): 18.2707ms
Frame 703 end
Average processing time of GrabImageRGBD(): 18.2746ms
Frame 704 end
Average processing time of GrabImageRGBD(): 18.2835ms
Frame 705 end
Average processing time of GrabImageRGBD(): 18.2909ms
Frame 706 end
Average processing time of GrabImageRGBD(): 18.2949ms
Frame 707 end
Average processing time of GrabImageRGBD(): 18.302ms
Frame 708 end
Average processing time of GrabImageRGBD(): 18.3339ms
Frame 709 end
Average processing time of GrabImageRGBD(): 18.3366ms
Frame 710 end
Average processing time of GrabImageRGBD(): 18.3502ms
Frame 711 end
Average processing time of GrabImageRGBD(): 18.3526ms
Frame 712 end
Average processing time of GrabImageRGBD(): 18.356ms
Frame 713 end
Average processing time of GrabImageRGBD(): 18.3557ms
Frame 714 end
Average processing time of GrabImageRGBD(): 18.358ms
Frame 715 end
Average processing time of GrabImageRGBD(): 18.3585ms
Frame 716 end
Average processing time of GrabImageRGBD(): 18.3593ms
Frame 717 end
Average processing time of GrabImageRGBD(): 18.3917ms
Frame 718 end
Average processing time of GrabImageRGBD(): 18.395ms
Frame 719 end
Average processing time of GrabImageRGBD(): 18.3976ms
Frame 720 end
Average processing time of GrabImageRGBD(): 18.4075ms
Frame 721 end
Average processing time of GrabImageRGBD(): 18.4136ms
Frame 722 end
Average processing time of GrabImageRGBD(): 18.4187ms
Frame 723 end
Average processing time of GrabImageRGBD(): 18.4236ms
Frame 724 end
Average processing time of GrabImageRGBD(): 18.4265ms
Frame 725 end
Average processing time of GrabImageRGBD(): 18.4263ms
Frame 726 end
Average processing time of GrabImageRGBD(): 18.4662ms
Frame 727 end
Average processing time of GrabImageRGBD(): 18.4688ms
Frame 728 end
Average processing time of GrabImageRGBD(): 18.4692ms
Frame 729 end
Average processing time of GrabImageRGBD(): 18.4721ms
Frame 730 end
Average processing time of GrabImageRGBD(): 18.4772ms
Frame 731 end
Average processing time of GrabImageRGBD(): 18.4806ms
Frame 732 end
Average processing time of GrabImageRGBD(): 18.4862ms
Frame 733 end
Average processing time of GrabImageRGBD(): 18.4865ms
Frame 734 end
Average processing time of GrabImageRGBD(): 18.4945ms
Frame 735 end
Average processing time of GrabImageRGBD(): 18.4992ms
Frame 736 end
Average processing time of GrabImageRGBD(): 18.5ms
Frame 737 end
Average processing time of GrabImageRGBD(): 18.5342ms
Frame 738 end
Average processing time of GrabImageRGBD(): 18.5386ms
Frame 739 end
Average processing time of GrabImageRGBD(): 18.5407ms
Frame 740 end
Average processing time of GrabImageRGBD(): 18.5461ms
Frame 741 end
Average processing time of GrabImageRGBD(): 18.5486ms
Frame 742 end
Average processing time of GrabImageRGBD(): 18.5485ms
Frame 743 end
Average processing time of GrabImageRGBD(): 18.5497ms
Frame 744 end
Average processing time of GrabImageRGBD(): 18.5551ms
Frame 745 end
Average processing time of GrabImageRGBD(): 18.5884ms
Frame 746 end
Average processing time of GrabImageRGBD(): 18.588ms
Frame 747 end
Average processing time of GrabImageRGBD(): 18.5861ms
Frame 748 end
Average processing time of GrabImageRGBD(): 18.5937ms
Frame 749 end
Average processing time of GrabImageRGBD(): 18.5921ms
Frame 750 end
Average processing time of GrabImageRGBD(): 18.5963ms
Frame 751 end
Average processing time of GrabImageRGBD(): 18.6002ms
Frame 752 end
Average processing time of GrabImageRGBD(): 18.6003ms
Frame 753 end
Average processing time of GrabImageRGBD(): 18.6023ms
Frame 754 end
Average processing time of GrabImageRGBD(): 18.61ms
Frame 755 end
Average processing time of GrabImageRGBD(): 18.6413ms
Frame 756 end
Average processing time of GrabImageRGBD(): 18.6415ms
Frame 757 end
Average processing time of GrabImageRGBD(): 18.6424ms
Frame 758 end
Average processing time of GrabImageRGBD(): 18.6455ms
Frame 759 end
Average processing time of GrabImageRGBD(): 18.6476ms
Frame 760 end
Average processing time of GrabImageRGBD(): 18.6502ms
Frame 761 end
Average processing time of GrabImageRGBD(): 18.6535ms
Frame 762 end
Average processing time of GrabImageRGBD(): 18.655ms
Frame 763 end
Average processing time of GrabImageRGBD(): 18.6562ms
Frame 764 end
Average processing time of GrabImageRGBD(): 18.6585ms
Frame 765 end
Average processing time of GrabImageRGBD(): 18.6937ms
Frame 766 end
Average processing time of GrabImageRGBD(): 18.6996ms
Frame 767 end
Average processing time of GrabImageRGBD(): 18.7042ms
Frame 768 end
Average processing time of GrabImageRGBD(): 18.703ms
Frame 769 end
Average processing time of GrabImageRGBD(): 18.7032ms
Frame 770 end
Average processing time of GrabImageRGBD(): 18.7064ms
Frame 771 end
Average processing time of GrabImageRGBD(): 18.7067ms
Frame 772 end
Average processing time of GrabImageRGBD(): 18.7101ms
Frame 773 end
Average processing time of GrabImageRGBD(): 18.7177ms
Frame 774 end
Average processing time of GrabImageRGBD(): 18.7216ms
Frame 775 end
Average processing time of GrabImageRGBD(): 18.7213ms
Frame 776 end
Average processing time of GrabImageRGBD(): 18.7553ms
Frame 777 end
Average processing time of GrabImageRGBD(): 18.758ms
Frame 778 end
Average processing time of GrabImageRGBD(): 18.7591ms
Frame 779 end
Average processing time of GrabImageRGBD(): 18.7626ms
Frame 780 end
Average processing time of GrabImageRGBD(): 18.7597ms
Frame 781 end
Average processing time of GrabImageRGBD(): 18.7617ms
Frame 782 end
Average processing time of GrabImageRGBD(): 18.7622ms
Frame 783 end
Average processing time of GrabImageRGBD(): 18.7607ms
Frame 784 end
Average processing time of GrabImageRGBD(): 18.7595ms
Frame 785 end
Average processing time of GrabImageRGBD(): 18.759ms
Frame 786 end
Average processing time of GrabImageRGBD(): 18.762ms
Frame 787 end
Average processing time of GrabImageRGBD(): 18.8026ms
Frame 788 end
Average processing time of GrabImageRGBD(): 18.838ms
Frame 789 end
Average processing time of GrabImageRGBD(): 18.837ms
Frame 790 end
Average processing time of GrabImageRGBD(): 18.8414ms
Frame 791 end
Average processing time of GrabImageRGBD(): 18.8403ms
Frame 792 end
Average processing time of GrabImageRGBD(): 18.8418ms
Frame 793 end
Average processing time of GrabImageRGBD(): 18.8459ms
Frame 794 end
Average processing time of GrabImageRGBD(): 18.8475ms
Frame 795 end
Average processing time of GrabImageRGBD(): 18.8481ms
Frame 796 end
Average processing time of GrabImageRGBD(): 18.8569ms
Frame 797 end
Average processing time of GrabImageRGBD(): 18.8604ms
Frame 798 end
Average processing time of GrabImageRGBD(): 18.8981ms
Frame 799 end
Average processing time of GrabImageRGBD(): 18.9043ms
Frame 800 end
Average processing time of GrabImageRGBD(): 18.9076ms
Frame 801 end
Average processing time of GrabImageRGBD(): 18.9116ms
Frame 802 end
Average processing time of GrabImageRGBD(): 18.9094ms
Frame 803 end
Average processing time of GrabImageRGBD(): 18.9284ms
Frame 804 end
Average processing time of GrabImageRGBD(): 18.9319ms
Frame 805 end
Average processing time of GrabImageRGBD(): 18.9352ms
Frame 806 end
Average processing time of GrabImageRGBD(): 18.9439ms
Frame 807 end
Average processing time of GrabImageRGBD(): 18.9513ms
Frame 808 end
Average processing time of GrabImageRGBD(): 18.9556ms
Frame 809 end
Average processing time of GrabImageRGBD(): 18.9901ms
Frame 810 end
Average processing time of GrabImageRGBD(): 18.9937ms
Frame 811 end
Average processing time of GrabImageRGBD(): 19.0003ms
Frame 812 end
Average processing time of GrabImageRGBD(): 18.9983ms
Frame 813 end
Average processing time of GrabImageRGBD(): 19.0027ms
Frame 814 end
Average processing time of GrabImageRGBD(): 19.0001ms
Frame 815 end
Average processing time of GrabImageRGBD(): 19.0021ms
Frame 816 end
Average processing time of GrabImageRGBD(): 19.0004ms
Frame 817 end
Average processing time of GrabImageRGBD(): 18.9992ms
Frame 818 end
Average processing time of GrabImageRGBD(): 19.0019ms
Frame 819 end
Average processing time of GrabImageRGBD(): 19.0038ms
Frame 820 end
Average processing time of GrabImageRGBD(): 19.0006ms
Frame 821 end
Average processing time of GrabImageRGBD(): 19.0034ms
Frame 822 end
Average processing time of GrabImageRGBD(): 19.0083ms
Frame 823 end
Average processing time of GrabImageRGBD(): 19.0466ms
Frame 824 end
Average processing time of GrabImageRGBD(): 19.0488ms
Frame 825 end
Average processing time of GrabImageRGBD(): 19.0461ms
Frame 826 end
Shutdown
-------

median tracking time: 0.0193498
mean tracking time: 0.0207576

Saving camera trajectory to CameraTrajectory.txt ...

Saving keyframe trajectory to KeyFrameTrajectory.txt ...
