
ORB-SLAM3 Copyright (C) 2017-2020 Carlos Campos, Richard Elvira, Juan J. Gómez, José M.M. Montiel and Juan D. Tardós, University of Zaragoza.
ORB-SLAM2 Copyright (C) 2014-2016 Raúl Mur-Artal, José M.M. Montiel and Juan D. Tardós, University of Zaragoza.
This program comes with ABSOLUTELY NO WARRANTY;
This is free software, and you are welcome to redistribute it
under certain conditions. See LICENSE.txt.

Input sensor was set to: RGB-D
Loading settings from ./Examples/RGB-D/TUM3.yaml
	-Loaded camera 1
	-Loaded image info
	-Loaded RGB-D calibration
	-Loaded ORB settings
	-Loaded viewer settings
	-Loaded Atlas settings
	-Loaded misc parameters
----------------------------------
SLAM settings: 
	-Camera 1 parameters (Pinhole): [ 535.4 539.2 320.1 247.6 ]
	-Camera 1 distortion parameters: [  0 0 0 0 ]
	-Original image size: [ 640 , 480 ]
	-Current image size: [ 640 , 480 ]
	-Sequence FPS: 30
	-RGB-D depth map factor: 5000
	-Features per image: 1000
	-ORB scale factor: 1.2
	-ORB number of scales: 8
	-Initial FAST threshold: 20
	-Min FAST threshold: 7


Loading ORB Vocabulary. This could take a while...
Vocabulary loaded!

Initialization of Atlas from scratch 
Creation of new map with id: 0
Creation of new map with last KF id: 0
Seq. Name: 
There are 1 cameras in the atlas
Camera 0 is pinhole
Net use yolo-fastest

-------
Start processing sequence ...
Images in the sequence: 827

First KF:0; Map init KF:0
New Map created with 517 points
Average processing time of GrabImageRGBD(): 53.8574ms
Frame 0 end
Average processing time of GrabImageRGBD(): 46.4782ms
Frame 1 end
Average processing time of GrabImageRGBD(): 43.4554ms
Frame 2 end
Average processing time of GrabImageRGBD(): 37.658ms
Frame 3 end
Average processing time of GrabImageRGBD(): 33.8613ms
Frame 4 end
Average processing time of GrabImageRGBD(): 31.2569ms
Frame 5 end
Average processing time of GrabImageRGBD(): 29.6955ms
Frame 6 end
Average processing time of GrabImageRGBD(): 28.4591ms
Frame 7 end
Average processing time of GrabImageRGBD(): 29.8441ms
Frame 8 end
Average processing time of GrabImageRGBD(): 28.6033ms
Frame 9 end
Average processing time of GrabImageRGBD(): 27.7558ms
Frame 10 end
Average processing time of GrabImageRGBD(): 27.0432ms
Frame 11 end
Average processing time of GrabImageRGBD(): 26.5301ms
Frame 12 end
Average processing time of GrabImageRGBD(): 26.1725ms
Frame 13 end
Average processing time of GrabImageRGBD(): 25.7127ms
Frame 14 end
Average processing time of GrabImageRGBD(): 25.3098ms
Frame 15 end
Average processing time of GrabImageRGBD(): 25.0767ms
Frame 16 end
Average processing time of GrabImageRGBD(): 24.8833ms
Frame 17 end
Average processing time of GrabImageRGBD(): 24.8064ms
Frame 18 end
Average processing time of GrabImageRGBD(): 25.7899ms
Frame 19 end
Average processing time of GrabImageRGBD(): 25.531ms
Frame 20 end
Average processing time of GrabImageRGBD(): 27.0398ms
Frame 21 end
Average processing time of GrabImageRGBD(): 26.9912ms
Frame 22 end
Average processing time of GrabImageRGBD(): 26.8727ms
Frame 23 end
Average processing time of GrabImageRGBD(): 27.4755ms
Frame 24 end
Average processing time of GrabImageRGBD(): 29.1046ms
Frame 25 end
Average processing time of GrabImageRGBD(): 29.3429ms
Frame 26 end
Average processing time of GrabImageRGBD(): 29.068ms
Frame 27 end
Average processing time of GrabImageRGBD(): 30.3056ms
Frame 28 end
Average processing time of GrabImageRGBD(): 30.7819ms
Frame 29 end
Average processing time of GrabImageRGBD(): 30.887ms
Frame 30 end
Average processing time of GrabImageRGBD(): 31.3921ms
Frame 31 end
Average processing time of GrabImageRGBD(): 31.1299ms
Frame 32 end
Average processing time of GrabImageRGBD(): 30.912ms
Frame 33 end
Average processing time of GrabImageRGBD(): 30.5703ms
Frame 34 end
Average processing time of GrabImageRGBD(): 31.3884ms
Frame 35 end
Average processing time of GrabImageRGBD(): 31.3551ms
Frame 36 end
Average processing time of GrabImageRGBD(): 31.9248ms
Frame 37 end
Average processing time of GrabImageRGBD(): 31.7813ms
Frame 38 end
Average processing time of GrabImageRGBD(): 31.6659ms
Frame 39 end
Average processing time of GrabImageRGBD(): 31.4252ms
Frame 40 end
Average processing time of GrabImageRGBD(): 31.1406ms
Frame 41 end
Average processing time of GrabImageRGBD(): 30.8537ms
Frame 42 end
Average processing time of GrabImageRGBD(): 30.5732ms
Frame 43 end
Average processing time of GrabImageRGBD(): 30.3721ms
Frame 44 end
Average processing time of GrabImageRGBD(): 30.4176ms
Frame 45 end
Average processing time of GrabImageRGBD(): 30.1833ms
Frame 46 end
Average processing time of GrabImageRGBD(): 30.3776ms
Frame 47 end
Average processing time of GrabImageRGBD(): 30.1062ms
Frame 48 end
Average processing time of GrabImageRGBD(): 30.1682ms
Frame 49 end
Average processing time of GrabImageRGBD(): 29.9132ms
Frame 50 end
Average processing time of GrabImageRGBD(): 30.2228ms
Frame 51 end
Average processing time of GrabImageRGBD(): 30.011ms
Frame 52 end
Average processing time of GrabImageRGBD(): 30.0483ms
Frame 53 end
Average processing time of GrabImageRGBD(): 29.8354ms
Frame 54 end
Average processing time of GrabImageRGBD(): 29.6037ms
Frame 55 end
Average processing time of GrabImageRGBD(): 29.4073ms
Frame 56 end
Average processing time of GrabImageRGBD(): 29.1729ms
Frame 57 end
Average processing time of GrabImageRGBD(): 28.9812ms
Frame 58 end
Average processing time of GrabImageRGBD(): 28.8299ms
Frame 59 end
Average processing time of GrabImageRGBD(): 29.0179ms
Frame 60 end
Average processing time of GrabImageRGBD(): 28.9636ms
Frame 61 end
Average processing time of GrabImageRGBD(): 28.8605ms
Frame 62 end
Average processing time of GrabImageRGBD(): 28.6865ms
Frame 63 end
Average processing time of GrabImageRGBD(): 28.5761ms
Frame 64 end
Average processing time of GrabImageRGBD(): 28.5883ms
Frame 65 end
Average processing time of GrabImageRGBD(): 28.488ms
Frame 66 end
Average processing time of GrabImageRGBD(): 28.3088ms
Frame 67 end
Average processing time of GrabImageRGBD(): 28.1635ms
Frame 68 end
Average processing time of GrabImageRGBD(): 28.3544ms
Frame 69 end
Average processing time of GrabImageRGBD(): 28.243ms
Frame 70 end
Average processing time of GrabImageRGBD(): 28.0958ms
Frame 71 end
Average processing time of GrabImageRGBD(): 28.1308ms
Frame 72 end
Average processing time of GrabImageRGBD(): 28.0012ms
Frame 73 end
Average processing time of GrabImageRGBD(): 27.9011ms
Frame 74 end
Average processing time of GrabImageRGBD(): 27.7758ms
Frame 75 end
Average processing time of GrabImageRGBD(): 27.643ms
Frame 76 end
Average processing time of GrabImageRGBD(): 27.4993ms
Frame 77 end
Average processing time of GrabImageRGBD(): 27.3831ms
Frame 78 end
Average processing time of GrabImageRGBD(): 27.3054ms
Frame 79 end
Average processing time of GrabImageRGBD(): 27.1735ms
Frame 80 end
Average processing time of GrabImageRGBD(): 27.0667ms
Frame 81 end
Average processing time of GrabImageRGBD(): 27.1582ms
Frame 82 end
Average processing time of GrabImageRGBD(): 27.0418ms
Frame 83 end
Average processing time of GrabImageRGBD(): 26.9943ms
Frame 84 end
Average processing time of GrabImageRGBD(): 27.0933ms
Frame 85 end
Average processing time of GrabImageRGBD(): 27.0095ms
Frame 86 end
Average processing time of GrabImageRGBD(): 27.0029ms
Frame 87 end
Average processing time of GrabImageRGBD(): 26.883ms
Frame 88 end
Average processing time of GrabImageRGBD(): 26.7869ms
Frame 89 end
Average processing time of GrabImageRGBD(): 26.7015ms
Frame 90 end
Average processing time of GrabImageRGBD(): 26.6142ms
Frame 91 end
Average processing time of GrabImageRGBD(): 26.5669ms
Frame 92 end
Average processing time of GrabImageRGBD(): 26.4551ms
Frame 93 end
Average processing time of GrabImageRGBD(): 26.3884ms
Frame 94 end
Average processing time of GrabImageRGBD(): 26.2822ms
Frame 95 end
Average processing time of GrabImageRGBD(): 26.3181ms
Frame 96 end
Average processing time of GrabImageRGBD(): 26.2241ms
Frame 97 end
Average processing time of GrabImageRGBD(): 26.2428ms
Frame 98 end
Average processing time of GrabImageRGBD(): 26.1545ms
Frame 99 end
Average processing time of GrabImageRGBD(): 26.0309ms
Frame 100 end
Average processing time of GrabImageRGBD(): 25.9698ms
Frame 101 end
Average processing time of GrabImageRGBD(): 25.8949ms
Frame 102 end
Average processing time of GrabImageRGBD(): 25.8225ms
Frame 103 end
Average processing time of GrabImageRGBD(): 25.8242ms
Frame 104 end
Average processing time of GrabImageRGBD(): 25.8369ms
Frame 105 end
Average processing time of GrabImageRGBD(): 25.7206ms
Frame 106 end
Average processing time of GrabImageRGBD(): 25.653ms
Frame 107 end
Average processing time of GrabImageRGBD(): 25.5339ms
Frame 108 end
Average processing time of GrabImageRGBD(): 25.6313ms
Frame 109 end
Average processing time of GrabImageRGBD(): 25.5481ms
Frame 110 end
Average processing time of GrabImageRGBD(): 25.6423ms
Frame 111 end
Average processing time of GrabImageRGBD(): 25.5526ms
Frame 112 end
Average processing time of GrabImageRGBD(): 25.4897ms
Frame 113 end
Average processing time of GrabImageRGBD(): 25.646ms
Frame 114 end
Average processing time of GrabImageRGBD(): 25.6841ms
Frame 115 end
Average processing time of GrabImageRGBD(): 25.6059ms
Frame 116 end
Average processing time of GrabImageRGBD(): 25.4974ms
Frame 117 end
Average processing time of GrabImageRGBD(): 25.4063ms
Frame 118 end
Average processing time of GrabImageRGBD(): 25.3405ms
Frame 119 end
Average processing time of GrabImageRGBD(): 25.2859ms
Frame 120 end
Average processing time of GrabImageRGBD(): 25.2035ms
Frame 121 end
Average processing time of GrabImageRGBD(): 25.154ms
Frame 122 end
Average processing time of GrabImageRGBD(): 25.1784ms
Frame 123 end
Average processing time of GrabImageRGBD(): 25.1694ms
Frame 124 end
Average processing time of GrabImageRGBD(): 25.1714ms
Frame 125 end
Average processing time of GrabImageRGBD(): 25.2671ms
Frame 126 end
Average processing time of GrabImageRGBD(): 25.1827ms
Frame 127 end
Average processing time of GrabImageRGBD(): 25.1318ms
Frame 128 end
Average processing time of GrabImageRGBD(): 25.0621ms
Frame 129 end
Average processing time of GrabImageRGBD(): 24.9989ms
Frame 130 end
Average processing time of GrabImageRGBD(): 25.0758ms
Frame 131 end
Average processing time of GrabImageRGBD(): 25.0031ms
Frame 132 end
Average processing time of GrabImageRGBD(): 24.9322ms
Frame 133 end
Average processing time of GrabImageRGBD(): 24.8888ms
Frame 134 end
Average processing time of GrabImageRGBD(): 24.9761ms
Frame 135 end
Average processing time of GrabImageRGBD(): 24.8993ms
Frame 136 end
Average processing time of GrabImageRGBD(): 24.8341ms
Frame 137 end
Average processing time of GrabImageRGBD(): 24.9199ms
Frame 138 end
Average processing time of GrabImageRGBD(): 24.8526ms
Frame 139 end
Average processing time of GrabImageRGBD(): 24.7899ms
Frame 140 end
Average processing time of GrabImageRGBD(): 24.9659ms
Frame 141 end
Average processing time of GrabImageRGBD(): 24.8958ms
Frame 142 end
Average processing time of GrabImageRGBD(): 24.8213ms
Frame 143 end
Average processing time of GrabImageRGBD(): 24.9088ms
Frame 144 end
Average processing time of GrabImageRGBD(): 24.8621ms
Frame 145 end
Average processing time of GrabImageRGBD(): 24.7959ms
Frame 146 end
Average processing time of GrabImageRGBD(): 24.9117ms
Frame 147 end
Average processing time of GrabImageRGBD(): 24.8469ms
Frame 148 end
Average processing time of GrabImageRGBD(): 24.7907ms
Frame 149 end
Average processing time of GrabImageRGBD(): 24.7777ms
Frame 150 end
Average processing time of GrabImageRGBD(): 24.8196ms
Frame 151 end
Average processing time of GrabImageRGBD(): 24.7742ms
Frame 152 end
Average processing time of GrabImageRGBD(): 24.7365ms
Frame 153 end
Average processing time of GrabImageRGBD(): 24.8116ms
Frame 154 end
Average processing time of GrabImageRGBD(): 24.7481ms
Frame 155 end
Average processing time of GrabImageRGBD(): 24.7003ms
Frame 156 end
Average processing time of GrabImageRGBD(): 24.7712ms
Frame 157 end
Average processing time of GrabImageRGBD(): 24.7168ms
Frame 158 end
Average processing time of GrabImageRGBD(): 24.6565ms
Frame 159 end
Average processing time of GrabImageRGBD(): 24.737ms
Frame 160 end
Average processing time of GrabImageRGBD(): 24.6793ms
Frame 161 end
Average processing time of GrabImageRGBD(): 24.6329ms
Frame 162 end
Average processing time of GrabImageRGBD(): 24.7101ms
Frame 163 end
Average processing time of GrabImageRGBD(): 24.6714ms
Frame 164 end
Average processing time of GrabImageRGBD(): 24.6325ms
Frame 165 end
Average processing time of GrabImageRGBD(): 24.578ms
Frame 166 end
Average processing time of GrabImageRGBD(): 24.6354ms
Frame 167 end
Average processing time of GrabImageRGBD(): 24.6048ms
Frame 168 end
Average processing time of GrabImageRGBD(): 24.556ms
Frame 169 end
Average processing time of GrabImageRGBD(): 24.5215ms
Frame 170 end
Average processing time of GrabImageRGBD(): 24.6159ms
Frame 171 end
Average processing time of GrabImageRGBD(): 24.6112ms
Frame 172 end
Average processing time of GrabImageRGBD(): 24.5511ms
Frame 173 end
Average processing time of GrabImageRGBD(): 24.4648ms
Frame 174 end
Average processing time of GrabImageRGBD(): 24.4817ms
Frame 175 end
Average processing time of GrabImageRGBD(): 24.3751ms
Frame 176 end
Average processing time of GrabImageRGBD(): 24.2619ms
Frame 177 end
Average processing time of GrabImageRGBD(): 24.1785ms
Frame 178 end
Average processing time of GrabImageRGBD(): 24.2087ms
Frame 179 end
Average processing time of GrabImageRGBD(): 24.1393ms
Frame 180 end
Average processing time of GrabImageRGBD(): 24.0336ms
Frame 181 end
Average processing time of GrabImageRGBD(): 23.9231ms
Frame 182 end
Average processing time of GrabImageRGBD(): 23.951ms
Frame 183 end
Average processing time of GrabImageRGBD(): 23.8457ms
Frame 184 end
Average processing time of GrabImageRGBD(): 23.7402ms
Frame 185 end
Average processing time of GrabImageRGBD(): 23.6779ms
Frame 186 end
Average processing time of GrabImageRGBD(): 23.702ms
Frame 187 end
Average processing time of GrabImageRGBD(): 23.6017ms
Frame 188 end
Average processing time of GrabImageRGBD(): 23.5254ms
Frame 189 end
Average processing time of GrabImageRGBD(): 23.4584ms
Frame 190 end
Average processing time of GrabImageRGBD(): 23.4358ms
Frame 191 end
Average processing time of GrabImageRGBD(): 23.3882ms
Frame 192 end
Average processing time of GrabImageRGBD(): 23.3245ms
Frame 193 end
Average processing time of GrabImageRGBD(): 23.2778ms
Frame 194 end
Average processing time of GrabImageRGBD(): 23.3487ms
Frame 195 end
Average processing time of GrabImageRGBD(): 23.3033ms
Frame 196 end
Average processing time of GrabImageRGBD(): 23.259ms
Frame 197 end
Average processing time of GrabImageRGBD(): 23.2126ms
Frame 198 end
Average processing time of GrabImageRGBD(): 23.1684ms
Frame 199 end
Average processing time of GrabImageRGBD(): 23.233ms
Frame 200 end
Average processing time of GrabImageRGBD(): 23.195ms
Frame 201 end
Average processing time of GrabImageRGBD(): 23.1673ms
Frame 202 end
Average processing time of GrabImageRGBD(): 23.1256ms
Frame 203 end
Average processing time of GrabImageRGBD(): 23.0856ms
Frame 204 end
Average processing time of GrabImageRGBD(): 23.1506ms
Frame 205 end
Average processing time of GrabImageRGBD(): 23.1095ms
Frame 206 end
Average processing time of GrabImageRGBD(): 23.0762ms
Frame 207 end
Average processing time of GrabImageRGBD(): 23.0213ms
Frame 208 end
Average processing time of GrabImageRGBD(): 22.9335ms
Frame 209 end
Average processing time of GrabImageRGBD(): 23.003ms
Frame 210 end
Average processing time of GrabImageRGBD(): 22.9565ms
Frame 211 end
Average processing time of GrabImageRGBD(): 22.9022ms
Frame 212 end
Average processing time of GrabImageRGBD(): 22.8638ms
Frame 213 end
Average processing time of GrabImageRGBD(): 22.8339ms
Frame 214 end
Average processing time of GrabImageRGBD(): 22.9193ms
Frame 215 end
Average processing time of GrabImageRGBD(): 22.8913ms
Frame 216 end
Average processing time of GrabImageRGBD(): 22.8558ms
Frame 217 end
Average processing time of GrabImageRGBD(): 22.8223ms
Frame 218 end
Average processing time of GrabImageRGBD(): 22.7931ms
Frame 219 end
Average processing time of GrabImageRGBD(): 22.8971ms
Frame 220 end
Average processing time of GrabImageRGBD(): 22.8649ms
Frame 221 end
Average processing time of GrabImageRGBD(): 22.8359ms
Frame 222 end
Average processing time of GrabImageRGBD(): 22.8034ms
Frame 223 end
Average processing time of GrabImageRGBD(): 22.7765ms
Frame 224 end
Average processing time of GrabImageRGBD(): 22.7792ms
Frame 225 end
Average processing time of GrabImageRGBD(): 22.8483ms
Frame 226 end
Average processing time of GrabImageRGBD(): 22.818ms
Frame 227 end
Average processing time of GrabImageRGBD(): 22.7935ms
Frame 228 end
Average processing time of GrabImageRGBD(): 22.7605ms
Frame 229 end
Average processing time of GrabImageRGBD(): 22.7261ms
Frame 230 end
Average processing time of GrabImageRGBD(): 22.6949ms
Frame 231 end
Average processing time of GrabImageRGBD(): 22.7709ms
Frame 232 end
Average processing time of GrabImageRGBD(): 22.7322ms
Frame 233 end
Average processing time of GrabImageRGBD(): 22.6669ms
Frame 234 end
Average processing time of GrabImageRGBD(): 22.6312ms
Frame 235 end
Average processing time of GrabImageRGBD(): 22.5983ms
Frame 236 end
Average processing time of GrabImageRGBD(): 22.5571ms
Frame 237 end
Average processing time of GrabImageRGBD(): 22.6245ms
Frame 238 end
Average processing time of GrabImageRGBD(): 22.5669ms
Frame 239 end
Average processing time of GrabImageRGBD(): 22.5244ms
Frame 240 end
Average processing time of GrabImageRGBD(): 22.4852ms
Frame 241 end
Average processing time of GrabImageRGBD(): 22.4103ms
Frame 242 end
Average processing time of GrabImageRGBD(): 22.3356ms
Frame 243 end
Average processing time of GrabImageRGBD(): 22.2927ms
Frame 244 end
Average processing time of GrabImageRGBD(): 22.3167ms
Frame 245 end
Average processing time of GrabImageRGBD(): 22.2474ms
Frame 246 end
Average processing time of GrabImageRGBD(): 22.2056ms
Frame 247 end
Average processing time of GrabImageRGBD(): 22.1341ms
Frame 248 end
Average processing time of GrabImageRGBD(): 22.0684ms
Frame 249 end
Average processing time of GrabImageRGBD(): 22.0016ms
Frame 250 end
Average processing time of GrabImageRGBD(): 21.9332ms
Frame 251 end
Average processing time of GrabImageRGBD(): 21.8643ms
Frame 252 end
Average processing time of GrabImageRGBD(): 21.795ms
Frame 253 end
Average processing time of GrabImageRGBD(): 21.7512ms
Frame 254 end
Average processing time of GrabImageRGBD(): 21.799ms
Frame 255 end
Average processing time of GrabImageRGBD(): 21.7305ms
Frame 256 end
Average processing time of GrabImageRGBD(): 21.6874ms
Frame 257 end
Average processing time of GrabImageRGBD(): 21.6425ms
Frame 258 end
Average processing time of GrabImageRGBD(): 21.593ms
Frame 259 end
Average processing time of GrabImageRGBD(): 21.5441ms
Frame 260 end
Average processing time of GrabImageRGBD(): 21.5745ms
Frame 261 end
Average processing time of GrabImageRGBD(): 21.5105ms
Frame 262 end
Average processing time of GrabImageRGBD(): 21.4473ms
Frame 263 end
Average processing time of GrabImageRGBD(): 21.4022ms
Frame 264 end
Average processing time of GrabImageRGBD(): 21.3618ms
Frame 265 end
Average processing time of GrabImageRGBD(): 21.2976ms
Frame 266 end
Average processing time of GrabImageRGBD(): 21.2327ms
Frame 267 end
Average processing time of GrabImageRGBD(): 21.2716ms
Frame 268 end
Average processing time of GrabImageRGBD(): 21.2619ms
Frame 269 end
Average processing time of GrabImageRGBD(): 21.1992ms
Frame 270 end
Average processing time of GrabImageRGBD(): 21.1438ms
Frame 271 end
Average processing time of GrabImageRGBD(): 21.1003ms
Frame 272 end
Average processing time of GrabImageRGBD(): 21.0535ms
Frame 273 end
Average processing time of GrabImageRGBD(): 21.1033ms
Frame 274 end
Average processing time of GrabImageRGBD(): 21.0625ms
Frame 275 end
Average processing time of GrabImageRGBD(): 20.9992ms
Frame 276 end
Average processing time of GrabImageRGBD(): 20.9385ms
Frame 277 end
Average processing time of GrabImageRGBD(): 20.8777ms
Frame 278 end
Average processing time of GrabImageRGBD(): 20.8176ms
Frame 279 end
Average processing time of GrabImageRGBD(): 20.8533ms
Frame 280 end
Average processing time of GrabImageRGBD(): 20.7987ms
Frame 281 end
Average processing time of GrabImageRGBD(): 20.7405ms
Frame 282 end
Average processing time of GrabImageRGBD(): 20.6821ms
Frame 283 end
Average processing time of GrabImageRGBD(): 20.6448ms
Frame 284 end
Average processing time of GrabImageRGBD(): 20.5866ms
Frame 285 end
Average processing time of GrabImageRGBD(): 20.6215ms
Frame 286 end
Average processing time of GrabImageRGBD(): 20.576ms
Frame 287 end
Average processing time of GrabImageRGBD(): 20.5212ms
Frame 288 end
Average processing time of GrabImageRGBD(): 20.4645ms
Frame 289 end
Average processing time of GrabImageRGBD(): 20.4258ms
Frame 290 end
Average processing time of GrabImageRGBD(): 20.3879ms
Frame 291 end
Average processing time of GrabImageRGBD(): 20.4148ms
Frame 292 end
Average processing time of GrabImageRGBD(): 20.386ms
Frame 293 end
Average processing time of GrabImageRGBD(): 20.333ms
Frame 294 end
Average processing time of GrabImageRGBD(): 20.2983ms
Frame 295 end
Average processing time of GrabImageRGBD(): 20.2636ms
Frame 296 end
Average processing time of GrabImageRGBD(): 20.2085ms
Frame 297 end
Average processing time of GrabImageRGBD(): 20.2395ms
Frame 298 end
Average processing time of GrabImageRGBD(): 20.2353ms
Frame 299 end
Average processing time of GrabImageRGBD(): 20.1813ms
Frame 300 end
Average processing time of GrabImageRGBD(): 20.1457ms
Frame 301 end
Average processing time of GrabImageRGBD(): 20.1081ms
Frame 302 end
Average processing time of GrabImageRGBD(): 20.0533ms
Frame 303 end
Average processing time of GrabImageRGBD(): 20.0155ms
Frame 304 end
Average processing time of GrabImageRGBD(): 20.0374ms
Frame 305 end
Average processing time of GrabImageRGBD(): 19.9993ms
Frame 306 end
Average processing time of GrabImageRGBD(): 19.9459ms
Frame 307 end
Average processing time of GrabImageRGBD(): 19.9111ms
Frame 308 end
Average processing time of GrabImageRGBD(): 19.8813ms
Frame 309 end
Average processing time of GrabImageRGBD(): 19.8364ms
Frame 310 end
Average processing time of GrabImageRGBD(): 19.8713ms
Frame 311 end
Average processing time of GrabImageRGBD(): 19.83ms
Frame 312 end
Average processing time of GrabImageRGBD(): 19.7826ms
Frame 313 end
Average processing time of GrabImageRGBD(): 19.752ms
Frame 314 end
Average processing time of GrabImageRGBD(): 19.7168ms
Frame 315 end
Average processing time of GrabImageRGBD(): 19.6687ms
Frame 316 end
Average processing time of GrabImageRGBD(): 19.6192ms
Frame 317 end
Average processing time of GrabImageRGBD(): 19.6552ms
Frame 318 end
Average processing time of GrabImageRGBD(): 19.6244ms
Frame 319 end
Average processing time of GrabImageRGBD(): 19.5776ms
Frame 320 end
Average processing time of GrabImageRGBD(): 19.5311ms
Frame 321 end
Average processing time of GrabImageRGBD(): 19.4846ms
Frame 322 end
Average processing time of GrabImageRGBD(): 19.4588ms
Frame 323 end
Average processing time of GrabImageRGBD(): 19.4297ms
Frame 324 end
Average processing time of GrabImageRGBD(): 19.3815ms
Frame 325 end
Average processing time of GrabImageRGBD(): 19.356ms
Frame 326 end
Average processing time of GrabImageRGBD(): 19.3774ms
Frame 327 end
Average processing time of GrabImageRGBD(): 19.3337ms
Frame 328 end
Average processing time of GrabImageRGBD(): 19.3096ms
Frame 329 end
Average processing time of GrabImageRGBD(): 19.2639ms
Frame 330 end
Average processing time of GrabImageRGBD(): 19.2172ms
Frame 331 end
Average processing time of GrabImageRGBD(): 19.1712ms
Frame 332 end
Average processing time of GrabImageRGBD(): 19.141ms
Frame 333 end
Average processing time of GrabImageRGBD(): 19.1731ms
Frame 334 end
Average processing time of GrabImageRGBD(): 19.1312ms
Frame 335 end
Average processing time of GrabImageRGBD(): 19.0904ms
Frame 336 end
Average processing time of GrabImageRGBD(): 19.0487ms
Frame 337 end
Average processing time of GrabImageRGBD(): 19.0074ms
Frame 338 end
Average processing time of GrabImageRGBD(): 18.9845ms
Frame 339 end
Average processing time of GrabImageRGBD(): 18.9425ms
Frame 340 end
Average processing time of GrabImageRGBD(): 18.8992ms
Frame 341 end
Average processing time of GrabImageRGBD(): 18.9448ms
Frame 342 end
Average processing time of GrabImageRGBD(): 18.9237ms
Frame 343 end
Average processing time of GrabImageRGBD(): 18.8804ms
Frame 344 end
Average processing time of GrabImageRGBD(): 18.8608ms
Frame 345 end
Average processing time of GrabImageRGBD(): 18.8181ms
Frame 346 end
Average processing time of GrabImageRGBD(): 18.777ms
Frame 347 end
Average processing time of GrabImageRGBD(): 18.7347ms
Frame 348 end
Average processing time of GrabImageRGBD(): 18.713ms
Frame 349 end
Average processing time of GrabImageRGBD(): 18.7441ms
Frame 350 end
Average processing time of GrabImageRGBD(): 18.7252ms
Frame 351 end
Average processing time of GrabImageRGBD(): 18.7046ms
Frame 352 end
Average processing time of GrabImageRGBD(): 18.6848ms
Frame 353 end
Average processing time of GrabImageRGBD(): 18.6661ms
Frame 354 end
Average processing time of GrabImageRGBD(): 18.6384ms
Frame 355 end
Average processing time of GrabImageRGBD(): 18.6178ms
Frame 356 end
Average processing time of GrabImageRGBD(): 18.5796ms
Frame 357 end
Average processing time of GrabImageRGBD(): 18.6103ms
Frame 358 end
Average processing time of GrabImageRGBD(): 18.5723ms
Frame 359 end
Average processing time of GrabImageRGBD(): 18.5393ms
Frame 360 end
Average processing time of GrabImageRGBD(): 18.5078ms
Frame 361 end
Average processing time of GrabImageRGBD(): 18.4819ms
Frame 362 end
Average processing time of GrabImageRGBD(): 18.4486ms
Frame 363 end
Average processing time of GrabImageRGBD(): 18.419ms
Frame 364 end
Average processing time of GrabImageRGBD(): 18.4589ms
Frame 365 end
Average processing time of GrabImageRGBD(): 18.427ms
Frame 366 end
Average processing time of GrabImageRGBD(): 18.393ms
Frame 367 end
Average processing time of GrabImageRGBD(): 18.3723ms
Frame 368 end
Average processing time of GrabImageRGBD(): 18.3539ms
Frame 369 end
Average processing time of GrabImageRGBD(): 18.3167ms
Frame 370 end
Average processing time of GrabImageRGBD(): 18.2779ms
Frame 371 end
Average processing time of GrabImageRGBD(): 18.3169ms
Frame 372 end
Average processing time of GrabImageRGBD(): 18.2979ms
Frame 373 end
Average processing time of GrabImageRGBD(): 18.2602ms
Frame 374 end
Average processing time of GrabImageRGBD(): 18.2247ms
Frame 375 end
Average processing time of GrabImageRGBD(): 18.2061ms
Frame 376 end
Average processing time of GrabImageRGBD(): 18.1685ms
Frame 377 end
Average processing time of GrabImageRGBD(): 18.1504ms
Frame 378 end
Average processing time of GrabImageRGBD(): 18.2027ms
Frame 379 end
Average processing time of GrabImageRGBD(): 18.1938ms
Frame 380 end
Average processing time of GrabImageRGBD(): 18.1867ms
Frame 381 end
Average processing time of GrabImageRGBD(): 18.1859ms
Frame 382 end
Average processing time of GrabImageRGBD(): 18.1873ms
Frame 383 end
Average processing time of GrabImageRGBD(): 18.184ms
Frame 384 end
Average processing time of GrabImageRGBD(): 18.1811ms
Frame 385 end
Average processing time of GrabImageRGBD(): 18.1749ms
Frame 386 end
Average processing time of GrabImageRGBD(): 18.2407ms
Frame 387 end
Average processing time of GrabImageRGBD(): 18.2357ms
Frame 388 end
Average processing time of GrabImageRGBD(): 18.2657ms
Frame 389 end
Average processing time of GrabImageRGBD(): 18.2719ms
Frame 390 end
Average processing time of GrabImageRGBD(): 18.252ms
Frame 391 end
Average processing time of GrabImageRGBD(): 18.2514ms
Frame 392 end
Average processing time of GrabImageRGBD(): 18.2397ms
Frame 393 end
Average processing time of GrabImageRGBD(): 18.2327ms
Frame 394 end
Average processing time of GrabImageRGBD(): 18.2854ms
Frame 395 end
Average processing time of GrabImageRGBD(): 18.2834ms
Frame 396 end
Average processing time of GrabImageRGBD(): 18.2784ms
Frame 397 end
Average processing time of GrabImageRGBD(): 18.2728ms
Frame 398 end
Average processing time of GrabImageRGBD(): 18.2676ms
Frame 399 end
Average processing time of GrabImageRGBD(): 18.2643ms
Frame 400 end
Average processing time of GrabImageRGBD(): 18.3084ms
Frame 401 end
Average processing time of GrabImageRGBD(): 18.3014ms
Frame 402 end
Average processing time of GrabImageRGBD(): 18.299ms
Frame 403 end
Average processing time of GrabImageRGBD(): 18.3124ms
Frame 404 end
Average processing time of GrabImageRGBD(): 18.3755ms
Frame 405 end
Average processing time of GrabImageRGBD(): 18.3781ms
Frame 406 end
Average processing time of GrabImageRGBD(): 18.3767ms
Frame 407 end
Average processing time of GrabImageRGBD(): 18.3752ms
Frame 408 end
Average processing time of GrabImageRGBD(): 18.3731ms
Frame 409 end
Average processing time of GrabImageRGBD(): 18.3657ms
Frame 410 end
Average processing time of GrabImageRGBD(): 18.3448ms
Frame 411 end
Average processing time of GrabImageRGBD(): 18.3931ms
Frame 412 end
Average processing time of GrabImageRGBD(): 18.3948ms
Frame 413 end
Average processing time of GrabImageRGBD(): 18.4074ms
Frame 414 end
Average processing time of GrabImageRGBD(): 18.4037ms
Frame 415 end
Average processing time of GrabImageRGBD(): 18.3949ms
Frame 416 end
Average processing time of GrabImageRGBD(): 18.3994ms
Frame 417 end
Average processing time of GrabImageRGBD(): 18.3932ms
Frame 418 end
Average processing time of GrabImageRGBD(): 18.3982ms
Frame 419 end
Average processing time of GrabImageRGBD(): 18.4745ms
Frame 420 end
Average processing time of GrabImageRGBD(): 18.4799ms
Frame 421 end
Average processing time of GrabImageRGBD(): 18.4832ms
Frame 422 end
Average processing time of GrabImageRGBD(): 18.4809ms
Frame 423 end
Average processing time of GrabImageRGBD(): 18.5467ms
Frame 424 end
Average processing time of GrabImageRGBD(): 18.5445ms
Frame 425 end
Average processing time of GrabImageRGBD(): 18.542ms
Frame 426 end
Average processing time of GrabImageRGBD(): 18.5226ms
Frame 427 end
Average processing time of GrabImageRGBD(): 18.6017ms
Frame 428 end
Average processing time of GrabImageRGBD(): 18.6064ms
Frame 429 end
Average processing time of GrabImageRGBD(): 18.6132ms
Frame 430 end
Average processing time of GrabImageRGBD(): 18.6046ms
Frame 431 end
Average processing time of GrabImageRGBD(): 18.5712ms
Frame 432 end
Average processing time of GrabImageRGBD(): 18.5633ms
Frame 433 end
Average processing time of GrabImageRGBD(): 18.5621ms
Frame 434 end
Average processing time of GrabImageRGBD(): 18.6439ms
Frame 435 end
Average processing time of GrabImageRGBD(): 18.6294ms
Frame 436 end
Average processing time of GrabImageRGBD(): 18.6254ms
Frame 437 end
Average processing time of GrabImageRGBD(): 18.6171ms
Frame 438 end
Average processing time of GrabImageRGBD(): 18.6002ms
Frame 439 end
Average processing time of GrabImageRGBD(): 18.5911ms
Frame 440 end
Average processing time of GrabImageRGBD(): 18.5744ms
Frame 441 end
Average processing time of GrabImageRGBD(): 18.5652ms
Frame 442 end
Average processing time of GrabImageRGBD(): 18.6201ms
Frame 443 end
Average processing time of GrabImageRGBD(): 18.6173ms
Frame 444 end
Average processing time of GrabImageRGBD(): 18.6085ms
Frame 445 end
Average processing time of GrabImageRGBD(): 18.5956ms
Frame 446 end
Average processing time of GrabImageRGBD(): 18.5832ms
Frame 447 end
Average processing time of GrabImageRGBD(): 18.5767ms
Frame 448 end
Average processing time of GrabImageRGBD(): 18.5517ms
Frame 449 end
Average processing time of GrabImageRGBD(): 18.5318ms
Frame 450 end
Average processing time of GrabImageRGBD(): 18.5137ms
Frame 451 end
Average processing time of GrabImageRGBD(): 18.5626ms
Frame 452 end
Average processing time of GrabImageRGBD(): 18.5462ms
Frame 453 end
Average processing time of GrabImageRGBD(): 18.5436ms
Frame 454 end
Average processing time of GrabImageRGBD(): 18.5379ms
Frame 455 end
Average processing time of GrabImageRGBD(): 18.5135ms
Frame 456 end
Average processing time of GrabImageRGBD(): 18.5108ms
Frame 457 end
Average processing time of GrabImageRGBD(): 18.5148ms
Frame 458 end
Average processing time of GrabImageRGBD(): 18.4919ms
Frame 459 end
Average processing time of GrabImageRGBD(): 18.4747ms
Frame 460 end
Average processing time of GrabImageRGBD(): 18.532ms
Frame 461 end
Average processing time of GrabImageRGBD(): 18.5208ms
Frame 462 end
Average processing time of GrabImageRGBD(): 18.5045ms
Frame 463 end
Average processing time of GrabImageRGBD(): 18.4953ms
Frame 464 end
Average processing time of GrabImageRGBD(): 18.473ms
Frame 465 end
Average processing time of GrabImageRGBD(): 18.4567ms
Frame 466 end
Average processing time of GrabImageRGBD(): 18.4382ms
Frame 467 end
Average processing time of GrabImageRGBD(): 18.4312ms
Frame 468 end
Average processing time of GrabImageRGBD(): 18.4091ms
Frame 469 end
Average processing time of GrabImageRGBD(): 18.3897ms
Frame 470 end
Average processing time of GrabImageRGBD(): 18.3803ms
Frame 471 end
Average processing time of GrabImageRGBD(): 18.3598ms
Frame 472 end
Average processing time of GrabImageRGBD(): 18.3335ms
Frame 473 end
Average processing time of GrabImageRGBD(): 18.304ms
Frame 474 end
Average processing time of GrabImageRGBD(): 18.2833ms
Frame 475 end
Average processing time of GrabImageRGBD(): 18.2567ms
Frame 476 end
Average processing time of GrabImageRGBD(): 18.2877ms
Frame 477 end
Average processing time of GrabImageRGBD(): 18.266ms
Frame 478 end
Average processing time of GrabImageRGBD(): 18.2372ms
Frame 479 end
Average processing time of GrabImageRGBD(): 18.2132ms
Frame 480 end
Average processing time of GrabImageRGBD(): 18.1861ms
Frame 481 end
Average processing time of GrabImageRGBD(): 18.1711ms
Frame 482 end
Average processing time of GrabImageRGBD(): 18.1518ms
Frame 483 end
Average processing time of GrabImageRGBD(): 18.1253ms
Frame 484 end
Average processing time of GrabImageRGBD(): 18.1321ms
Frame 485 end
Average processing time of GrabImageRGBD(): 18.1205ms
Frame 486 end
Average processing time of GrabImageRGBD(): 18.1654ms
Frame 487 end
Average processing time of GrabImageRGBD(): 18.1416ms
Frame 488 end
Average processing time of GrabImageRGBD(): 18.1414ms
Frame 489 end
Average processing time of GrabImageRGBD(): 18.1142ms
Frame 490 end
Average processing time of GrabImageRGBD(): 18.0877ms
Frame 491 end
Average processing time of GrabImageRGBD(): 18.0646ms
Frame 492 end
Average processing time of GrabImageRGBD(): 18.0587ms
Frame 493 end
Average processing time of GrabImageRGBD(): 18.054ms
Frame 494 end
Average processing time of GrabImageRGBD(): 18.0472ms
Frame 495 end
Average processing time of GrabImageRGBD(): 18.0957ms
Frame 496 end
Average processing time of GrabImageRGBD(): 18.1087ms
Frame 497 end
Average processing time of GrabImageRGBD(): 18.1061ms
Frame 498 end
Average processing time of GrabImageRGBD(): 18.1034ms
Frame 499 end
Average processing time of GrabImageRGBD(): 18.1009ms
Frame 500 end
Average processing time of GrabImageRGBD(): 18.1001ms
Frame 501 end
Average processing time of GrabImageRGBD(): 18.1144ms
Frame 502 end
Average processing time of GrabImageRGBD(): 18.1114ms
Frame 503 end
Average processing time of GrabImageRGBD(): 18.1621ms
Frame 504 end
Average processing time of GrabImageRGBD(): 18.1597ms
Frame 505 end
Average processing time of GrabImageRGBD(): 18.1621ms
Frame 506 end
Average processing time of GrabImageRGBD(): 18.1614ms
Frame 507 end
Average processing time of GrabImageRGBD(): 18.1581ms
Frame 508 end
Average processing time of GrabImageRGBD(): 18.1544ms
Frame 509 end
Average processing time of GrabImageRGBD(): 18.1574ms
Frame 510 end
Average processing time of GrabImageRGBD(): 18.1493ms
Frame 511 end
Average processing time of GrabImageRGBD(): 18.1442ms
Frame 512 end
Average processing time of GrabImageRGBD(): 18.2033ms
Frame 513 end
Average processing time of GrabImageRGBD(): 18.1997ms
Frame 514 end
Average processing time of GrabImageRGBD(): 18.1961ms
Frame 515 end
Average processing time of GrabImageRGBD(): 18.1894ms
Frame 516 end
Average processing time of GrabImageRGBD(): 18.1872ms
Frame 517 end
Average processing time of GrabImageRGBD(): 18.1868ms
Frame 518 end
Average processing time of GrabImageRGBD(): 18.1834ms
Frame 519 end
Average processing time of GrabImageRGBD(): 18.1805ms
Frame 520 end
Average processing time of GrabImageRGBD(): 18.1765ms
Frame 521 end
Average processing time of GrabImageRGBD(): 18.1707ms
Frame 522 end
Average processing time of GrabImageRGBD(): 18.1652ms
Frame 523 end
Average processing time of GrabImageRGBD(): 18.1697ms
Frame 524 end
Average processing time of GrabImageRGBD(): 18.1669ms
Frame 525 end
Average processing time of GrabImageRGBD(): 18.1733ms
Frame 526 end
Average processing time of GrabImageRGBD(): 18.1594ms
Frame 527 end
Average processing time of GrabImageRGBD(): 18.1984ms
Frame 528 end
Average processing time of GrabImageRGBD(): 18.1802ms
Frame 529 end
Average processing time of GrabImageRGBD(): 18.154ms
Frame 530 end
Average processing time of GrabImageRGBD(): 18.148ms
Frame 531 end
Average processing time of GrabImageRGBD(): 18.1443ms
Frame 532 end
Average processing time of GrabImageRGBD(): 18.1379ms
Frame 533 end
Average processing time of GrabImageRGBD(): 18.1306ms
Frame 534 end
Average processing time of GrabImageRGBD(): 18.1206ms
Frame 535 end
Average processing time of GrabImageRGBD(): 18.163ms
Frame 536 end
Average processing time of GrabImageRGBD(): 18.163ms
Frame 537 end
Average processing time of GrabImageRGBD(): 18.1568ms
Frame 538 end
Average processing time of GrabImageRGBD(): 18.1565ms
Frame 539 end
Average processing time of GrabImageRGBD(): 18.1554ms
Frame 540 end
Average processing time of GrabImageRGBD(): 18.1539ms
Frame 541 end
Average processing time of GrabImageRGBD(): 18.1555ms
Frame 542 end
Average processing time of GrabImageRGBD(): 18.1519ms
Frame 543 end
Average processing time of GrabImageRGBD(): 18.1534ms
Frame 544 end
Average processing time of GrabImageRGBD(): 18.1937ms
Frame 545 end
Average processing time of GrabImageRGBD(): 18.1982ms
Frame 546 end
Average processing time of GrabImageRGBD(): 18.1977ms
Frame 547 end
Average processing time of GrabImageRGBD(): 18.1939ms
Frame 548 end
Average processing time of GrabImageRGBD(): 18.1956ms
Frame 549 end
Average processing time of GrabImageRGBD(): 18.1962ms
Frame 550 end
Average processing time of GrabImageRGBD(): 18.1866ms
Frame 551 end
Average processing time of GrabImageRGBD(): 18.189ms
Frame 552 end
Average processing time of GrabImageRGBD(): 18.188ms
Frame 553 end
Average processing time of GrabImageRGBD(): 18.1867ms
Frame 554 end
Average processing time of GrabImageRGBD(): 18.1929ms
Frame 555 end
Average processing time of GrabImageRGBD(): 18.2082ms
Frame 556 end
Average processing time of GrabImageRGBD(): 18.2034ms
Frame 557 end
Average processing time of GrabImageRGBD(): 18.2471ms
Frame 558 end
Average processing time of GrabImageRGBD(): 18.2531ms
Frame 559 end
Average processing time of GrabImageRGBD(): 18.2529ms
Frame 560 end
Average processing time of GrabImageRGBD(): 18.2509ms
Frame 561 end
Average processing time of GrabImageRGBD(): 18.2453ms
Frame 562 end
Average processing time of GrabImageRGBD(): 18.2497ms
Frame 563 end
Average processing time of GrabImageRGBD(): 18.248ms
Frame 564 end
Average processing time of GrabImageRGBD(): 18.2445ms
Frame 565 end
Average processing time of GrabImageRGBD(): 18.2508ms
Frame 566 end
Average processing time of GrabImageRGBD(): 18.295ms
Frame 567 end
Average processing time of GrabImageRGBD(): 18.2995ms
Frame 568 end
Average processing time of GrabImageRGBD(): 18.3015ms
Frame 569 end
Average processing time of GrabImageRGBD(): 18.3033ms
Frame 570 end
Average processing time of GrabImageRGBD(): 18.3076ms
Frame 571 end
Average processing time of GrabImageRGBD(): 18.3152ms
Frame 572 end
Average processing time of GrabImageRGBD(): 18.3192ms
Frame 573 end
Average processing time of GrabImageRGBD(): 18.3247ms
Frame 574 end
Average processing time of GrabImageRGBD(): 18.3267ms
Frame 575 end
Average processing time of GrabImageRGBD(): 18.3746ms
Frame 576 end
Average processing time of GrabImageRGBD(): 18.3746ms
Frame 577 end
Average processing time of GrabImageRGBD(): 18.3829ms
Frame 578 end
Average processing time of GrabImageRGBD(): 18.3866ms
Frame 579 end
Average processing time of GrabImageRGBD(): 18.3909ms
Frame 580 end
Average processing time of GrabImageRGBD(): 18.3921ms
Frame 581 end
Average processing time of GrabImageRGBD(): 18.3918ms
Frame 582 end
Average processing time of GrabImageRGBD(): 18.3954ms
Frame 583 end
Average processing time of GrabImageRGBD(): 18.3987ms
Frame 584 end
Average processing time of GrabImageRGBD(): 18.4458ms
Frame 585 end
Average processing time of GrabImageRGBD(): 18.4533ms
Frame 586 end
Average processing time of GrabImageRGBD(): 18.4511ms
Frame 587 end
Average processing time of GrabImageRGBD(): 18.4519ms
Frame 588 end
Average processing time of GrabImageRGBD(): 18.4537ms
Frame 589 end
Average processing time of GrabImageRGBD(): 18.4557ms
Frame 590 end
Average processing time of GrabImageRGBD(): 18.4526ms
Frame 591 end
Average processing time of GrabImageRGBD(): 18.4552ms
Frame 592 end
Average processing time of GrabImageRGBD(): 18.4605ms
Frame 593 end
Average processing time of GrabImageRGBD(): 18.5051ms
Frame 594 end
Average processing time of GrabImageRGBD(): 18.5074ms
Frame 595 end
Average processing time of GrabImageRGBD(): 18.5108ms
Frame 596 end
Average processing time of GrabImageRGBD(): 18.5162ms
Frame 597 end
Average processing time of GrabImageRGBD(): 18.5181ms
Frame 598 end
Average processing time of GrabImageRGBD(): 18.5318ms
Frame 599 end
Average processing time of GrabImageRGBD(): 18.5389ms
Frame 600 end
Average processing time of GrabImageRGBD(): 18.5379ms
Frame 601 end
Average processing time of GrabImageRGBD(): 18.5369ms
Frame 602 end
Average processing time of GrabImageRGBD(): 18.5393ms
Frame 603 end
Average processing time of GrabImageRGBD(): 18.5391ms
Frame 604 end
Average processing time of GrabImageRGBD(): 18.539ms
Frame 605 end
Average processing time of GrabImageRGBD(): 18.5382ms
Frame 606 end
Average processing time of GrabImageRGBD(): 18.5782ms
Frame 607 end
Average processing time of GrabImageRGBD(): 18.5883ms
Frame 608 end
Average processing time of GrabImageRGBD(): 18.5928ms
Frame 609 end
Average processing time of GrabImageRGBD(): 18.5929ms
Frame 610 end
Average processing time of GrabImageRGBD(): 18.5952ms
Frame 611 end
Average processing time of GrabImageRGBD(): 18.5932ms
Frame 612 end
Average processing time of GrabImageRGBD(): 18.5962ms
Frame 613 end
Average processing time of GrabImageRGBD(): 18.5933ms
Frame 614 end
Average processing time of GrabImageRGBD(): 18.6003ms
Frame 615 end
Average processing time of GrabImageRGBD(): 18.6434ms
Frame 616 end
Average processing time of GrabImageRGBD(): 18.6478ms
Frame 617 end
Average processing time of GrabImageRGBD(): 18.6459ms
Frame 618 end
Average processing time of GrabImageRGBD(): 18.6425ms
Frame 619 end
Average processing time of GrabImageRGBD(): 18.648ms
Frame 620 end
Average processing time of GrabImageRGBD(): 18.6503ms
Frame 621 end
Average processing time of GrabImageRGBD(): 18.6475ms
Frame 622 end
Average processing time of GrabImageRGBD(): 18.6484ms
Frame 623 end
Average processing time of GrabImageRGBD(): 18.6409ms
Frame 624 end
Average processing time of GrabImageRGBD(): 18.6388ms
Frame 625 end
Average processing time of GrabImageRGBD(): 18.6771ms
Frame 626 end
Average processing time of GrabImageRGBD(): 18.6771ms
Frame 627 end
Average processing time of GrabImageRGBD(): 18.6751ms
Frame 628 end
Average processing time of GrabImageRGBD(): 18.6724ms
Frame 629 end
Average processing time of GrabImageRGBD(): 18.6661ms
Frame 630 end
Average processing time of GrabImageRGBD(): 18.6629ms
Frame 631 end
Average processing time of GrabImageRGBD(): 18.6573ms
Frame 632 end
Average processing time of GrabImageRGBD(): 18.6533ms
Frame 633 end
Average processing time of GrabImageRGBD(): 18.6474ms
Frame 634 end
Average processing time of GrabImageRGBD(): 18.6425ms
Frame 635 end
Average processing time of GrabImageRGBD(): 18.6808ms
Frame 636 end
Average processing time of GrabImageRGBD(): 18.6776ms
Frame 637 end
Average processing time of GrabImageRGBD(): 18.6704ms
Frame 638 end
Average processing time of GrabImageRGBD(): 18.6662ms
Frame 639 end
Average processing time of GrabImageRGBD(): 18.6599ms
Frame 640 end
Average processing time of GrabImageRGBD(): 18.6568ms
Frame 641 end
Average processing time of GrabImageRGBD(): 18.6524ms
Frame 642 end
Average processing time of GrabImageRGBD(): 18.6483ms
Frame 643 end
Average processing time of GrabImageRGBD(): 18.6431ms
Frame 644 end
Average processing time of GrabImageRGBD(): 18.6833ms
Frame 645 end
Average processing time of GrabImageRGBD(): 18.6873ms
Frame 646 end
Average processing time of GrabImageRGBD(): 18.6863ms
Frame 647 end
Average processing time of GrabImageRGBD(): 18.6882ms
Frame 648 end
Average processing time of GrabImageRGBD(): 18.692ms
Frame 649 end
Average processing time of GrabImageRGBD(): 18.6953ms
Frame 650 end
Average processing time of GrabImageRGBD(): 18.6934ms
Frame 651 end
Average processing time of GrabImageRGBD(): 18.6893ms
Frame 652 end
Average processing time of GrabImageRGBD(): 18.6953ms
Frame 653 end
Average processing time of GrabImageRGBD(): 18.6935ms
Frame 654 end
Average processing time of GrabImageRGBD(): 18.7396ms
Frame 655 end
Average processing time of GrabImageRGBD(): 18.7449ms
Frame 656 end
Average processing time of GrabImageRGBD(): 18.7354ms
Frame 657 end
Average processing time of GrabImageRGBD(): 18.7302ms
Frame 658 end
Average processing time of GrabImageRGBD(): 18.7207ms
Frame 659 end
Average processing time of GrabImageRGBD(): 18.725ms
Frame 660 end
Average processing time of GrabImageRGBD(): 18.7259ms
Frame 661 end
Average processing time of GrabImageRGBD(): 18.7281ms
Frame 662 end
Average processing time of GrabImageRGBD(): 18.7262ms
Frame 663 end
Average processing time of GrabImageRGBD(): 18.7279ms
Frame 664 end
Average processing time of GrabImageRGBD(): 18.7705ms
Frame 665 end
Average processing time of GrabImageRGBD(): 18.7729ms
Frame 666 end
Average processing time of GrabImageRGBD(): 18.7713ms
Frame 667 end
Average processing time of GrabImageRGBD(): 18.7743ms
Frame 668 end
Average processing time of GrabImageRGBD(): 18.7732ms
Frame 669 end
Average processing time of GrabImageRGBD(): 18.7695ms
Frame 670 end
Average processing time of GrabImageRGBD(): 18.7659ms
Frame 671 end
Average processing time of GrabImageRGBD(): 18.7604ms
Frame 672 end
Average processing time of GrabImageRGBD(): 18.7626ms
Frame 673 end
Average processing time of GrabImageRGBD(): 18.7594ms
Frame 674 end
Average processing time of GrabImageRGBD(): 18.7609ms
Frame 675 end
Average processing time of GrabImageRGBD(): 18.8036ms
Frame 676 end
Average processing time of GrabImageRGBD(): 18.8062ms
Frame 677 end
Average processing time of GrabImageRGBD(): 18.8104ms
Frame 678 end
Average processing time of GrabImageRGBD(): 18.8149ms
Frame 679 end
Average processing time of GrabImageRGBD(): 18.8205ms
Frame 680 end
Average processing time of GrabImageRGBD(): 18.8312ms
Frame 681 end
Average processing time of GrabImageRGBD(): 18.8346ms
Frame 682 end
Average processing time of GrabImageRGBD(): 18.8388ms
Frame 683 end
Average processing time of GrabImageRGBD(): 18.8359ms
Frame 684 end
Average processing time of GrabImageRGBD(): 18.835ms
Frame 685 end
Average processing time of GrabImageRGBD(): 18.8684ms
Frame 686 end
Average processing time of GrabImageRGBD(): 18.8682ms
Frame 687 end
Average processing time of GrabImageRGBD(): 18.8675ms
Frame 688 end
Average processing time of GrabImageRGBD(): 18.8672ms
Frame 689 end
Average processing time of GrabImageRGBD(): 18.8624ms
Frame 690 end
Average processing time of GrabImageRGBD(): 18.8622ms
Frame 691 end
Average processing time of GrabImageRGBD(): 18.8657ms
Frame 692 end
Average processing time of GrabImageRGBD(): 18.8692ms
Frame 693 end
Average processing time of GrabImageRGBD(): 18.8707ms
Frame 694 end
Average processing time of GrabImageRGBD(): 18.8721ms
Frame 695 end
Average processing time of GrabImageRGBD(): 18.878ms
Frame 696 end
Average processing time of GrabImageRGBD(): 18.8763ms
Frame 697 end
Average processing time of GrabImageRGBD(): 18.9185ms
Frame 698 end
Average processing time of GrabImageRGBD(): 18.9251ms
Frame 699 end
Average processing time of GrabImageRGBD(): 18.9269ms
Frame 700 end
Average processing time of GrabImageRGBD(): 18.9351ms
Frame 701 end
Average processing time of GrabImageRGBD(): 18.937ms
Frame 702 end
Average processing time of GrabImageRGBD(): 18.9434ms
Frame 703 end
Average processing time of GrabImageRGBD(): 18.9499ms
Frame 704 end
Average processing time of GrabImageRGBD(): 18.9578ms
Frame 705 end
Average processing time of GrabImageRGBD(): 18.9662ms
Frame 706 end
Average processing time of GrabImageRGBD(): 18.9675ms
Frame 707 end
Average processing time of GrabImageRGBD(): 19.0105ms
Frame 708 end
Average processing time of GrabImageRGBD(): 19.0159ms
Frame 709 end
Average processing time of GrabImageRGBD(): 19.0189ms
Frame 710 end
Average processing time of GrabImageRGBD(): 19.0223ms
Frame 711 end
Average processing time of GrabImageRGBD(): 19.0199ms
Frame 712 end
Average processing time of GrabImageRGBD(): 19.0222ms
Frame 713 end
Average processing time of GrabImageRGBD(): 19.0239ms
Frame 714 end
Average processing time of GrabImageRGBD(): 19.0279ms
Frame 715 end
Average processing time of GrabImageRGBD(): 19.0301ms
Frame 716 end
Average processing time of GrabImageRGBD(): 19.0283ms
Frame 717 end
Average processing time of GrabImageRGBD(): 19.0284ms
Frame 718 end
Average processing time of GrabImageRGBD(): 19.0277ms
Frame 719 end
Average processing time of GrabImageRGBD(): 19.0311ms
Frame 720 end
Average processing time of GrabImageRGBD(): 19.031ms
Frame 721 end
Average processing time of GrabImageRGBD(): 19.0686ms
Frame 722 end
Average processing time of GrabImageRGBD(): 19.069ms
Frame 723 end
Average processing time of GrabImageRGBD(): 19.0688ms
Frame 724 end
Average processing time of GrabImageRGBD(): 19.0722ms
Frame 725 end
Average processing time of GrabImageRGBD(): 19.0674ms
Frame 726 end
Average processing time of GrabImageRGBD(): 19.0693ms
Frame 727 end
Average processing time of GrabImageRGBD(): 19.0685ms
Frame 728 end
Average processing time of GrabImageRGBD(): 19.0744ms
Frame 729 end
Average processing time of GrabImageRGBD(): 19.0788ms
Frame 730 end
Average processing time of GrabImageRGBD(): 19.0755ms
Frame 731 end
Average processing time of GrabImageRGBD(): 19.1107ms
Frame 732 end
Average processing time of GrabImageRGBD(): 19.1133ms
Frame 733 end
Average processing time of GrabImageRGBD(): 19.1225ms
Frame 734 end
Average processing time of GrabImageRGBD(): 19.1268ms
Frame 735 end
Average processing time of GrabImageRGBD(): 19.129ms
Frame 736 end
Average processing time of GrabImageRGBD(): 19.1281ms
Frame 737 end
Average processing time of GrabImageRGBD(): 19.1353ms
Frame 738 end
Average processing time of GrabImageRGBD(): 19.1355ms
Frame 739 end
Average processing time of GrabImageRGBD(): 19.1399ms
Frame 740 end
Average processing time of GrabImageRGBD(): 19.1724ms
Frame 741 end
Average processing time of GrabImageRGBD(): 19.1782ms
Frame 742 end
Average processing time of GrabImageRGBD(): 19.183ms
Frame 743 end
Average processing time of GrabImageRGBD(): 19.1852ms
Frame 744 end
Average processing time of GrabImageRGBD(): 19.1869ms
Frame 745 end
Average processing time of GrabImageRGBD(): 19.1898ms
Frame 746 end
Average processing time of GrabImageRGBD(): 19.1868ms
Frame 747 end
Average processing time of GrabImageRGBD(): 19.1887ms
Frame 748 end
Average processing time of GrabImageRGBD(): 19.1867ms
Frame 749 end
Average processing time of GrabImageRGBD(): 19.1883ms
Frame 750 end
Average processing time of GrabImageRGBD(): 19.2232ms
Frame 751 end
Average processing time of GrabImageRGBD(): 19.2268ms
Frame 752 end
Average processing time of GrabImageRGBD(): 19.2285ms
Frame 753 end
Average processing time of GrabImageRGBD(): 19.2321ms
Frame 754 end
Average processing time of GrabImageRGBD(): 19.2326ms
Frame 755 end
Average processing time of GrabImageRGBD(): 19.2339ms
Frame 756 end
Average processing time of GrabImageRGBD(): 19.2394ms
Frame 757 end
Average processing time of GrabImageRGBD(): 19.2366ms
Frame 758 end
Average processing time of GrabImageRGBD(): 19.2352ms
Frame 759 end
Average processing time of GrabImageRGBD(): 19.2454ms
Frame 760 end
Average processing time of GrabImageRGBD(): 19.2494ms
Frame 761 end
Average processing time of GrabImageRGBD(): 19.2462ms
Frame 762 end
Average processing time of GrabImageRGBD(): 19.3001ms
Frame 763 end
Average processing time of GrabImageRGBD(): 19.3012ms
Frame 764 end
Average processing time of GrabImageRGBD(): 19.3ms
Frame 765 end
Average processing time of GrabImageRGBD(): 19.2984ms
Frame 766 end
Average processing time of GrabImageRGBD(): 19.2961ms
Frame 767 end
Average processing time of GrabImageRGBD(): 19.2958ms
Frame 768 end
Average processing time of GrabImageRGBD(): 19.2978ms
Frame 769 end
Average processing time of GrabImageRGBD(): 19.3027ms
Frame 770 end
Average processing time of GrabImageRGBD(): 19.3001ms
Frame 771 end
Average processing time of GrabImageRGBD(): 19.3024ms
Frame 772 end
Average processing time of GrabImageRGBD(): 19.3079ms
Frame 773 end
Average processing time of GrabImageRGBD(): 19.3113ms
Frame 774 end
Average processing time of GrabImageRGBD(): 19.3115ms
Frame 775 end
Average processing time of GrabImageRGBD(): 19.3127ms
Frame 776 end
Average processing time of GrabImageRGBD(): 19.3133ms
Frame 777 end
Average processing time of GrabImageRGBD(): 19.3172ms
Frame 778 end
Average processing time of GrabImageRGBD(): 19.3188ms
Frame 779 end
Average processing time of GrabImageRGBD(): 19.3599ms
Frame 780 end
Average processing time of GrabImageRGBD(): 19.3634ms
Frame 781 end
Average processing time of GrabImageRGBD(): 19.3604ms
Frame 782 end
Average processing time of GrabImageRGBD(): 19.3562ms
Frame 783 end
Average processing time of GrabImageRGBD(): 19.3547ms
Frame 784 end
Average processing time of GrabImageRGBD(): 19.3555ms
Frame 785 end
Average processing time of GrabImageRGBD(): 19.3585ms
Frame 786 end
Average processing time of GrabImageRGBD(): 19.3612ms
Frame 787 end
Average processing time of GrabImageRGBD(): 19.3598ms
Frame 788 end
Average processing time of GrabImageRGBD(): 19.37ms
Frame 789 end
Average processing time of GrabImageRGBD(): 19.3698ms
Frame 790 end
Average processing time of GrabImageRGBD(): 19.372ms
Frame 791 end
Average processing time of GrabImageRGBD(): 19.3725ms
Frame 792 end
Average processing time of GrabImageRGBD(): 19.3773ms
Frame 793 end
Average processing time of GrabImageRGBD(): 19.3778ms
Frame 794 end
Average processing time of GrabImageRGBD(): 19.3813ms
Frame 795 end
Average processing time of GrabImageRGBD(): 19.3848ms
Frame 796 end
Average processing time of GrabImageRGBD(): 19.422ms
Frame 797 end
Average processing time of GrabImageRGBD(): 19.4245ms
Frame 798 end
Average processing time of GrabImageRGBD(): 19.4238ms
Frame 799 end
Average processing time of GrabImageRGBD(): 19.4296ms
Frame 800 end
Average processing time of GrabImageRGBD(): 19.4303ms
Frame 801 end
Average processing time of GrabImageRGBD(): 19.4325ms
Frame 802 end
Average processing time of GrabImageRGBD(): 19.4323ms
Frame 803 end
Average processing time of GrabImageRGBD(): 19.4328ms
Frame 804 end
Average processing time of GrabImageRGBD(): 19.4344ms
Frame 805 end
Average processing time of GrabImageRGBD(): 19.4407ms
Frame 806 end
Average processing time of GrabImageRGBD(): 19.4473ms
Frame 807 end
Average processing time of GrabImageRGBD(): 19.446ms
Frame 808 end
Average processing time of GrabImageRGBD(): 19.463ms
Frame 809 end
Average processing time of GrabImageRGBD(): 19.4821ms
Frame 810 end
Average processing time of GrabImageRGBD(): 19.4957ms
Frame 811 end
Average processing time of GrabImageRGBD(): 19.4993ms
Frame 812 end
Average processing time of GrabImageRGBD(): 19.5005ms
Frame 813 end
Average processing time of GrabImageRGBD(): 19.499ms
Frame 814 end
Average processing time of GrabImageRGBD(): 19.5006ms
Frame 815 end
Average processing time of GrabImageRGBD(): 19.5027ms
Frame 816 end
Average processing time of GrabImageRGBD(): 19.5062ms
Frame 817 end
Average processing time of GrabImageRGBD(): 19.5086ms
Frame 818 end
Average processing time of GrabImageRGBD(): 19.5094ms
Frame 819 end
Average processing time of GrabImageRGBD(): 19.5141ms
Frame 820 end
Average processing time of GrabImageRGBD(): 19.5129ms
Frame 821 end
Average processing time of GrabImageRGBD(): 19.51ms
Frame 822 end
Average processing time of GrabImageRGBD(): 19.5098ms
Frame 823 end
Average processing time of GrabImageRGBD(): 19.5105ms
Frame 824 end
Average processing time of GrabImageRGBD(): 19.5094ms
Frame 825 end
Average processing time of GrabImageRGBD(): 19.5101ms
Frame 826 end
Shutdown
-------

median tracking time: 0.0196941
mean tracking time: 0.0211297

Saving camera trajectory to CameraTrajectory.txt ...

Saving keyframe trajectory to KeyFrameTrajectory.txt ...
