Running scope as unit: slam-author-conceptgraphs-detect-offload-smoke-01.scope
RESOURCE VARIANT: sequential GPU residency; original CUDA forwards/weights/settings retained
final text_encoder_type: bert-base-uncased
Done! Execution time of get_dataset function: 0.07 seconds
/encoder/layer/0/crossattention/self/query is tied
/encoder/layer/0/crossattention/self/key is tied
/encoder/layer/0/crossattention/self/value is tied
/encoder/layer/0/crossattention/output/dense is tied
/encoder/layer/0/crossattention/output/LayerNorm is tied
/encoder/layer/0/intermediate/dense is tied
/encoder/layer/0/output/dense is tied
/encoder/layer/0/output/LayerNorm is tied
/encoder/layer/1/crossattention/self/query is tied
/encoder/layer/1/crossattention/self/key is tied
/encoder/layer/1/crossattention/self/value is tied
/encoder/layer/1/crossattention/output/dense is tied
/encoder/layer/1/crossattention/output/LayerNorm is tied
/encoder/layer/1/intermediate/dense is tied
/encoder/layer/1/output/dense is tied
/encoder/layer/1/output/LayerNorm is tied
--------------
/home/qzl/projects/SLAM_Author_Originals/dependencies/Grounded-Segment-Anything/./ram_swin_large_14m.pth
--------------
load checkpoint from /home/qzl/projects/SLAM_Author_Originals/dependencies/Grounded-Segment-Anything/./ram_swin_large_14m.pth
vit: swin_l
ram will be used to detect classes. 
  0%|          | 0/3 [00:00<?, ?it/s]residency frame=0 RAM begin
residency frame=0 DINO begin
residency frame=0 SAM begin
residency frame=0 CLIP begin
 33%|███▎      | 1/3 [00:13<00:26, 13.25s/it]residency frame=1 RAM begin
residency frame=1 DINO begin
residency frame=1 SAM begin
residency frame=1 CLIP begin
 67%|██████▋   | 2/3 [00:25<00:12, 12.89s/it]residency frame=2 RAM begin
residency frame=2 DINO begin
residency frame=2 SAM begin
residency frame=2 CLIP begin
100%|██████████| 3/3 [00:38<00:00, 12.71s/it]100%|██████████| 3/3 [00:38<00:00, 12.80s/it]
