Using CPython 3.10.12 interpreter at: /usr/bin/python3.10
Creating virtual environment at: /home/qzl/projects/SLAM_Author_Originals/envs/downloads
Activate with: source /home/qzl/projects/SLAM_Author_Originals/envs/downloads/bin/activate
Using Python 3.10.12 environment at: /home/qzl/projects/SLAM_Author_Originals/envs/downloads
Resolved 12 packages in 3.19s
Prepared 5 packages in 851ms
Installed 12 packages in 22ms
 + beautifulsoup4==4.15.0
 + certifi==2026.7.22
 + charset-normalizer==3.5.2
 + filelock==4.0.12
 + gdown==6.4.1
 + idna==3.20
 + pysocks==1.7.1
 + requests==2.34.2
 + soupsieve==2.10
 + tqdm==4.70.1
 + typing-extensions==4.16.0
 + urllib3==2.8.0
usage: gdown [-h] [-V] [-O OUTPUT] [-q] [--proxy PROXY] [--speed SPEED]
             [--cookies FILE] [--cookies-from-browser BROWSER] [--no-cookies]
             [--no-check-certificate] [--continue] [--retries N] [--folder]
             [--json] [--format FORMAT] [--user-agent USER_AGENT]
             [--timeout SECONDS]
             url_or_id
gdown: error: unrecognized arguments: --fuzzy
